Component: Arm Compiler for Embedded 6.19 Tool: armlink [5e73cb00]

==============================================================================

Section Cross References

    main.o(.text.main) refers to zf_common_clock.o(.text.clock_init) for clock_init
    main.o(.text.main) refers to zf_common_debug.o(.text.debug_init) for debug_init
    main.o(.text.main) refers to zf_device_ips200.o(.text.ips200_init) for ips200_init
    main.o(.text.main) refers to zf_device_mt9v03x.o(.text.mt9v03x_init) for mt9v03x_init
    main.o(.text.main) refers to motor.o(.text.Motor_Init) for Motor_Init
    main.o(.text.main) refers to encoder.o(.text.Encoder_Init) for Encoder_Init
    main.o(.text.main) refers to zf_device_ips200.o(.text.ips200_clear) for ips200_clear
    main.o(.text.main) refers to auto_menu.o(.text.menu_init) for menu_init
    main.o(.text.main) refers to zf_driver_pit.o(.text.pit_init) for pit_init
    main.o(.text.main) refers to zf_common_interrupt.o(.text.interrupt_set_priority) for interrupt_set_priority
    main.o(.text.main) refers to auto_menu.o(.text.menu_adaptive_display) for menu_adaptive_display
    main.o(.text.main) refers to auto_menu.o(.text.show_process) for show_process
    main.o(.text.main) refers to picture.o(.text.image_process) for image_process
    main.o(.text.main) refers to zf_common_clock.o(.data.system_clock) for system_clock
    main.o(.ARM.exidx.text.main) refers to main.o(.text.main) for [Anonymous Symbol]
    isr.o(.text.TIM1_UP_IRQHandler) refers to isr.o(.text.OUTLINED_FUNCTION_0) for OUTLINED_FUNCTION_0
    isr.o(.ARM.exidx.text.TIM1_UP_IRQHandler) refers to isr.o(.text.TIM1_UP_IRQHandler) for [Anonymous Symbol]
    isr.o(.text.TIM2_IRQHandler) refers to encoder.o(.text.Encoder1_get) for Encoder1_get
    isr.o(.text.TIM2_IRQHandler) refers to fflti.o(.text) for __aeabi_i2f
    isr.o(.text.TIM2_IRQHandler) refers to encoder.o(.text.Encoder2_get) for Encoder2_get
    isr.o(.text.TIM2_IRQHandler) refers to pid.o(.text.increment_pid_update) for increment_pid_update
    isr.o(.text.TIM2_IRQHandler) refers to ffixi.o(.text) for __aeabi_f2iz
    isr.o(.text.TIM2_IRQHandler) refers to motor.o(.text.motor) for motor
    isr.o(.text.TIM2_IRQHandler) refers to main.o(.data.left) for left
    isr.o(.text.TIM2_IRQHandler) refers to main.o(.data.right) for right
    isr.o(.ARM.exidx.text.TIM2_IRQHandler) refers to isr.o(.text.TIM2_IRQHandler) for [Anonymous Symbol]
    isr.o(.text.TIM3_IRQHandler) refers to isr.o(.text.OUTLINED_FUNCTION_0) for OUTLINED_FUNCTION_0
    isr.o(.ARM.exidx.text.TIM3_IRQHandler) refers to isr.o(.text.TIM3_IRQHandler) for [Anonymous Symbol]
    isr.o(.text.TIM4_IRQHandler) refers to isr.o(.text.OUTLINED_FUNCTION_0) for OUTLINED_FUNCTION_0
    isr.o(.ARM.exidx.text.TIM4_IRQHandler) refers to isr.o(.text.TIM4_IRQHandler) for [Anonymous Symbol]
    isr.o(.text.TIM5_IRQHandler) refers to isr.o(.text.OUTLINED_FUNCTION_0) for OUTLINED_FUNCTION_0
    isr.o(.ARM.exidx.text.TIM5_IRQHandler) refers to isr.o(.text.TIM5_IRQHandler) for [Anonymous Symbol]
    isr.o(.text.TIM6_IRQHandler) refers to zf_driver_encoder.o(.text.encoder_get_count) for encoder_get_count
    isr.o(.text.TIM6_IRQHandler) refers to zf_driver_encoder.o(.text.encoder_clear_count) for encoder_clear_count
    isr.o(.text.TIM6_IRQHandler) refers to isr.o(.text.OUTLINED_FUNCTION_1) for OUTLINED_FUNCTION_1
    isr.o(.text.TIM6_IRQHandler) refers to encoder.o(.bss.encoder1) for encoder1
    isr.o(.text.TIM6_IRQHandler) refers to encoder.o(.bss.encoder2) for encoder2
    isr.o(.ARM.exidx.text.TIM6_IRQHandler) refers to isr.o(.text.TIM6_IRQHandler) for [Anonymous Symbol]
    isr.o(.text.TIM7_IRQHandler) refers to isr.o(.text.OUTLINED_FUNCTION_0) for OUTLINED_FUNCTION_0
    isr.o(.ARM.exidx.text.TIM7_IRQHandler) refers to isr.o(.text.TIM7_IRQHandler) for [Anonymous Symbol]
    isr.o(.text.TIM8_UP_IRQHandler) refers to zf_device_tsl1401.o(.text.tsl1401_collect_pit_handler) for tsl1401_collect_pit_handler
    isr.o(.text.TIM8_UP_IRQHandler) refers to isr.o(.text.OUTLINED_FUNCTION_1) for OUTLINED_FUNCTION_1
    isr.o(.ARM.exidx.text.TIM8_UP_IRQHandler) refers to isr.o(.text.TIM8_UP_IRQHandler) for [Anonymous Symbol]
    isr.o(.ARM.exidx.text.UART1_IRQHandler) refers to isr.o(.text.UART1_IRQHandler) for [Anonymous Symbol]
    isr.o(.text.UART2_IRQHandler) refers to isr.o(.text.OUTLINED_FUNCTION_3) for OUTLINED_FUNCTION_3
    isr.o(.text.UART2_IRQHandler) refers to zf_device_gps_tau1201.o(.text.gps_uart_callback) for gps_uart_callback
    isr.o(.text.UART2_IRQHandler) refers to isr.o(.text.OUTLINED_FUNCTION_2) for OUTLINED_FUNCTION_2
    isr.o(.ARM.exidx.text.UART2_IRQHandler) refers to isr.o(.text.UART2_IRQHandler) for [Anonymous Symbol]
    isr.o(.ARM.exidx.text.UART3_IRQHandler) refers to isr.o(.text.UART3_IRQHandler) for [Anonymous Symbol]
    isr.o(.ARM.exidx.text.UART4_IRQHandler) refers to isr.o(.text.UART4_IRQHandler) for [Anonymous Symbol]
[...]
    _printf_d                                0x00000000   Number         0  printfstubs.o ABSOLUTE
    _printf_e                                0x00000000   Number         0  printfstubs.o ABSOLUTE
    _printf_f                                0x00000000   Number         0  printfstubs.o ABSOLUTE
    _printf_flags                            0x00000000   Number         0  printfstubs.o ABSOLUTE
    _printf_fp_dec                           0x00000000   Number         0  printfstubs.o ABSOLUTE
    _printf_fp_hex                           0x00000000   Number         0  printfstubs.o ABSOLUTE
    _printf_g                                0x00000000   Number         0  printfstubs.o ABSOLUTE
    _printf_i                                0x00000000   Number         0  printfstubs.o ABSOLUTE
    _printf_int_dec                          0x00000000   Number         0  printfstubs.o ABSOLUTE
    _printf_l                                0x00000000   Number         0  printfstubs.o ABSOLUTE
    _printf_lc                               0x00000000   Number         0  printfstubs.o ABSOLUTE
    _printf_ll                               0x00000000   Number         0  printfstubs.o ABSOLUTE
    _printf_lld                              0x00000000   Number         0  printfstubs.o ABSOLUTE
    _printf_lli                              0x00000000   Number         0  printfstubs.o ABSOLUTE
    _printf_llo                              0x00000000   Number         0  printfstubs.o ABSOLUTE
    _printf_llu                              0x00000000   Number         0  printfstubs.o ABSOLUTE
    _printf_llx                              0x00000000   Number         0  printfstubs.o ABSOLUTE
    _printf_longlong_dec                     0x00000000   Number         0  printfstubs.o ABSOLUTE
    _printf_longlong_hex                     0x00000000   Number         0  printfstubs.o ABSOLUTE
    _printf_longlong_oct                     0x00000000   Number         0  printfstubs.o ABSOLUTE
    _printf_ls                               0x00000000   Number         0  printfstubs.o ABSOLUTE
    _printf_mbtowc                           0x00000000   Number         0  printfstubs.o ABSOLUTE
    _printf_n                                0x00000000   Number         0  printfstubs.o ABSOLUTE
    _printf_o                                0x00000000   Number         0  printfstubs.o ABSOLUTE
    _printf_p                                0x00000000   Number         0  printfstubs.o ABSOLUTE
    _printf_percent                          0x00000000   Number         0  printfstubs.o ABSOLUTE
    _printf_pre_padding                      0x00000000   Number         0  printfstubs.o ABSOLUTE
    _printf_return_value                     0x00000000   Number         0  printfstubs.o ABSOLUTE
    _printf_s                                0x00000000   Number         0  printfstubs.o ABSOLUTE
    _printf_sizespec                         0x00000000   Number         0  printfstubs.o ABSOLUTE
    _printf_str                              0x00000000   Number         0  printfstubs.o ABSOLUTE
    _printf_truncate_signed                  0x00000000   Number         0  printfstubs.o ABSOLUTE
    _printf_truncate_unsigned                0x00000000   Number         0  printfstubs.o ABSOLUTE
    _printf_u                                0x00000000   Number         0  printfstubs.o ABSOLUTE
    _printf_wc                               0x00000000   Number         0  printfstubs.o ABSOLUTE
    _printf_wctomb                           0x00000000   Number         0  printfstubs.o ABSOLUTE
    _printf_widthprec                        0x00000000   Number         0  printfstubs.o ABSOLUTE
    _printf_x                                0x00000000   Number         0  printfstubs.o ABSOLUTE
    __cpp_initialize__aeabi_                  - Undefined Weak Reference
    __cxa_finalize                            - Undefined Weak Reference
    _clock_init                               - Undefined Weak Reference
    _microlib_exit                            - Undefined Weak Reference
    __Vectors_Size                           0x00000190   Number         0  startup_mm32f3277g.o ABSOLUTE
    __Vectors                                0x08000000   Data           4  startup_mm32f3277g.o(RESET)
    __Vectors_End                            0x08000190   Data           0  startup_mm32f3277g.o(RESET)
    __main                                   0x08000401   Thumb Code     0  entry.o(.ARM.Collect$$$$00000000)
    _main_stk                                0x08000401   Thumb Code     0  entry4.o(.ARM.Collect$$$$00000003)
    _main_scatterload                        0x08000405   Thumb Code     0  entry5.o(.ARM.Collect$$$$00000004)
    __main_after_scatterload                 0x08000409   Thumb Code     0  entry5.o(.ARM.Collect$$$$00000004)
    _main_clock                              0x08000409   Thumb Code     0  entry7b.o(.ARM.Collect$$$$00000008)
    _main_cpp_init                           0x08000409   Thumb Code     0  entry8b.o(.ARM.Collect$$$$0000000A)
    _main_init                               0x08000409   Thumb Code     0  entry9a.o(.ARM.Collect$$$$0000000B)
    __rt_final_cpp                           0x08000411   Thumb Code     0  entry10a.o(.ARM.Collect$$$$0000000D)
    __rt_final_exit                          0x08000411   Thumb Code     0  entry11a.o(.ARM.Collect$$$$0000000F)
    Reset_Handler                            0x08000415   Thumb Code     8  startup_mm32f3277g.o(.text)
    NMI_Handler                              0x0800041d   Thumb Code     2  startup_mm32f3277g.o(.text)
    HardFault_Handler                        0x0800041f   Thumb Code     2  startup_mm32f3277g.o(.text)
    MemManage_Handler                        0x08000421   Thumb Code     2  startup_mm32f3277g.o(.text)
    BusFault_Handler                         0x08000423   Thumb Code     2  startup_mm32f3277g.o(.text)
    UsageFault_Handler                       0x08000425   Thumb Code     2  startup_mm32f3277g.o(.text)
    SVC_Handler                              0x08000427   Thumb Code     2  startup_mm32f3277g.o(.text)
    DebugMon_Handler                         0x08000429   Thumb Code     2  startup_mm32f3277g.o(.text)
    PendSV_Handler                           0x0800042b   Thumb Code     2  startup_mm32f3277g.o(.text)
    SysTick_Handler                          0x0800042d   Thumb Code     2  startup_mm32f3277g.o(.text)
    ADC1_2_IRQHandler                        0x0800042f   Thumb Code     0  startup_mm32f3277g.o(.text)
    ADC3_IRQHandler                          0x0800042f   Thumb Code     0  startup_mm32f3277g.o(.text)
    CAN1_RX_IRQHandler                       0x0800042f   Thumb Code     0  startup_mm32f3277g.o(.text)
    COMP1_2_IRQHandler                       0x0800042f   Thumb Code     0  startup_mm32f3277g.o(.text)
    ETH_IRQHandler                           0x0800042f   Thumb Code     0  startup_mm32f3277g.o(.text)
    FLASH_IRQHandler                         0x0800042f   Thumb Code     0  startup_mm32f3277g.o(.text)
    FlashCache_IRQHandler                    0x0800042f   Thumb Code     0  startup_mm32f3277g.o(.text)
    I2C1_IRQHandler                          0x0800042f   Thumb Code     0  startup_mm32f3277g.o(.text)
    I2C2_IRQHandler                          0x0800042f   Thumb Code     0  startup_mm32f3277g.o(.text)
    OTG_FS_IRQHandler                        0x0800042f   Thumb Code     0  startup_mm32f3277g.o(.text)
    OTG_FS_WKUP_IRQHandler                   0x0800042f   Thumb Code     0  startup_mm32f3277g.o(.text)
    PVD_IRQHandler                           0x0800042f   Thumb Code     0  startup_mm32f3277g.o(.text)
    RCC_CRS_IRQHandler                       0x0800042f   Thumb Code     0  startup_mm32f3277g.o(.text)
    RTCAlarm_IRQHandler                      0x0800042f   Thumb Code     0  startup_mm32f3277g.o(.text)
    RTC_IRQHandler                           0x0800042f   Thumb Code     0  startup_mm32f3277g.o(.text)
    SDIO_IRQHandler                          0x0800042f   Thumb Code     0  startup_mm32f3277g.o(.text)
    SPI1_IRQHandler                          0x0800042f   Thumb Code     0  startup_mm32f3277g.o(.text)
    SPI2_IRQHandler                          0x0800042f   Thumb Code     0  startup_mm32f3277g.o(.text)
    SPI3_IRQHandler                          0x0800042f   Thumb Code     0  startup_mm32f3277g.o(.text)
    TAMPER_IRQHandler                        0x0800042f   Thumb Code     0  startup_mm32f3277g.o(.text)
    TIM1_BRK_IRQHandler                      0x0800042f   Thumb Code     0  startup_mm32f3277g.o(.text)
    TIM1_CC_IRQHandler                       0x0800042f   Thumb Code     0  startup_mm32f3277g.o(.text)
    TIM1_TRG_COM_IRQHandler                  0x0800042f   Thumb Code     0  startup_mm32f3277g.o(.text)
    TIM8_BRK_IRQHandler                      0x0800042f   Thumb Code     0  startup_mm32f3277g.o(.text)
    TIM8_CC_IRQHandler                       0x0800042f   Thumb Code     0  startup_mm32f3277g.o(.text)
    TIM8_TRG_COM_IRQHandler                  0x0800042f   Thumb Code     0  startup_mm32f3277g.o(.text)
    WWDG_IRQHandler                          0x0800042f   Thumb Code     0  startup_mm32f3277g.o(.text)
    rand                                     0x08000439   Thumb Code    20  rand.o(.text)
    srand                                    0x0800044d   Thumb Code     6  rand.o(.text)
    __aeabi_memcpy                           0x0800045d   Thumb Code    36  memcpya.o(.text)
    __aeabi_memcpy4                          0x0800045d   Thumb Code     0  memcpya.o(.text)
    __aeabi_memcpy8                          0x0800045d   Thumb Code     0  memcpya.o(.text)
    __aeabi_memset                           0x08000481   Thumb Code    14  memseta.o(.text)
    __aeabi_memset4                          0x08000481   Thumb Code     0  memseta.o(.text)
    __aeabi_memset8                          0x08000481   Thumb Code     0  memseta.o(.text)
    __aeabi_memclr                           0x0800048f   Thumb Code     4  memseta.o(.text)
    __aeabi_memclr4                          0x0800048f   Thumb Code     0  memseta.o(.text)
    __aeabi_memclr8                          0x0800048f   Thumb Code     0  memseta.o(.text)
    _memset$wrapper                          0x08000493   Thumb Code    18  memseta.o(.text)
    strlen                                   0x080004a5   Thumb Code    14  strlen.o(.text)
    memcmp                                   0x080004b3   Thumb Code    26  memcmp.o(.text)
    strcpy                                   0x080004cd   Thumb Code    18  strcpy.o(.text)
    __aeabi_fadd                             0x080004df   Thumb Code   164  fadd.o(.text)
    __aeabi_fsub                             0x08000583   Thumb Code     6  fadd.o(.text)
    __aeabi_frsub                            0x08000589   Thumb Code     6  fadd.o(.text)
    __aeabi_fmul                             0x0800058f   Thumb Code   100  fmul.o(.text)
    __aeabi_fdiv                             0x080005f3   Thumb Code   124  fdiv.o(.text)
    __aeabi_dadd                             0x0800066f   Thumb Code   322  dadd.o(.text)
    __aeabi_dsub                             0x080007b1   Thumb Code     6  dadd.o(.text)
    __aeabi_drsub                            0x080007b7   Thumb Code     6  dadd.o(.text)
    __aeabi_dmul                             0x080007bd   Thumb Code   228  dmul.o(.text)
    __aeabi_ddiv                             0x080008a1   Thumb Code   222  ddiv.o(.text)
    __aeabi_fcmple                           0x0800097f   Thumb Code    28  fcmple.o(.text)
    __aeabi_fcmplt                           0x0800099b   Thumb Code    28  fcmplt.o(.text)
    __aeabi_fcmpge                           0x080009b7   Thumb Code    28  fcmpge.o(.text)
    __aeabi_fcmpgt                           0x080009d3   Thumb Code    28  fcmpgt.o(.text)
    __aeabi_fcmpeq                           0x080009ef   Thumb Code    28  fcmpeq.o(.text)
    __aeabi_dcmpge                           0x08000a0b   Thumb Code    54  dcmpge.o(.text)
    __aeabi_dcmpgt                           0x08000a41   Thumb Code    54  dcmpgt.o(.text)
    __aeabi_i2f                              0x08000a77   Thumb Code    18  fflti.o(.text)
    __aeabi_ui2f                             0x08000a89   Thumb Code    10  ffltui.o(.text)
    __aeabi_i2d                              0x08000a93   Thumb Code    34  dflti.o(.text)
    __aeabi_f2iz                             0x08000ab5   Thumb Code    50  ffixi.o(.text)
    __aeabi_d2iz                             0x08000ae7   Thumb Code    62  dfixi.o(.text)
    __aeabi_f2d                              0x08000b25   Thumb Code    38  f2d.o(.text)
    __aeabi_d2f                              0x08000b4b   Thumb Code    56  d2f.o(.text)
    __aeabi_uidiv                            0x08000b83   Thumb Code     0  uidiv.o(.text)
    __aeabi_uidivmod                         0x08000b83   Thumb Code    44  uidiv.o(.text)
    __aeabi_llsl                             0x08000baf   Thumb Code    30  llshl.o(.text)
    _ll_shift_l                              0x08000baf   Thumb Code     0  llshl.o(.text)
    __aeabi_llsr                             0x08000bcd   Thumb Code    32  llushr.o(.text)
    _ll_ushift_r                             0x08000bcd   Thumb Code     0  llushr.o(.text)
    __aeabi_lasr                             0x08000bed   Thumb Code    36  llsshr.o(.text)
    _ll_sshift_r                             0x08000bed   Thumb Code     0  llsshr.o(.text)
    __I$use$fp                               0x08000c11   Thumb Code     0  iusefp.o(.text)
    _float_round                             0x08000c11   Thumb Code    18  fepilogue.o(.text)
    _float_epilogue                          0x08000c23   Thumb Code    92  fepilogue.o(.text)
    _double_round                            0x08000c7f   Thumb Code    30  depilogue.o(.text)
    _double_epilogue                         0x08000c9d   Thumb Code   156  depilogue.o(.text)
    __scatterload                            0x08000d39   Thumb Code    28  init.o(.text)
    __scatterload_rt2                        0x08000d39   Thumb Code     0  init.o(.text)
    __decompress                             0x08000d5d   Thumb Code     0  __dczerorl2.o(.text)
    __decompress1                            0x08000d5d   Thumb Code    86  __dczerorl2.o(.text)
    DMA1_Channel1_IRQHandler                 0x08000db5   Thumb Code    20  isr.o(.text.DMA1_Channel1_IRQHandler)
    DMA1_Channel2_IRQHandler                 0x08000dc9   Thumb Code    20  isr.o(.text.DMA1_Channel2_IRQHandler)
    DMA1_Channel3_IRQHandler                 0x08000ddd   Thumb Code    20  isr.o(.text.DMA1_Channel3_IRQHandler)
    DMA1_Channel4_IRQHandler                 0x08000df1   Thumb Code    28  isr.o(.text.DMA1_Channel4_IRQHandler)
    DMA1_Channel5_IRQHandler                 0x08000e11   Thumb Code    20  isr.o(.text.DMA1_Channel5_IRQHandler)
    DMA1_Channel6_IRQHandler                 0x08000e25   Thumb Code    20  isr.o(.text.DMA1_Channel6_IRQHandler)
    DMA1_Channel7_IRQHandler                 0x08000e39   Thumb Code    20  isr.o(.text.DMA1_Channel7_IRQHandler)
    DMA2_Channel1_IRQHandler                 0x08000e51   Thumb Code    20  isr.o(.text.DMA2_Channel1_IRQHandler)
    DMA2_Channel2_IRQHandler                 0x08000e65   Thumb Code    20  isr.o(.text.DMA2_Channel2_IRQHandler)
    DMA2_Channel3_IRQHandler                 0x08000e79   Thumb Code    20  isr.o(.text.DMA2_Channel3_IRQHandler)
    DMA2_Channel4_IRQHandler                 0x08000e8d   Thumb Code    20  isr.o(.text.DMA2_Channel4_IRQHandler)
    DMA2_Channel5_IRQHandler                 0x08000ea1   Thumb Code    20  isr.o(.text.DMA2_Channel5_IRQHandler)
    EXTI0_IRQHandler                         0x08000eb9   Thumb Code    12  isr.o(.text.EXTI0_IRQHandler)
    EXTI15_10_IRQHandler                     0x08000ec5   Thumb Code   100  isr.o(.text.EXTI15_10_IRQHandler)
    EXTI1_IRQHandler                         0x08000f29   Thumb Code    12  isr.o(.text.EXTI1_IRQHandler)
    EXTI2_IRQHandler                         0x08000f35   Thumb Code    12  isr.o(.text.EXTI2_IRQHandler)
    EXTI3_IRQHandler                         0x08000f41   Thumb Code    12  isr.o(.text.EXTI3_IRQHandler)
    EXTI4_IRQHandler                         0x08000f4d   Thumb Code    20  isr.o(.text.EXTI4_IRQHandler)
    EXTI9_5_IRQHandler                       0x08000f61   Thumb Code    84  isr.o(.text.EXTI9_5_IRQHandler)
    Encoder1_get                             0x08000fbd   Thumb Code     8  encoder.o(.text.Encoder1_get)
    Encoder2_get                             0x08000fc9   Thumb Code     8  encoder.o(.text.Encoder2_get)
    Encoder_Init                             0x08000fd5   Thumb Code    34  encoder.o(.text.Encoder_Init)
    FUN_INIT                                 0x08000ff9   Thumb Code    36  auto_menu.o(.text.FUN_INIT)
    Get_image                                0x08001059   Thumb Code    72  picture.o(.text.Get_image)
    Motor_Init                               0x080010a5   Thumb Code    44  motor.o(.text.Motor_Init)
    Motor_SetLeftSpeed                       0x080010d1   Thumb Code    64  motor.o(.text.Motor_SetLeftSpeed)
    Motor_SetRightSpeed                      0x08001115   Thumb Code    48  motor.o(.text.Motor_SetRightSpeed)
    NULL_FUN                                 0x08001149   Thumb Code     2  auto_menu.o(.text.NULL_FUN)
    SystemInit                               0x0800149d   Thumb Code     8  system_mm32f3277g.o(.text.SystemInit)
    TIM1_UP_IRQHandler                       0x080014a9   Thumb Code     8  isr.o(.text.TIM1_UP_IRQHandler)
    TIM2_IRQHandler                          0x080014b5   Thumb Code    76  isr.o(.text.TIM2_IRQHandler)
    TIM3_IRQHandler                          0x08001505   Thumb Code     8  isr.o(.text.TIM3_IRQHandler)
    TIM4_IRQHandler                          0x08001511   Thumb Code     8  isr.o(.text.TIM4_IRQHandler)
    TIM5_IRQHandler                          0x0800151d   Thumb Code     8  isr.o(.text.TIM5_IRQHandler)
    TIM6_IRQHandler                          0x08001529   Thumb Code    40  isr.o(.text.TIM6_IRQHandler)
    TIM7_IRQHandler                          0x0800155d   Thumb Code     8  isr.o(.text.TIM7_IRQHandler)
    TIM8_UP_IRQHandler                       0x08001569   Thumb Code    12  isr.o(.text.TIM8_UP_IRQHandler)
    UART1_IRQHandler                         0x08001579   Thumb Code    32  isr.o(.text.UART1_IRQHandler)
    UART2_IRQHandler                         0x0800159d   Thumb Code    32  isr.o(.text.UART2_IRQHandler)
    UART3_IRQHandler                         0x080015c1   Thumb Code    32  isr.o(.text.UART3_IRQHandler)
    UART4_IRQHandler                         0x080015e5   Thumb Code    32  isr.o(.text.UART4_IRQHandler)
    UART5_IRQHandler                         0x08001609   Thumb Code    32  isr.o(.text.UART5_IRQHandler)
    UART6_IRQHandler                         0x0800162d   Thumb Code    32  isr.o(.text.UART6_IRQHandler)
    UART7_IRQHandler                         0x08001655   Thumb Code    32  isr.o(.text.UART7_IRQHandler)
    UART8_IRQHandler                         0x08001679   Thumb Code    32  isr.o(.text.UART8_IRQHandler)
    UNIT_SET                                 0x080016a1   Thumb Code    84  auto_menu.o(.text.UNIT_SET)
    adc_convert                              0x0800175d   Thumb Code    60  zf_driver_adc.o(.text.adc_convert)
    afio_init                                0x080017a1   Thumb Code    92  zf_driver_gpio.o(.text.afio_init)
    assist_menu                              0x08001805   Thumb Code   204  auto_menu.o(.text.assist_menu)
    button_entry                             0x080018d1   Thumb Code   228  key.o(.text.button_entry)
    camera_fifo_init                         0x080019cd   Thumb Code    16  zf_device_camera.o(.text.camera_fifo_init)
    camera_init                              0x080019e1   Thumb Code    84  zf_device_camera.o(.text.camera_init)
    center_menu                              0x08001a39   Thumb Code   296  auto_menu.o(.text.center_menu)
    change_value                             0x08001b75   Thumb Code   320  auto_menu.o(.text.change_value)
    clock_init                               0x08001ccd   Thumb Code   436  zf_common_clock.o(.text.clock_init)
    dad_name_init                            0x08001eb9   Thumb Code   128  auto_menu.o(.text.dad_name_init)
    day_night                                0x08001f41   Thumb Code    68  auto_menu.o(.text.day_night)
    debug_assert_handler                     0x08001f99   Thumb Code   184  zf_common_debug.o(.text.debug_assert_handler)
    debug_init                               0x08002071   Thumb Code    60  zf_common_debug.o(.text.debug_init)
    debug_log_handler                        0x080020b1   Thumb Code    32  zf_common_debug.o(.text.debug_log_handler)
    debug_output_init                        0x08002325   Thumb Code    36  zf_common_debug.o(.text.debug_output_init)
    debug_output_struct_init                 0x0800234d   Thumb Code    22  zf_common_debug.o(.text.debug_output_struct_init)
    dl1a_get_distance                        0x0800236d   Thumb Code    84  zf_device_dl1a.o(.text.dl1a_get_distance)
    dl1a_int_handler                         0x080023c9   Thumb Code     4  zf_device_dl1a.o(.text.dl1a_int_handler)
    dm1xa_light_callback                     0x080023cd   Thumb Code    24  zf_device_dm1xa.o(.text.dm1xa_light_callback)
    dm1xa_sound_callback                     0x080023e5   Thumb Code   124  zf_device_dm1xa.o(.text.dm1xa_sound_callback)
    dma_camera_init                          0x08002475   Thumb Code    92  zf_driver_dma.o(.text.dma_camera_init)
    dma_disable                              0x080024f5   Thumb Code    20  zf_driver_dma.o(.text.dma_disable)
    dma_enable                               0x08002509   Thumb Code    20  zf_driver_dma.o(.text.dma_enable)
    dma_set_count                            0x0800251d   Thumb Code    28  zf_driver_dma.o(.text.dma_set_count)
    encoder_clear_count                      0x0800253d   Thumb Code    60  zf_driver_encoder.o(.text.encoder_clear_count)
    encoder_get_count                        0x0800257d   Thumb Code    88  zf_driver_encoder.o(.text.encoder_get_count)
    encoder_quad_init                        0x080025dd   Thumb Code   156  zf_driver_encoder.o(.text.encoder_quad_init)
    exti_init                                0x08002685   Thumb Code   268  zf_driver_exti.o(.text.exti_init)
    fifo_clear                               0x080027ad   Thumb Code    88  zf_common_fifo.o(.text.fifo_clear)
    fifo_init                                0x08002829   Thumb Code    52  zf_common_fifo.o(.text.fifo_init)
    fifo_read_buffer                         0x0800285d   Thumb Code   260  zf_common_fifo.o(.text.fifo_read_buffer)
    fifo_used                                0x08002961   Thumb Code    28  zf_common_fifo.o(.text.fifo_used)
    fifo_write_buffer                        0x0800297d   Thumb Code   264  zf_common_fifo.o(.text.fifo_write_buffer)
    fifo_write_element                       0x08002a85   Thumb Code   108  zf_common_fifo.o(.text.fifo_write_element)
    fputc                                    0x08002af5   Thumb Code    24  zf_common_debug.o(.text.fputc)
    fun_init                                 0x08002b11   Thumb Code   216  auto_menu.o(.text.fun_init)
    fun_menu                                 0x08002bf1   Thumb Code    28  auto_menu.o(.text.fun_menu)
    func_float_to_str                        0x08002c11   Thumb Code   280  zf_common_function.o(.text.func_float_to_str)
    func_get_greatest_common_divisor         0x08002d2d   Thumb Code    18  zf_common_function.o(.text.func_get_greatest_common_divisor)
    func_int_to_str                          0x08002d41   Thumb Code   100  zf_common_function.o(.text.func_int_to_str)
    func_uint_to_str                         0x08002da5   Thumb Code    80  zf_common_function.o(.text.func_uint_to_str)
    get_left                                 0x08002df9   Thumb Code    56  picture.o(.text.get_left)
    get_right                                0x08002e39   Thumb Code    56  picture.o(.text.get_right)
    get_start_point                          0x08002e79   Thumb Code   156  picture.o(.text.get_start_point)
    go                                       0x08002f1d   Thumb Code    52  auto_menu.o(.text.go)
    gpio_get_level                           0x08002f59   Thumb Code    28  zf_driver_gpio.o(.text.gpio_get_level)
    gpio_init                                0x08002f75   Thumb Code   132  zf_driver_gpio.o(.text.gpio_init)
    gpio_set_level                           0x08002ffd   Thumb Code    40  zf_driver_gpio.o(.text.gpio_set_level)
    gps_uart_callback                        0x08003029   Thumb Code   156  zf_device_gps_tau1201.o(.text.gps_uart_callback)
    image_draw_rectan                        0x080030d9   Thumb Code    46  picture.o(.text.image_draw_rectan)
    image_filter                             0x08003107   Thumb Code   124  picture.o(.text.image_filter)
    image_process                            0x08003185   Thumb Code   276  picture.o(.text.image_process)
    increment_pid_update                     0x080032c1   Thumb Code   128  pid.o(.text.increment_pid_update)
    index_xy_init                            0x08003349   Thumb Code   108  auto_menu.o(.text.index_xy_init)
    interrupt_disable                        0x080033c1   Thumb Code    40  zf_common_interrupt.o(.text.interrupt_disable)
    interrupt_enable                         0x080033ed   Thumb Code    32  zf_common_interrupt.o(.text.interrupt_enable)
    interrupt_global_disable                 0x08003411   Thumb Code    16  zf_common_interrupt.o(.text.interrupt_global_disable)
    interrupt_init                           0x08003425   Thumb Code    20  zf_common_interrupt.o(.text.interrupt_init)
    interrupt_set_priority                   0x08003441   Thumb Code    24  zf_common_interrupt.o(.text.interrupt_set_priority)
    ips200_clear                             0x08003461   Thumb Code   112  zf_device_ips200.o(.text.ips200_clear)
    ips200_draw_point                        0x080034d1   Thumb Code   124  zf_device_ips200.o(.text.ips200_draw_point)
    ips200_init                              0x08003551   Thumb Code   668  zf_device_ips200.o(.text.ips200_init)
    ips200_set_color                         0x08003809   Thumb Code     8  zf_device_ips200.o(.text.ips200_set_color)
    ips200_set_dir                           0x08003815   Thumb Code    28  zf_device_ips200.o(.text.ips200_set_dir)
    ips200_show_char                         0x080038f1   Thumb Code   332  zf_device_ips200.o(.text.ips200_show_char)
    ips200_show_float                        0x08003a49   Thumb Code   268  zf_device_ips200.o(.text.ips200_show_float)
    ips200_show_gray_image                   0x08003b61   Thumb Code   252  zf_device_ips200.o(.text.ips200_show_gray_image)
    ips200_show_int                          0x08003c69   Thumb Code   164  zf_device_ips200.o(.text.ips200_show_int)
    ips200_show_string                       0x08003d0d   Thumb Code   124  zf_device_ips200.o(.text.ips200_show_string)
    ips200_show_uint                         0x08003d91   Thumb Code   164  zf_device_ips200.o(.text.ips200_show_uint)
    is_first_in_page                         0x08003f1d   Thumb Code    28  auto_menu.o(.text.is_first_in_page)
    is_menu_clear                            0x08003f39   Thumb Code    40  auto_menu.o(.text.is_menu_clear)
    key_into                                 0x08003f65   Thumb Code    40  key.o(.text.key_into)
    main                                     0x08003f91   Thumb Code    84  main.o(.text.main)
    menu_adaptive_display                    0x08003fed   Thumb Code   132  auto_menu.o(.text.menu_adaptive_display)
    menu_init                                0x080040a1   Thumb Code    32  auto_menu.o(.text.menu_init)
    motor                                    0x080040c1   Thumb Code    20  motor.o(.text.motor)
    mt9v03x_get_version                      0x080040e9   Thumb Code    72  zf_device_mt9v03x.o(.text.mt9v03x_get_version)
    mt9v03x_init                             0x08004135   Thumb Code   500  zf_device_mt9v03x.o(.text.mt9v03x_init)
    mt9v03x_set_config_sccb                  0x080043c1   Thumb Code  2478  zf_device_config.o(.text.mt9v03x_set_config_sccb)
    otsuThreshold                            0x08004dfd   Thumb Code   416  picture.o(.text.otsuThreshold)
    pit_init                                 0x08004fa5   Thumb Code   164  zf_driver_pit.o(.text.pit_init)
    pwm_init                                 0x08005061   Thumb Code   356  zf_driver_pwm.o(.text.pwm_init)
    pwm_set_duty                             0x080051cd   Thumb Code   176  zf_driver_pwm.o(.text.pwm_set_duty)
    rand_color                               0x08005289   Thumb Code    48  auto_menu.o(.text.rand_color)
    search_l_r                               0x080052c5   Thumb Code   892  picture.o(.text.search_l_r)
    set_camera_type                          0x0800568d   Thumb Code    36  zf_device_type.o(.text.set_camera_type)
    show_menu                                0x080056bd   Thumb Code    20  auto_menu.o(.text.show_menu)
    show_process                             0x080056d1   Thumb Code    92  auto_menu.o(.text.show_process)
    soft_iic_init                            0x08005731   Thumb Code    88  zf_driver_soft_iic.o(.text.soft_iic_init)
    soft_iic_read_8bit_registers             0x08005789   Thumb Code   100  zf_driver_soft_iic.o(.text.soft_iic_read_8bit_registers)
    soft_iic_sccb_read_register              0x080058d9   Thumb Code    68  zf_driver_soft_iic.o(.text.soft_iic_sccb_read_register)
    soft_iic_sccb_write_register             0x0800591d   Thumb Code    60  zf_driver_soft_iic.o(.text.soft_iic_sccb_write_register)
    soft_iic_write_8bit_register             0x08005b11   Thumb Code    60  zf_driver_soft_iic.o(.text.soft_iic_write_8bit_register)
    spi_init                                 0x08005b55   Thumb Code   348  zf_driver_spi.o(.text.spi_init)
    spi_write_16bit                          0x08005cc1   Thumb Code    44  zf_driver_spi.o(.text.spi_write_16bit)
    spi_write_8bit                           0x08005ced   Thumb Code    32  zf_driver_spi.o(.text.spi_write_8bit)
    system_delay_ms                          0x08005d11   Thumb Code    68  zf_driver_delay.o(.text.system_delay_ms)
    timer_clear                              0x08005d65   Thumb Code    72  zf_driver_timer.o(.text.timer_clear)
    timer_clock_enable                       0x08005db1   Thumb Code   108  zf_driver_timer.o(.text.timer_clock_enable)
    timer_etr_init                           0x08005e21   Thumb Code   184  zf_driver_timer.o(.text.timer_etr_init)
    timer_funciton_check                     0x08005edd   Thumb Code    24  zf_driver_timer.o(.text.timer_funciton_check)
    timer_get                                0x08005ef5   Thumb Code    80  zf_driver_timer.o(.text.timer_get)
    tsl1401_collect_pit_handler              0x08005f4d   Thumb Code   112  zf_device_tsl1401.o(.text.tsl1401_collect_pit_handler)
    turn_to_bin                              0x08005fc9   Thumb Code    60  picture.o(.text.turn_to_bin)
    uart_init                                0x08006015   Thumb Code   356  zf_driver_uart.o(.text.uart_init)
    uart_query_byte                          0x08006185   Thumb Code    44  zf_driver_uart.o(.text.uart_query_byte)
    uart_rx_interrupt                        0x080061b1   Thumb Code    68  zf_driver_uart.o(.text.uart_rx_interrupt)
    uart_write_buffer                        0x080061fd   Thumb Code    52  zf_driver_uart.o(.text.uart_write_buffer)
    uart_write_byte                          0x08006231   Thumb Code    16  zf_driver_uart.o(.text.uart_write_byte)
    uart_write_string                        0x08006245   Thumb Code    40  zf_driver_uart.o(.text.uart_write_string)
    unit_param_set                           0x08006271   Thumb Code   536  auto_menu.o(.text.unit_param_set)
    __0sprintf$3                             0x08006499   Thumb Code    34  printf3.o(i.__0sprintf$3)
    __1sprintf$3                             0x08006499   Thumb Code     0  printf3.o(i.__0sprintf$3)
    __2sprintf                               0x08006499   Thumb Code     0  printf3.o(i.__0sprintf$3)
    free                                     0x080064c1   Thumb Code    76  malloc2.o(i.__free$2region)
    malloc                                   0x08006511   Thumb Code    92  malloc2.o(i.__malloc$2region)
    __scatterload_copy                       0x0800657d   Thumb Code    14  handlers.o(i.__scatterload_copy)
    __scatterload_null                       0x0800658b   Thumb Code     2  handlers.o(i.__scatterload_null)
    __scatterload_zeroinit                   0x0800658d   Thumb Code    14  handlers.o(i.__scatterload_zeroinit)
    puts                                     0x08006761   Thumb Code    30  puts.o(i.puts)
    ascii_font_6x8                           0x08006830   Data         552  zf_common_font.o(.rodata.ascii_font_6x8)
    ascii_font_8x16                          0x08006a58   Data        1520  zf_common_font.o(.rodata.ascii_font_8x16)
    Region$$Table$$Base                      0x080072d4   Number         0  anon$$obj.o(Region$$Table)
    Region$$Table$$Limit                     0x080072f4   Number         0  anon$$obj.o(Region$$Table)
    __stdout                                 0x20000004   Data           4  stdout.o(.data)
    __microlib_freelist                      0x20000008   Data           4  mvars.o(.data)
    __microlib_freelist_initialised          0x2000000c   Data           4  mvars.o(.data)
    DAD_NUM                                  0x20000010   Data           1  auto_menu.o(.data..L_MergedGlobals)
    begin_menu_flag                          0x20000011   Data           1  auto_menu.o(.data..L_MergedGlobals)
    camera_uart_handler                      0x20000064   Data           4  zf_device_type.o(.data..L_MergedGlobals)
    camera_vsync_handler                     0x20000068   Data           4  zf_device_type.o(.data..L_MergedGlobals)
    camera_dma_handler                       0x2000006c   Data           4  zf_device_type.o(.data..L_MergedGlobals)
    dir                                      0x20000070   Data          48  tracking.o(.data.dir)
    dl1a_distance_mm                         0x200000a0   Data           2  zf_device_dl1a.o(.data.dl1a_distance_mm)
    gpio_group                               0x200000ac   Data          32  zf_driver_gpio.o(.data.gpio_group)
    left                                     0x200000cc   Data          48  main.o(.data.left)
    right                                    0x200000fc   Data          48  main.o(.data.right)
    system_clock                             0x2000012c   Data           4  zf_common_clock.o(.data.system_clock)
    wireless_module_uart_handler             0x20000130   Data           4  zf_device_type.o(.data.wireless_module_uart_handler)
    image_thereshold                         0x20000138   Data           1  picture.o(.bss..L_MergedGlobals)
    hightest                                 0x20000139   Data           1  picture.o(.bss..L_MergedGlobals)
    outl                                     0x2000013a   Data           1  picture.o(.bss..L_MergedGlobals)
    outr                                     0x2000013b   Data           1  picture.o(.bss..L_MergedGlobals)
    start_point_l                            0x2000013c   Data           2  picture.o(.bss..L_MergedGlobals)
    start_point_r                            0x2000013e   Data           2  picture.o(.bss..L_MergedGlobals)
    data_stastics_l                          0x20000140   Data           2  picture.o(.bss..L_MergedGlobals)
    data_stastics_r                          0x20000142   Data           2  picture.o(.bss..L_MergedGlobals)
    key1_state                               0x20000144   Data           1  key.o(.bss..L_MergedGlobals)
    key1_state_last                          0x20000145   Data           1  key.o(.bss..L_MergedGlobals)
    key1_flag                                0x20000146   Data           1  key.o(.bss..L_MergedGlobals)
    key2_state                               0x20000147   Data           1  key.o(.bss..L_MergedGlobals)
    key2_state_last                          0x20000148   Data           1  key.o(.bss..L_MergedGlobals)
    key2_flag                                0x20000149   Data           1  key.o(.bss..L_MergedGlobals)
    key3_state                               0x2000014a   Data           1  key.o(.bss..L_MergedGlobals)
    key3_state_last                          0x2000014b   Data           1  key.o(.bss..L_MergedGlobals)
    key3_flag                                0x2000014c   Data           1  key.o(.bss..L_MergedGlobals)
    key4_state                               0x2000014d   Data           1  key.o(.bss..L_MergedGlobals)
    key4_state_last                          0x2000014e   Data           1  key.o(.bss..L_MergedGlobals)
    key4_flag                                0x2000014f   Data           1  key.o(.bss..L_MergedGlobals)
    camera_receiver_buffer                   0x20000180   Data           8  zf_device_camera.o(.bss..L_MergedGlobals)
    camera_receiver_fifo                     0x20000188   Data          24  zf_device_camera.o(.bss..L_MergedGlobals)
    dl1a_finsh_flag                          0x200001a0   Data           1  zf_device_dl1a.o(.bss..L_MergedGlobals)
    gps_tau1201_flag                         0x200001c0   Data           1  zf_device_gps_tau1201.o(.bss..L_MergedGlobals)
    gps_gga_state                            0x200001c1   Data           1  zf_device_gps_tau1201.o(.bss..L_MergedGlobals)
    gps_rmc_state                            0x200001c2   Data           1  zf_device_gps_tau1201.o(.bss..L_MergedGlobals)
    gps_tau1201                              0x200001e0   Data          64  zf_device_gps_tau1201.o(.bss..L_MergedGlobals)
    tsl1401_finish_flag                      0x20000221   Data           1  zf_device_tsl1401.o(.bss..L_MergedGlobals)
    button1                                  0x2000022c   Data           1  auto_menu.o(.bss..L_MergedGlobals.26)
    button2                                  0x2000022d   Data           1  auto_menu.o(.bss..L_MergedGlobals.26)
    button3                                  0x2000022e   Data           1  auto_menu.o(.bss..L_MergedGlobals.26)
    button4                                  0x2000022f   Data           1  auto_menu.o(.bss..L_MergedGlobals.26)
    first_in_page_flag                       0x20000230   Data           1  auto_menu.o(.bss..L_MergedGlobals.26)
    is_clear_flag                            0x20000231   Data           1  auto_menu.o(.bss..L_MergedGlobals.26)
    p_index_xy_dad                           0x2000024c   Data           4  auto_menu.o(.bss..L_MergedGlobals.26)
    p_index_xy_son                           0x20000250   Data           4  auto_menu.o(.bss..L_MergedGlobals.26)
    current_operation_menu                   0x20000254   Data           4  auto_menu.o(.bss..L_MergedGlobals.26)
    bin_image                                0x2000025e   Data       22560  picture.o(.bss.bin_image)
    camera_type                              0x20005a7e   Data           1  zf_device_type.o(.bss.camera_type)
    center_line                              0x20005a7f   Data         120  picture.o(.bss.center_line)
    dir_l                                    0x20005af8   Data         720  picture.o(.bss.dir_l)
    dir_r                                    0x20005dc8   Data         720  picture.o(.bss.dir_r)
    encoder1                                 0x20006098   Data           4  encoder.o(.bss.encoder1)
    encoder2                                 0x2000609c   Data           4  encoder.o(.bss.encoder2)
    l_border                                 0x200061a4   Data         120  picture.o(.bss.l_border)
    mt9v03x_finish_flag                      0x2000621c   Data           1  zf_device_mt9v03x.o(.bss.mt9v03x_finish_flag)
    mt9v03x_image                            0x20006234   Data       22560  zf_device_mt9v03x.o(.bss.mt9v03x_image)
    my_index                                 0x2000ba6c   Data         200  auto_menu.o(.bss.my_index)
    my_menu_unit                             0x2000bb34   Data        4000  auto_menu.o(.bss.my_menu_unit)
    my_param_set                             0x2000cad4   Data        1200  auto_menu.o(.bss.my_param_set)
    original_image                           0x2000cf84   Data       22560  picture.o(.bss.original_image)
    points_l                                 0x200127a4   Data        1440  picture.o(.bss.points_l)
    points_r                                 0x20012d44   Data        1440  picture.o(.bss.points_r)
    r_border                                 0x200132e4   Data         120  picture.o(.bss.r_border)
    tsl1401_data                             0x2001335c   Data         512  zf_device_tsl1401.o(.bss.tsl1401_data)
    Image$$ARM_LIB_HEAP$$ZI$$Base            0x20013564   Number         0  anon$$obj.o ABSOLUTE
    Image$$ARM_LIB_HEAP$$ZI$$Limit           0x20013964   Number         0  anon$$obj.o ABSOLUTE
    Image$$ARM_LIB_STACK$$ZI$$Limit          0x20020000   Number         0  anon$$obj.o ABSOLUTE



==============================================================================

Memory Map of the image

  Image Entry point : 0x08000401

  Load Region LR_m_text (Base: 0x08000000, Size: 0x00007430, Max: 0x00080000, ABSOLUTE, COMPRESSED[0x00007370])

    Execution Region VECTOR_ROM (Exec base: 0x08000000, Load base: 0x08000000, Size: 0x00000190, Max: 0x00000400, ABSOLUTE)

    Exec Addr    Load Addr    Size         Type   Attr      Idx    E Section Name        Object

    0x08000000   0x08000000   0x00000190   Data   RO         1995    RESET               startup_mm32f3277g.o


    Execution Region ER_m_text (Exec base: 0x08000400, Load base: 0x08000400, Size: 0x00006ef4, Max: 0x0007fc00, ABSOLUTE, FIXED)

    Exec Addr    Load Addr    Size         Type   Attr      Idx    E Section Name        Object

    0x08000400   0x08000400   0x00000000   Code   RO         3008  * .ARM.Collect$$$$00000000  mc_w.l(entry.o)
    0x08000400   0x08000400   0x00000004   Code   RO         3410    .ARM.Collect$$$$00000003  mc_w.l(entry4.o)
    0x08000404   0x08000404   0x00000004   Code   RO         3413    .ARM.Collect$$$$00000004  mc_w.l(entry5.o)
    0x08000408   0x08000408   0x00000000   Code   RO         3415    .ARM.Collect$$$$00000008  mc_w.l(entry7b.o)
    0x08000408   0x08000408   0x00000000   Code   RO         3417    .ARM.Collect$$$$0000000A  mc_w.l(entry8b.o)
    0x08000408   0x08000408   0x00000008   Code   RO         3418    .ARM.Collect$$$$0000000B  mc_w.l(entry9a.o)
    0x08000410   0x08000410   0x00000000   Code   RO         3420    .ARM.Collect$$$$0000000D  mc_w.l(entry10a.o)
    0x08000410   0x08000410   0x00000000   Code   RO         3422    .ARM.Collect$$$$0000000F  mc_w.l(entry11a.o)
    0x08000410   0x08000410   0x00000004   Code   RO         3411    .ARM.Collect$$$$00002714  mc_w.l(entry4.o)
    0x08000414   0x08000414   0x00000024   Code   RO         1996    .text               startup_mm32f3277g.o
    0x08000438   0x08000438   0x00000024   Code   RO         3015    .text               mc_w.l(rand.o)
    0x0800045c   0x0800045c   0x00000024   Code   RO         3018    .text               mc_w.l(memcpya.o)
    0x08000480   0x08000480   0x00000024   Code   RO         3020    .text               mc_w.l(memseta.o)
    0x080004a4   0x080004a4   0x0000000e   Code   RO         3028    .text               mc_w.l(strlen.o)
    0x080004b2   0x080004b2   0x0000001a   Code   RO         3032    .text               mc_w.l(memcmp.o)
    0x080004cc   0x080004cc   0x00000012   Code   RO         3034    .text               mc_w.l(strcpy.o)
    0x080004de   0x080004de   0x000000b0   Code   RO         3329    .text               mf_w.l(fadd.o)
    0x0800058e   0x0800058e   0x00000064   Code   RO         3331    .text               mf_w.l(fmul.o)
    0x080005f2   0x080005f2   0x0000007c   Code   RO         3333    .text               mf_w.l(fdiv.o)
    0x0800066e   0x0800066e   0x0000014e   Code   RO         3335    .text               mf_w.l(dadd.o)
    0x080007bc   0x080007bc   0x000000e4   Code   RO         3337    .text               mf_w.l(dmul.o)
    0x080008a0   0x080008a0   0x000000de   Code   RO         3339    .text               mf_w.l(ddiv.o)
    0x0800097e   0x0800097e   0x0000001c   Code   RO         3341    .text               mf_w.l(fcmple.o)
    0x0800099a   0x0800099a   0x0000001c   Code   RO         3343    .text               mf_w.l(fcmplt.o)
    0x080009b6   0x080009b6   0x0000001c   Code   RO         3345    .text               mf_w.l(fcmpge.o)
    0x080009d2   0x080009d2   0x0000001c   Code   RO         3347    .text               mf_w.l(fcmpgt.o)
    0x080009ee   0x080009ee   0x0000001c   Code   RO         3349    .text               mf_w.l(fcmpeq.o)
    0x08000a0a   0x08000a0a   0x00000036   Code   RO         3351    .text               mf_w.l(dcmpge.o)
    0x08000a40   0x08000a40   0x00000036   Code   RO         3353    .text               mf_w.l(dcmpgt.o)
    0x08000a76   0x08000a76   0x00000012   Code   RO         3357    .text               mf_w.l(fflti.o)
    0x08000a88   0x08000a88   0x0000000a   Code   RO         3359    .text               mf_w.l(ffltui.o)
    0x08000a92   0x08000a92   0x00000022   Code   RO         3361    .text               mf_w.l(dflti.o)
    0x08000ab4   0x08000ab4   0x00000032   Code   RO         3365    .text               mf_w.l(ffixi.o)
    0x08000ae6   0x08000ae6   0x0000003e   Code   RO         3367    .text               mf_w.l(dfixi.o)
    0x08000b24   0x08000b24   0x00000026   Code   RO         3371    .text               mf_w.l(f2d.o)
    0x08000b4a   0x08000b4a   0x00000038   Code   RO         3373    .text               mf_w.l(d2f.o)
    0x08000b82   0x08000b82   0x0000002c   Code   RO         3434    .text               mc_w.l(uidiv.o)
    0x08000bae   0x08000bae   0x0000001e   Code   RO         3438    .text               mc_w.l(llshl.o)
    0x08000bcc   0x08000bcc   0x00000020   Code   RO         3440    .text               mc_w.l(llushr.o)
    0x08000bec   0x08000bec   0x00000024   Code   RO         3442    .text               mc_w.l(llsshr.o)
    0x08000c10   0x08000c10   0x00000000   Code   RO         3453    .text               mc_w.l(iusefp.o)
    0x08000c10   0x08000c10   0x0000006e   Code   RO         3454    .text               mf_w.l(fepilogue.o)
    0x08000c7e   0x08000c7e   0x000000ba   Code   RO         3456    .text               mf_w.l(depilogue.o)
    0x08000d38   0x08000d38   0x00000024   Code   RO         3468    .text               mc_w.l(init.o)
    0x08000d5c   0x08000d5c   0x00000056   Code   RO         3478    .text               mc_w.l(__dczerorl2.o)
    0x08000db2   0x08000db2   0x00000002   PAD
    0x08000db4   0x08000db4   0x00000014   Code   RO           61    .text.DMA1_Channel1_IRQHandler  isr.o
    0x08000dc8   0x08000dc8   0x00000014   Code   RO           63    .text.DMA1_Channel2_IRQHandler  isr.o
    0x08000ddc   0x08000ddc   0x00000014   Code   RO           65    .text.DMA1_Channel3_IRQHandler  isr.o
    0x08000df0   0x08000df0   0x00000020   Code   RO           67    .text.DMA1_Channel4_IRQHandler  isr.o
    0x08000e10   0x08000e10   0x00000014   Code   RO           69    .text.DMA1_Channel5_IRQHandler  isr.o
    0x08000e24   0x08000e24   0x00000014   Code   RO           71    .text.DMA1_Channel6_IRQHandler  isr.o
    0x08000e38   0x08000e38   0x00000018   Code   RO           73    .text.DMA1_Channel7_IRQHandler  isr.o
    0x08000e50   0x08000e50   0x00000014   Code   RO           75    .text.DMA2_Channel1_IRQHandler  isr.o
    0x08000e64   0x08000e64   0x00000014   Code   RO           77    .text.DMA2_Channel2_IRQHandler  isr.o
    0x08000e78   0x08000e78   0x00000014   Code   RO           79    .text.DMA2_Channel3_IRQHandler  isr.o
    0x08000e8c   0x08000e8c   0x00000014   Code   RO           81    .text.DMA2_Channel4_IRQHandler  isr.o
    0x08000ea0   0x08000ea0   0x00000018   Code   RO           83    .text.DMA2_Channel5_IRQHandler  isr.o
    0x08000eb8   0x08000eb8   0x0000000c   Code   RO           47    .text.EXTI0_IRQHandler  isr.o
    0x08000ec4   0x08000ec4   0x00000064   Code   RO           59    .text.EXTI15_10_IRQHandler  isr.o
    0x08000f28   0x08000f28   0x0000000c   Code   RO           49    .text.EXTI1_IRQHandler  isr.o
    0x08000f34   0x08000f34   0x0000000c   Code   RO           51    .text.EXTI2_IRQHandler  isr.o
    0x08000f40   0x08000f40   0x0000000c   Code   RO           53    .text.EXTI3_IRQHandler  isr.o
    0x08000f4c   0x08000f4c   0x00000014   Code   RO           55    .text.EXTI4_IRQHandler  isr.o
    0x08000f60   0x08000f60   0x0000005c   Code   RO           57    .text.EXTI9_5_IRQHandler  isr.o
    0x08000fbc   0x08000fbc   0x0000000c   Code   RO          205    .text.Encoder1_get  encoder.o
    0x08000fc8   0x08000fc8   0x0000000c   Code   RO          207    .text.Encoder2_get  encoder.o
    0x08000fd4   0x08000fd4   0x00000022   Code   RO          203    .text.Encoder_Init  encoder.o
    0x08000ff6   0x08000ff6   0x00000002   PAD
    0x08000ff8   0x08000ff8   0x00000060   Code   RO          297    .text.FUN_INIT      auto_menu.o
    0x08001058   0x08001058   0x0000004c   Code   RO          126    .text.Get_image     picture.o
    0x080010a4   0x080010a4   0x0000002c   Code   RO          182    .text.Motor_Init    motor.o
    0x080010d0   0x080010d0   0x00000044   Code   RO          184    .text.Motor_SetLeftSpeed  motor.o
    0x08001114   0x08001114   0x00000034   Code   RO          186    .text.Motor_SetRightSpeed  motor.o
    0x08001148   0x08001148   0x00000002   Code   RO          293    .text.NULL_FUN      auto_menu.o
    0x0800114a   0x0800114a   0x0000000c   Code   RO           85    .text.OUTLINED_FUNCTION_0  isr.o
    0x08001156   0x08001156   0x0000000c   Code   RO          106    .text.OUTLINED_FUNCTION_0  pid.o
    0x08001162   0x08001162   0x00000008   Code   RO          158    .text.OUTLINED_FUNCTION_0  picture.o
    0x0800116a   0x0800116a   0x0000000a   Code   RO          192    .text.OUTLINED_FUNCTION_0  motor.o
    0x08001174   0x08001174   0x0000000a   Code   RO          209    .text.OUTLINED_FUNCTION_0  encoder.o
    0x0800117e   0x0800117e   0x0000000a   Code   RO          232    .text.OUTLINED_FUNCTION_0  key.o
    0x08001188   0x08001188   0x00000012   Code   RO          299    .text.OUTLINED_FUNCTION_0  auto_menu.o
    0x0800119a   0x0800119a   0x00000016   Code   RO          374    .text.OUTLINED_FUNCTION_0  zf_common_debug.o
    0x080011b0   0x080011b0   0x0000000e   Code   RO          417    .text.OUTLINED_FUNCTION_0  zf_common_fifo.o
    0x080011be   0x080011be   0x00000016   Code   RO          552    .text.OUTLINED_FUNCTION_0  zf_driver_dma.o
    0x080011d4   0x080011d4   0x0000000c   Code   RO          571    .text.OUTLINED_FUNCTION_0  zf_driver_encoder.o
    0x080011e0   0x080011e0   0x0000000c   Code   RO         1473    .text.OUTLINED_FUNCTION_0  zf_device_ips200.o
    0x080011ec   0x080011ec   0x00000006   Code   RO         1565    .text.OUTLINED_FUNCTION_0  zf_device_mt9v03x.o
    0x080011f2   0x080011f2   0x00000012   Code   RO         1843    .text.OUTLINED_FUNCTION_0  zf_device_tsl1401.o
    0x08001204   0x08001204   0x0000000c   Code   RO           87    .text.OUTLINED_FUNCTION_1  isr.o
    0x08001210   0x08001210   0x0000000a   Code   RO          108    .text.OUTLINED_FUNCTION_1  pid.o
    0x0800121a   0x0800121a   0x00000006   Code   RO          160    .text.OUTLINED_FUNCTION_1  picture.o
    0x08001220   0x08001220   0x00000008   Code   RO          234    .text.OUTLINED_FUNCTION_1  key.o
    0x08001228   0x08001228   0x00000012   Code   RO          301    .text.OUTLINED_FUNCTION_1  auto_menu.o
    0x0800123a   0x0800123a   0x00000014   Code   RO          376    .text.OUTLINED_FUNCTION_1  zf_common_debug.o
    0x0800124e   0x0800124e   0x0000000c   Code   RO          419    .text.OUTLINED_FUNCTION_1  zf_common_fifo.o
    0x0800125a   0x0800125a   0x0000000e   Code   RO          573    .text.OUTLINED_FUNCTION_1  zf_driver_encoder.o
    0x08001268   0x08001268   0x0000000c   Code   RO         1475    .text.OUTLINED_FUNCTION_1  zf_device_ips200.o
    0x08001274   0x08001274   0x0000000a   Code   RO         1567    .text.OUTLINED_FUNCTION_1  zf_device_mt9v03x.o
    0x0800127e   0x0800127e   0x00000006   Code   RO          859    .text.OUTLINED_FUNCTION_10  zf_driver_soft_iic.o
    0x08001284   0x08001284   0x0000000a   Code   RO         1493    .text.OUTLINED_FUNCTION_10  zf_device_ips200.o
    0x0800128e   0x0800128e   0x00000012   Code   RO          861    .text.OUTLINED_FUNCTION_11  zf_driver_soft_iic.o
    0x080012a0   0x080012a0   0x00000008   Code   RO         1029    .text.OUTLINED_FUNCTION_12  zf_driver_spi.o
    0x080012a8   0x080012a8   0x00000008   Code   RO         1497    .text.OUTLINED_FUNCTION_12  zf_device_ips200.o
    0x080012b0   0x080012b0   0x00000006   Code   RO          865    .text.OUTLINED_FUNCTION_13  zf_driver_soft_iic.o
    0x080012b6   0x080012b6   0x00000006   Code   RO          869    .text.OUTLINED_FUNCTION_15  zf_driver_soft_iic.o
    0x080012bc   0x080012bc   0x0000000c   Code   RO          871    .text.OUTLINED_FUNCTION_16  zf_driver_soft_iic.o
    0x080012c8   0x080012c8   0x00000008   Code   RO          875    .text.OUTLINED_FUNCTION_18  zf_driver_soft_iic.o
    0x080012d0   0x080012d0   0x0000000c   Code   RO          877    .text.OUTLINED_FUNCTION_19  zf_driver_soft_iic.o
    0x080012dc   0x080012dc   0x0000000a   Code   RO           89    .text.OUTLINED_FUNCTION_2  isr.o
    0x080012e6   0x080012e6   0x00000008   Code   RO          110    .text.OUTLINED_FUNCTION_2  pid.o
    0x080012ee   0x080012ee   0x0000000a   Code   RO          303    .text.OUTLINED_FUNCTION_2  auto_menu.o
    0x080012f8   0x080012f8   0x00000012   Code   RO          378    .text.OUTLINED_FUNCTION_2  zf_common_debug.o
    0x0800130a   0x0800130a   0x00000006   Code   RO          421    .text.OUTLINED_FUNCTION_2  zf_common_fifo.o
    0x08001310   0x08001310   0x00000010   Code   RO          480    .text.OUTLINED_FUNCTION_2  zf_common_function.o
    0x08001320   0x08001320   0x0000000c   Code   RO          575    .text.OUTLINED_FUNCTION_2  zf_driver_encoder.o
    0x0800132c   0x0800132c   0x00000016   Code   RO         1009    .text.OUTLINED_FUNCTION_2  zf_driver_spi.o
    0x08001342   0x08001342   0x00000008   Code   RO         1477    .text.OUTLINED_FUNCTION_2  zf_device_ips200.o
    0x0800134a   0x0800134a   0x00000006   Code   RO         1569    .text.OUTLINED_FUNCTION_2  zf_device_mt9v03x.o
    0x08001350   0x08001350   0x00000006   Code   RO          879    .text.OUTLINED_FUNCTION_20  zf_driver_soft_iic.o
    0x08001356   0x08001356   0x00000006   Code   RO          881    .text.OUTLINED_FUNCTION_21  zf_driver_soft_iic.o
    0x0800135c   0x0800135c   0x0000000e   Code   RO          883    .text.OUTLINED_FUNCTION_22  zf_driver_soft_iic.o
    0x0800136a   0x0800136a   0x0000000a   Code   RO           91    .text.OUTLINED_FUNCTION_3  isr.o
    0x08001374   0x08001374   0x00000006   Code   RO          112    .text.OUTLINED_FUNCTION_3  pid.o
    0x0800137a   0x0800137a   0x0000000e   Code   RO          305    .text.OUTLINED_FUNCTION_3  auto_menu.o
    0x08001388   0x08001388   0x00000012   Code   RO          380    .text.OUTLINED_FUNCTION_3  zf_common_debug.o
    0x0800139a   0x0800139a   0x0000000a   Code   RO          423    .text.OUTLINED_FUNCTION_3  zf_common_fifo.o
    0x080013a4   0x080013a4   0x00000006   Code   RO          845    .text.OUTLINED_FUNCTION_3  zf_driver_soft_iic.o
    0x080013aa   0x080013aa   0x0000000a   Code   RO         1011    .text.OUTLINED_FUNCTION_3  zf_driver_spi.o
    0x080013b4   0x080013b4   0x00000014   Code   RO         1479    .text.OUTLINED_FUNCTION_3  zf_device_ips200.o
    0x080013c8   0x080013c8   0x00000010   Code   RO          307    .text.OUTLINED_FUNCTION_4  auto_menu.o
    0x080013d8   0x080013d8   0x0000000e   Code   RO          382    .text.OUTLINED_FUNCTION_4  zf_common_debug.o
    0x080013e6   0x080013e6   0x0000001c   Code   RO          847    .text.OUTLINED_FUNCTION_4  zf_driver_soft_iic.o
    0x08001402   0x08001402   0x00000006   Code   RO          309    .text.OUTLINED_FUNCTION_5  auto_menu.o
    0x08001408   0x08001408   0x0000000a   Code   RO          849    .text.OUTLINED_FUNCTION_5  zf_driver_soft_iic.o
    0x08001412   0x08001412   0x0000000e   Code   RO         1483    .text.OUTLINED_FUNCTION_5  zf_device_ips200.o
    0x08001420   0x08001420   0x00000010   Code   RO          311    .text.OUTLINED_FUNCTION_6  auto_menu.o
    0x08001430   0x08001430   0x0000000c   Code   RO          851    .text.OUTLINED_FUNCTION_6  zf_driver_soft_iic.o
    0x0800143c   0x0800143c   0x0000000a   Code   RO         1485    .text.OUTLINED_FUNCTION_6  zf_device_ips200.o
    0x08001446   0x08001446   0x00000008   Code   RO          853    .text.OUTLINED_FUNCTION_7  zf_driver_soft_iic.o
    0x0800144e   0x0800144e   0x0000000a   Code   RO         1199    .text.OUTLINED_FUNCTION_7  zf_device_dl1a.o
    0x08001458   0x08001458   0x00000008   Code   RO         1487    .text.OUTLINED_FUNCTION_7  zf_device_ips200.o
    0x08001460   0x08001460   0x0000000a   Code   RO         1201    .text.OUTLINED_FUNCTION_8  zf_device_dl1a.o
    0x0800146a   0x0800146a   0x00000014   Code   RO         1489    .text.OUTLINED_FUNCTION_8  zf_device_ips200.o
    0x0800147e   0x0800147e   0x00000014   Code   RO          857    .text.OUTLINED_FUNCTION_9  zf_driver_soft_iic.o
    0x08001492   0x08001492   0x0000000a   Code   RO         1491    .text.OUTLINED_FUNCTION_9  zf_device_ips200.o
    0x0800149c   0x0800149c   0x0000000c   Code   RO         1988    .text.SystemInit    system_mm32f3277g.o
    0x080014a8   0x080014a8   0x0000000c   Code   RO           15    .text.TIM1_UP_IRQHandler  isr.o
    0x080014b4   0x080014b4   0x00000050   Code   RO           17    .text.TIM2_IRQHandler  isr.o
    0x08001504   0x08001504   0x0000000c   Code   RO           19    .text.TIM3_IRQHandler  isr.o
    0x08001510   0x08001510   0x0000000c   Code   RO           21    .text.TIM4_IRQHandler  isr.o
    0x0800151c   0x0800151c   0x0000000c   Code   RO           23    .text.TIM5_IRQHandler  isr.o
    0x08001528   0x08001528   0x00000034   Code   RO           25    .text.TIM6_IRQHandler  isr.o
    0x0800155c   0x0800155c   0x0000000c   Code   RO           27    .text.TIM7_IRQHandler  isr.o
    0x08001568   0x08001568   0x00000010   Code   RO           29    .text.TIM8_UP_IRQHandler  isr.o
    0x08001578   0x08001578   0x00000024   Code   RO           31    .text.UART1_IRQHandler  isr.o
    0x0800159c   0x0800159c   0x00000024   Code   RO           33    .text.UART2_IRQHandler  isr.o
    0x080015c0   0x080015c0   0x00000024   Code   RO           35    .text.UART3_IRQHandler  isr.o
    0x080015e4   0x080015e4   0x00000024   Code   RO           37    .text.UART4_IRQHandler  isr.o
    0x08001608   0x08001608   0x00000024   Code   RO           39    .text.UART5_IRQHandler  isr.o
    0x0800162c   0x0800162c   0x00000028   Code   RO           41    .text.UART6_IRQHandler  isr.o
    0x08001654   0x08001654   0x00000024   Code   RO           43    .text.UART7_IRQHandler  isr.o
    0x08001678   0x08001678   0x00000028   Code   RO           45    .text.UART8_IRQHandler  isr.o
    0x080016a0   0x080016a0   0x000000bc   Code   RO          295    .text.UNIT_SET      auto_menu.o
    0x0800175c   0x0800175c   0x00000044   Code   RO          514    .text.adc_convert   zf_driver_adc.o
    0x080017a0   0x080017a0   0x00000064   Code   RO          639    .text.afio_init     zf_driver_gpio.o
    0x08001804   0x08001804   0x000000cc   Code   RO          271    .text.assist_menu   auto_menu.o
    0x080018d0   0x080018d0   0x000000fc   Code   RO          228    .text.button_entry  key.o
    0x080019cc   0x080019cc   0x00000014   Code   RO         1154    .text.camera_fifo_init  zf_device_camera.o
    0x080019e0   0x080019e0   0x00000058   Code   RO         1156    .text.camera_init   zf_device_camera.o
    0x08001a38   0x08001a38   0x0000013c   Code   RO          269    .text.center_menu   auto_menu.o
    0x08001b74   0x08001b74   0x00000158   Code   RO          273    .text.change_value  auto_menu.o
    0x08001ccc   0x08001ccc   0x000001ec   Code   RO          342    .text.clock_init    zf_common_clock.o
    0x08001eb8   0x08001eb8   0x00000088   Code   RO          249    .text.dad_name_init  auto_menu.o
    0x08001f40   0x08001f40   0x00000058   Code   RO          287    .text.day_night     auto_menu.o
    0x08001f98   0x08001f98   0x000000d8   Code   RO          360    .text.debug_assert_handler  zf_common_debug.o
    0x08002070   0x08002070   0x00000040   Code   RO          370    .text.debug_init    zf_common_debug.o
    0x080020b0   0x080020b0   0x00000030   Code   RO          364    .text.debug_log_handler  zf_common_debug.o
    0x080020e0   0x080020e0   0x00000244   Code   RO          362    .text.debug_output  zf_common_debug.o
    0x08002324   0x08002324   0x00000028   Code   RO          368    .text.debug_output_init  zf_common_debug.o
    0x0800234c   0x0800234c   0x00000016   Code   RO          366    .text.debug_output_struct_init  zf_common_debug.o
    0x08002362   0x08002362   0x00000008   Code   RO          372    .text.debug_uart_str_output  zf_common_debug.o
    0x0800236a   0x0800236a   0x00000002   PAD
    0x0800236c   0x0800236c   0x0000005c   Code   RO         1169    .text.dl1a_get_distance  zf_device_dl1a.o
    0x080023c8   0x080023c8   0x00000004   Code   RO         1171    .text.dl1a_int_handler  zf_device_dl1a.o
    0x080023cc   0x080023cc   0x00000018   Code   RO         1216    .text.dm1xa_light_callback  zf_device_dm1xa.o
    0x080023e4   0x080023e4   0x00000090   Code   RO         1214    .text.dm1xa_sound_callback  zf_device_dm1xa.o
    0x08002474   0x08002474   0x00000080   Code   RO          550    .text.dma_camera_init  zf_driver_dma.o
    0x080024f4   0x080024f4   0x00000014   Code   RO          548    .text.dma_disable   zf_driver_dma.o
    0x08002508   0x08002508   0x00000014   Code   RO          546    .text.dma_enable    zf_driver_dma.o
    0x0800251c   0x0800251c   0x00000020   Code   RO          544    .text.dma_set_count  zf_driver_dma.o
    0x0800253c   0x0800253c   0x00000040   Code   RO          565    .text.encoder_clear_count  zf_driver_encoder.o
    0x0800257c   0x0800257c   0x00000060   Code   RO          563    .text.encoder_get_count  zf_driver_encoder.o
    0x080025dc   0x080025dc   0x000000a8   Code   RO          567    .text.encoder_quad_init  zf_driver_encoder.o
    0x08002684   0x08002684   0x00000128   Code   RO          591    .text.exti_init     zf_driver_exti.o
    0x080027ac   0x080027ac   0x00000058   Code   RO          397    .text.fifo_clear    zf_common_fifo.o
    0x08002804   0x08002804   0x00000012   Code   RO          409    .text.fifo_end_offset  zf_common_fifo.o
    0x08002816   0x08002816   0x00000012   Code   RO          403    .text.fifo_head_offset  zf_common_fifo.o
    0x08002828   0x08002828   0x00000034   Code   RO          415    .text.fifo_init     zf_common_fifo.o
    0x0800285c   0x0800285c   0x00000104   Code   RO          411    .text.fifo_read_buffer  zf_common_fifo.o
    0x08002960   0x08002960   0x0000001c   Code   RO          399    .text.fifo_used     zf_common_fifo.o
    0x0800297c   0x0800297c   0x00000108   Code   RO          405    .text.fifo_write_buffer  zf_common_fifo.o
    0x08002a84   0x08002a84   0x00000070   Code   RO          401    .text.fifo_write_element  zf_common_fifo.o
    0x08002af4   0x08002af4   0x0000001c   Code   RO          352    .text.fputc         zf_common_debug.o
    0x08002b10   0x08002b10   0x000000e0   Code   RO          261    .text.fun_init      auto_menu.o
    0x08002bf0   0x08002bf0   0x00000020   Code   RO          279    .text.fun_menu      auto_menu.o
    0x08002c10   0x08002c10   0x0000011c   Code   RO          460    .text.func_float_to_str  zf_common_function.o
    0x08002d2c   0x08002d2c   0x00000012   Code   RO          446    .text.func_get_greatest_common_divisor  zf_common_function.o
    0x08002d3e   0x08002d3e   0x00000002   PAD
    0x08002d40   0x08002d40   0x00000064   Code   RO          452    .text.func_int_to_str  zf_common_function.o
    0x08002da4   0x08002da4   0x00000054   Code   RO          456    .text.func_uint_to_str  zf_common_function.o
    0x08002df8   0x08002df8   0x00000040   Code   RO          136    .text.get_left      picture.o
    0x08002e38   0x08002e38   0x00000040   Code   RO          138    .text.get_right     picture.o
    0x08002e78   0x08002e78   0x000000a4   Code   RO          132    .text.get_start_point  picture.o
    0x08002f1c   0x08002f1c   0x0000003c   Code   RO          291    .text.go            auto_menu.o
    0x08002f58   0x08002f58   0x0000001c   Code   RO          631    .text.gpio_get_level  zf_driver_gpio.o
    0x08002f74   0x08002f74   0x00000088   Code   RO          637    .text.gpio_init     zf_driver_gpio.o
    0x08002ffc   0x08002ffc   0x0000002c   Code   RO          629    .text.gpio_set_level  zf_driver_gpio.o
    0x08003028   0x08003028   0x000000b0   Code   RO         1240    .text.gps_uart_callback  zf_device_gps_tau1201.o
    0x080030d8   0x080030d8   0x0000002e   Code   RO          144    .text.image_draw_rectan  picture.o
    0x08003106   0x08003106   0x0000007c   Code   RO          142    .text.image_filter  picture.o
    0x08003182   0x08003182   0x00000002   PAD
    0x08003184   0x08003184   0x0000013c   Code   RO          152    .text.image_process  picture.o
    0x080032c0   0x080032c0   0x00000088   Code   RO          102    .text.increment_pid_update  pid.o
    0x08003348   0x08003348   0x00000078   Code   RO          263    .text.index_xy_init  auto_menu.o
    0x080033c0   0x080033c0   0x0000002c   Code   RO          499    .text.interrupt_disable  zf_common_interrupt.o
    0x080033ec   0x080033ec   0x00000024   Code   RO          497    .text.interrupt_enable  zf_common_interrupt.o
    0x08003410   0x08003410   0x00000014   Code   RO          495    .text.interrupt_global_disable  zf_common_interrupt.o
    0x08003424   0x08003424   0x0000001c   Code   RO          503    .text.interrupt_init  zf_common_interrupt.o
    0x08003440   0x08003440   0x00000020   Code   RO          501    .text.interrupt_set_priority  zf_common_interrupt.o
    0x08003460   0x08003460   0x00000070   Code   RO         1429    .text.ips200_clear  zf_device_ips200.o
    0x080034d0   0x080034d0   0x00000080   Code   RO         1443    .text.ips200_draw_point  zf_device_ips200.o
    0x08003550   0x08003550   0x000002b8   Code   RO         1467    .text.ips200_init   zf_device_ips200.o
    0x08003808   0x08003808   0x0000000c   Code   RO         1441    .text.ips200_set_color  zf_device_ips200.o
    0x08003814   0x08003814   0x00000020   Code   RO         1437    .text.ips200_set_dir  zf_device_ips200.o
    0x08003834   0x08003834   0x000000bc   Code   RO         1431    .text.ips200_set_region  zf_device_ips200.o
    0x080038f0   0x080038f0   0x00000158   Code   RO         1447    .text.ips200_show_char  zf_device_ips200.o
    0x08003a48   0x08003a48   0x00000118   Code   RO         1455    .text.ips200_show_float  zf_device_ips200.o
    0x08003b60   0x08003b60   0x00000108   Code   RO         1459    .text.ips200_show_gray_image  zf_device_ips200.o
    0x08003c68   0x08003c68   0x000000a4   Code   RO         1451    .text.ips200_show_int  zf_device_ips200.o
    0x08003d0c   0x08003d0c   0x00000084   Code   RO         1449    .text.ips200_show_string  zf_device_ips200.o
    0x08003d90   0x08003d90   0x000000ac   Code   RO         1453    .text.ips200_show_uint  zf_device_ips200.o
    0x08003e3c   0x08003e3c   0x00000044   Code   RO         1433    .text.ips200_write_16bit_data  zf_device_ips200.o
    0x08003e80   0x08003e80   0x00000034   Code   RO         1471    .text.ips200_write_8bit_data  zf_device_ips200.o
    0x08003eb4   0x08003eb4   0x00000068   Code   RO         1469    .text.ips200_write_command  zf_device_ips200.o
    0x08003f1c   0x08003f1c   0x0000001c   Code   RO          275    .text.is_first_in_page  auto_menu.o
    0x08003f38   0x08003f38   0x0000002c   Code   RO          267    .text.is_menu_clear  auto_menu.o
    0x08003f64   0x08003f64   0x0000002c   Code   RO          230    .text.key_into      key.o
    0x08003f90   0x08003f90   0x0000005c   Code   RO            4    .text.main          main.o
    0x08003fec   0x08003fec   0x000000b4   Code   RO          285    .text.menu_adaptive_display  auto_menu.o
    0x080040a0   0x080040a0   0x00000020   Code   RO          283    .text.menu_init     auto_menu.o
    0x080040c0   0x080040c0   0x00000014   Code   RO          188    .text.motor         motor.o
    0x080040d4   0x080040d4   0x00000014   Code   RO         1557    .text.mt9v03x_dma_handler  zf_device_mt9v03x.o
    0x080040e8   0x080040e8   0x0000004c   Code   RO         1551    .text.mt9v03x_get_version  zf_device_mt9v03x.o
    0x08004134   0x08004134   0x00000250   Code   RO         1563    .text.mt9v03x_init  zf_device_mt9v03x.o
    0x08004384   0x08004384   0x0000003c   Code   RO         2968    .text.mt9v03x_read_word_sccb  zf_device_config.lib(zf_device_config.o)
    0x080043c0   0x080043c0   0x000009ae   Code   RO         2964    .text.mt9v03x_set_config_sccb  zf_device_config.lib(zf_device_config.o)
    0x08004d6e   0x08004d6e   0x00000002   PAD
    0x08004d70   0x08004d70   0x00000030   Code   RO         1559    .text.mt9v03x_uart_handler  zf_device_mt9v03x.o
    0x08004da0   0x08004da0   0x00000026   Code   RO         1555    .text.mt9v03x_vsync_handler  zf_device_mt9v03x.o
    0x08004dc6   0x08004dc6   0x00000002   PAD
    0x08004dc8   0x08004dc8   0x00000032   Code   RO         2966    .text.mt9v03x_write_word_sccb  zf_device_config.lib(zf_device_config.o)
    0x08004dfa   0x08004dfa   0x00000002   PAD
    0x08004dfc   0x08004dfc   0x000001a8   Code   RO          128    .text.otsuThreshold  picture.o
    0x08004fa4   0x08004fa4   0x000000bc   Code   RO          737    .text.pit_init      zf_driver_pit.o
    0x08005060   0x08005060   0x0000016c   Code   RO          750    .text.pwm_init      zf_driver_pwm.o
    0x080051cc   0x080051cc   0x000000bc   Code   RO          748    .text.pwm_set_duty  zf_driver_pwm.o
    0x08005288   0x08005288   0x0000003c   Code   RO          289    .text.rand_color    auto_menu.o
    0x080052c4   0x080052c4   0x000003c8   Code   RO          134    .text.search_l_r    picture.o
    0x0800568c   0x0800568c   0x00000030   Code   RO         1859    .text.set_camera_type  zf_device_type.o
    0x080056bc   0x080056bc   0x00000014   Code   RO          277    .text.show_menu     auto_menu.o
    0x080056d0   0x080056d0   0x00000060   Code   RO          281    .text.show_process  auto_menu.o
    0x08005730   0x08005730   0x00000058   Code   RO          837    .text.soft_iic_init  zf_driver_soft_iic.o
    0x08005788   0x08005788   0x00000064   Code   RO          823    .text.soft_iic_read_8bit_registers  zf_driver_soft_iic.o
    0x080057ec   0x080057ec   0x000000ec   Code   RO          813    .text.soft_iic_read_data  zf_driver_soft_iic.o
    0x080058d8   0x080058d8   0x00000044   Code   RO          835    .text.soft_iic_sccb_read_register  zf_driver_soft_iic.o
    0x0800591c   0x0800591c   0x0000003c   Code   RO          833    .text.soft_iic_sccb_write_register  zf_driver_soft_iic.o
    0x08005958   0x08005958   0x000000fc   Code   RO          793    .text.soft_iic_send_data  zf_driver_soft_iic.o
    0x08005a54   0x08005a54   0x0000005c   Code   RO          791    .text.soft_iic_start  zf_driver_soft_iic.o
    0x08005ab0   0x08005ab0   0x00000060   Code   RO          795    .text.soft_iic_stop  zf_driver_soft_iic.o
    0x08005b10   0x08005b10   0x00000044   Code   RO          803    .text.soft_iic_write_8bit_register  zf_driver_soft_iic.o
    0x08005b54   0x08005b54   0x0000016c   Code   RO         1003    .text.spi_init      zf_driver_spi.o
    0x08005cc0   0x08005cc0   0x0000002c   Code   RO          971    .text.spi_write_16bit  zf_driver_spi.o
    0x08005cec   0x08005cec   0x00000024   Code   RO          967    .text.spi_write_8bit  zf_driver_spi.o
    0x08005d10   0x08005d10   0x00000054   Code   RO          531    .text.system_delay_ms  zf_driver_delay.o
    0x08005d64   0x08005d64   0x0000004c   Code   RO         1059    .text.timer_clear   zf_driver_timer.o
    0x08005db0   0x08005db0   0x00000070   Code   RO         1051    .text.timer_clock_enable  zf_driver_timer.o
    0x08005e20   0x08005e20   0x000000bc   Code   RO         1063    .text.timer_etr_init  zf_driver_timer.o
    0x08005edc   0x08005edc   0x00000018   Code   RO         1049    .text.timer_funciton_check  zf_driver_timer.o
    0x08005ef4   0x08005ef4   0x00000058   Code   RO         1057    .text.timer_get     zf_driver_timer.o
    0x08005f4c   0x08005f4c   0x0000007c   Code   RO         1837    .text.tsl1401_collect_pit_handler  zf_device_tsl1401.o
    0x08005fc8   0x08005fc8   0x00000048   Code   RO          130    .text.turn_to_bin   picture.o
    0x08006010   0x08006010   0x00000002   Code   RO         1857    .text.type_default_callback  zf_device_type.o
    0x08006012   0x08006012   0x00000002   PAD
    0x08006014   0x08006014   0x00000170   Code   RO         1091    .text.uart_init     zf_driver_uart.o
    0x08006184   0x08006184   0x0000002c   Code   RO         1085    .text.uart_query_byte  zf_driver_uart.o
    0x080061b0   0x080061b0   0x0000004c   Code   RO         1089    .text.uart_rx_interrupt  zf_driver_uart.o
    0x080061fc   0x080061fc   0x00000034   Code   RO         1079    .text.uart_write_buffer  zf_driver_uart.o
    0x08006230   0x08006230   0x00000014   Code   RO         1077    .text.uart_write_byte  zf_driver_uart.o
    0x08006244   0x08006244   0x0000002c   Code   RO         1081    .text.uart_write_string  zf_driver_uart.o
    0x08006270   0x08006270   0x00000228   Code   RO          259    .text.unit_param_set  auto_menu.o
    0x08006498   0x08006498   0x00000028   Code   RO         3131    i.__0sprintf$3      mc_w.l(printf3.o)
    0x080064c0   0x080064c0   0x00000050   Code   RO         3301    i.__free$2region    mc_w.l(malloc2.o)
    0x08006510   0x08006510   0x0000006c   Code   RO         3302    i.__malloc$2region  mc_w.l(malloc2.o)
    0x0800657c   0x0800657c   0x0000000e   Code   RO         3472    i.__scatterload_copy  mc_w.l(handlers.o)
    0x0800658a   0x0800658a   0x00000002   Code   RO         3473    i.__scatterload_null  mc_w.l(handlers.o)
    0x0800658c   0x0800658c   0x0000000e   Code   RO         3474    i.__scatterload_zeroinit  mc_w.l(handlers.o)
    0x0800659a   0x0800659a   0x00000002   PAD
    0x0800659c   0x0800659c   0x000001b8   Code   RO         3136    i._printf_core      mc_w.l(printf3.o)
    0x08006754   0x08006754   0x0000000a   Code   RO         3138    i._sputc            mc_w.l(printf3.o)
    0x0800675e   0x0800675e   0x00000002   PAD
    0x08006760   0x08006760   0x00000024   Code   RO         3011    i.puts              mc_w.l(puts.o)
    0x08006784   0x08006784   0x000000ac   Data   RO          386    .rodata..L__const.debug_protective_handler.pin_list  zf_common_debug.o
    0x08006830   0x08006830   0x00000228   Data   RO          435    .rodata.ascii_font_6x8  zf_common_font.o
    0x08006a58   0x08006a58   0x000005f0   Data   RO          434    .rodata.ascii_font_8x16  zf_common_font.o
    0x08007048   0x08007048   0x00000020   Data   RO          168    .rodata.cst16       picture.o
    0x08007068   0x08007068   0x00000020   Data   RO         1093    .rodata.cst32       zf_driver_uart.o
    0x08007088   0x08007088   0x00000008   Data   RO          520    .rodata.cst8        zf_driver_adc.o
    0x08007090   0x08007090   0x00000008   Data   RO          554    .rodata.cst8        zf_driver_dma.o
    0x08007098   0x08007098   0x00000008   Data   RO         1039    .rodata.cst8        zf_driver_spi.o
    0x080070a0   0x080070a0   0x00000008   Data   RO         1096    .rodata.cst8        zf_driver_uart.o
    0x080070a8   0x080070a8   0x0000000f   Data   RO          313    .rodata.str1.1      auto_menu.o
    0x080070b7   0x080070b7   0x00000009   Data   RO          387    .rodata.str1.1      zf_common_debug.o
    0x080070c0   0x080070c0   0x0000002b   Data   RO          425    .rodata.str1.1      zf_common_fifo.o
    0x080070eb   0x080070eb   0x0000002f   Data   RO          484    .rodata.str1.1      zf_common_function.o
    0x0800711a   0x0800711a   0x0000002c   Data   RO          535    .rodata.str1.1      zf_driver_delay.o
    0x08007146   0x08007146   0x0000002e   Data   RO          578    .rodata.str1.1      zf_driver_encoder.o
    0x08007174   0x08007174   0x0000002a   Data   RO          739    .rodata.str1.1      zf_driver_pit.o
    0x0800719e   0x0800719e   0x0000002a   Data   RO          752    .rodata.str1.1      zf_driver_pwm.o
    0x080071c8   0x080071c8   0x0000002f   Data   RO          885    .rodata.str1.1      zf_driver_soft_iic.o
    0x080071f7   0x080071f7   0x0000002a   Data   RO         1040    .rodata.str1.1      zf_driver_spi.o
    0x08007221   0x08007221   0x0000002c   Data   RO         1067    .rodata.str1.1      zf_driver_timer.o
    0x0800724d   0x0800724d   0x0000002b   Data   RO         1094    .rodata.str1.1      zf_driver_uart.o
    0x08007278   0x08007278   0x0000002d   Data   RO         1499    .rodata.str1.1      zf_device_ips200.o
    0x080072a5   0x080072a5   0x0000002e   Data   RO         1572    .rodata.str1.1      zf_device_mt9v03x.o
    0x080072d3   0x080072d3   0x00000001   PAD
    0x080072d4   0x080072d4   0x00000020   Data   RO         3471    Region$$Table       anon$$obj.o


    Execution Region RW_m_data (Exec base: 0x20000000, Load base: 0x080072f8, Size: 0x00013564, Max: 0x0001dc00, ABSOLUTE, COMPRESSED[0x00000078])

    Exec Addr    Load Addr    Size         Type   Attr      Idx    E Section Name        Object

    0x20000000   COMPRESSED   0x00000004   Data   RW         3016    .data               mc_w.l(rand.o)
    0x20000004   COMPRESSED   0x00000004   Data   RW         3424    .data               mc_w.l(stdout.o)
    0x20000008   COMPRESSED   0x00000004   Data   RW         3444    .data               mc_w.l(mvars.o)
    0x2000000c   COMPRESSED   0x00000004   Data   RW         3445    .data               mc_w.l(mvars.o)
    0x20000010   COMPRESSED   0x00000002   Data   RW          317    .data..L_MergedGlobals  auto_menu.o
    0x20000012   COMPRESSED   0x00000006   Data   RW         1500    .data..L_MergedGlobals  zf_device_ips200.o
    0x20000018   COMPRESSED   0x0000004c   Data   RW         1574    .data..L_MergedGlobals  zf_device_mt9v03x.o
    0x20000064   COMPRESSED   0x0000000c   Data   RW         1866    .data..L_MergedGlobals  zf_device_type.o
    0x20000070   COMPRESSED   0x00000030   Data   RW          332    .data.dir           tracking.o
    0x200000a0   COMPRESSED   0x00000002   Data   RW         1203    .data.dl1a_distance_mm  zf_device_dl1a.o
    0x200000a2   COMPRESSED   0x00000002   Data   RW         1224    .data.dm1xa_distance_mm  zf_device_dm1xa.o
    0x200000a4   COMPRESSED   0x00000008   Data   RW          577    .data.encoder_dir_pin  zf_driver_encoder.o
    0x200000ac   COMPRESSED   0x00000020   Data   RW          641    .data.gpio_group    zf_driver_gpio.o
    0x200000cc   COMPRESSED   0x00000030   Data   RW            6    .data.left          main.o
    0x200000fc   COMPRESSED   0x00000030   Data   RW            7    .data.right         main.o
    0x2000012c   COMPRESSED   0x00000004   Data   RW          344    .data.system_clock  zf_common_clock.o
    0x20000130   COMPRESSED   0x00000004   Data   RW         1865    .data.wireless_module_uart_handler  zf_device_type.o
    0x20000134   COMPRESSED   0x00000001   Data   RW          384    .data.zf_debug_assert_enable  zf_common_debug.o
    0x20000135   COMPRESSED   0x00000003   PAD
    0x20000138        -       0x0000000c   Zero   RW          173    .bss..L_MergedGlobals  picture.o
    0x20000144        -       0x0000000e   Zero   RW          240    .bss..L_MergedGlobals  key.o
    0x20000152   COMPRESSED   0x00000002   PAD
    0x20000154        -       0x0000001c   Zero   RW          388    .bss..L_MergedGlobals  zf_common_debug.o
    0x20000170        -       0x00000010   Zero   RW         1068    .bss..L_MergedGlobals  zf_driver_timer.o
    0x20000180        -       0x00000020   Zero   RW         1160    .bss..L_MergedGlobals  zf_device_camera.o
    0x200001a0        -       0x00000014   Zero   RW         1205    .bss..L_MergedGlobals  zf_device_dl1a.o
    0x200001b4        -       0x00000008   Zero   RW         1225    .bss..L_MergedGlobals  zf_device_dm1xa.o
    0x200001bc   COMPRESSED   0x00000004   PAD
    0x200001c0        -       0x00000060   Zero   RW         1270    .bss..L_MergedGlobals  zf_device_gps_tau1201.o
    0x20000220        -       0x00000002   Zero   RW         1848    .bss..L_MergedGlobals  zf_device_tsl1401.o
    0x20000222        -       0x00000007   Zero   RW         1501    .bss..L_MergedGlobals.1  zf_device_ips200.o
    0x20000229   COMPRESSED   0x00000003   PAD
    0x2000022c        -       0x0000002c   Zero   RW          318    .bss..L_MergedGlobals.26  auto_menu.o
    0x20000258        -       0x00000004   Zero   RW         1575    .bss..L_MergedGlobals.3  zf_device_mt9v03x.o
    0x2000025c        -       0x00000002   Zero   RW          521    .bss.adc_resolution  zf_driver_adc.o
    0x2000025e        -       0x00005820   Zero   RW          163    .bss.bin_image      picture.o
    0x20005a7e        -       0x00000001   Zero   RW         1863    .bss.camera_type    zf_device_type.o
    0x20005a7f        -       0x00000078   Zero   RW          172    .bss.center_line    picture.o
    0x20005af7        -       0x00000001   Zero   RW          385    .bss.debug_assert_handler.assert_nest_index  zf_common_debug.o
    0x20005af8        -       0x000002d0   Zero   RW          167    .bss.dir_l          picture.o
    0x20005dc8        -       0x000002d0   Zero   RW          166    .bss.dir_r          picture.o
    0x20006098        -       0x00000004   Zero   RW          211    .bss.encoder1       encoder.o
    0x2000609c        -       0x00000004   Zero   RW          212    .bss.encoder2       encoder.o
    0x200060a0        -       0x00000080   Zero   RW         1268    .bss.gps_gga_buffer  zf_device_gps_tau1201.o
    0x20006120        -       0x00000080   Zero   RW         1267    .bss.gps_rmc_buffer  zf_device_gps_tau1201.o
    0x200061a0        -       0x00000004   Zero   RW          505    .bss.interrupt_nest_count  zf_common_interrupt.o
    0x200061a4        -       0x00000078   Zero   RW          169    .bss.l_border       picture.o
    0x2000621c        -       0x00000001   Zero   RW         1571    .bss.mt9v03x_finish_flag  zf_device_mt9v03x.o
    0x2000621d   COMPRESSED   0x00000003   PAD
    0x20006220        -       0x00000004   Zero   RW         2978    .bss.mt9v03x_h_blank  zf_device_config.lib(zf_device_config.o)
    0x20006224        -       0x00000010   Zero   RW         2976    .bss.mt9v03x_iic_inf_struct  zf_device_config.lib(zf_device_config.o)
    0x20006234        -       0x00005820   Zero   RW         1573    .bss.mt9v03x_image  zf_device_mt9v03x.o
    0x2000ba54        -       0x00000014   Zero   RW         2977    .bss.mt9v03x_init_config  zf_device_config.lib(zf_device_config.o)
    0x2000ba68        -       0x00000004   Zero   RW         2979    .bss.mt9v03x_v_blank  zf_device_config.lib(zf_device_config.o)
    0x2000ba6c        -       0x000000c8   Zero   RW          316    .bss.my_index       auto_menu.o
    0x2000bb34        -       0x00000fa0   Zero   RW          314    .bss.my_menu_unit   auto_menu.o
    0x2000cad4        -       0x000004b0   Zero   RW          315    .bss.my_param_set   auto_menu.o
    0x2000cf84        -       0x00005820   Zero   RW          162    .bss.original_image  picture.o
    0x200127a4        -       0x000005a0   Zero   RW          164    .bss.points_l       picture.o
    0x20012d44        -       0x000005a0   Zero   RW          165    .bss.points_r       picture.o
    0x200132e4        -       0x00000078   Zero   RW          170    .bss.r_border       picture.o
    0x2001335c        -       0x00000200   Zero   RW         1847    .bss.tsl1401_data   zf_device_tsl1401.o
    0x2001355c        -       0x00000008   Zero   RW         1095    .bss.uart_interrupt_state  zf_driver_uart.o


    Execution Region ARM_LIB_HEAP (Exec base: 0x20013564, Load base: 0x08007370, Size: 0x00000400, Max: 0x00000400, ABSOLUTE)

    Exec Addr    Load Addr    Size         Type   Attr      Idx    E Section Name        Object

    0x20013564        -       0x00000400   Zero   RW            1    ARM_LIB_HEAP.bss    anon$$obj.o


    Execution Region ARM_LIB_STACK (Exec base: 0x2001e000, Load base: 0x08007370, Size: 0x00002000, Max: 0x00002000, ABSOLUTE)

    Exec Addr    Load Addr    Size         Type   Attr      Idx    E Section Name        Object

    0x2001e000        -       0x00002000   Zero   RW            2    ARM_LIB_STACK.bss   anon$$obj.o


==============================================================================

Image component sizes


      Code (inc. data)   RO Data    RW Data    ZI Data      Debug   Object Name

      2920        358         15          2       5444      14128   auto_menu.o
        68          8          0          0          8       1878   encoder.o
      1068        100          0          0          0       6633   isr.o
       314         28          0          0         14       3414   key.o
        92          8          0         96          0       2753   main.o
       194          8          0          0          0       3942   motor.o
      2332        164         32          0      49812      14742   picture.o
       172          8          0          0          0       1744   pid.o
        36          8        400          0          0        832   startup_mm32f3277g.o
        12          4          0          0          0        607   system_mm32f3277g.o
         0          0          0         48          0       1031   tracking.o
       492         56          0          4          0       2848   zf_common_clock.o
      1098        148        181          1         29       9464   zf_common_debug.o
       882          4         43          0          0       6131   zf_common_fifo.o
         0          0       2072          0          0        721   zf_common_font.o
       502          8         47          0          0      10901   zf_common_function.o
       160         28          0          0          4       4730   zf_common_interrupt.o
       108          8          0          0         32       5844   zf_device_camera.o
       116          8          0          2         20       9527   zf_device_dl1a.o
       168         20          0          2          8       3547   zf_device_dm1xa.o
       176         20          0          0        352      10368   zf_device_gps_tau1201.o
      2880        116         45          6          7      17173   zf_device_ips200.o
       796        104         46         76      22565       8763   zf_device_mt9v03x.o
       142         12          0          0        514       3872   zf_device_tsl1401.o
        50         12          0         16          1       1710   zf_device_type.o
        68          8          8          0          2       4918   zf_driver_adc.o
        84         16         44          0          0       1278   zf_driver_delay.o
       222         40          8          0          0       4273   zf_driver_dma.o
       366         48         46          8          0       6422   zf_driver_encoder.o
       296         40          0          0          0       5529   zf_driver_exti.o
       308         16          0         32          0       5457   zf_driver_gpio.o
       188         32         42          0          0       5429   zf_driver_pit.o
       552         44         42          0          0       5683   zf_driver_pwm.o
      1238         12         47          0          0      14215   zf_driver_soft_iic.o
       484         20         50          0          0      11994   zf_driver_spi.o
       488         52         44          0         16       8549   zf_driver_timer.o
       604         36         83          0          8       8264   zf_driver_uart.o

    ----------------------------------------------------------------------
     19688       1602       3328        296      88064     229314   Object Totals
         0          0         32          0       9216          0   (incl. Generated)
        12          0          1          3         12          0   (incl. Padding)

    ----------------------------------------------------------------------

      Code (inc. data)   RO Data    RW Data    ZI Data      Debug   Library Member Name

        86          0          0          0          0          0   __dczerorl2.o
         0          0          0          0          0          0   entry.o
         0          0          0          0          0          0   entry10a.o
         0          0          0          0          0          0   entry11a.o
         8          4          0          0          0          0   entry4.o
         4          0          0          0          0          0   entry5.o
         0          0          0          0          0          0   entry7b.o
         0          0          0          0          0          0   entry8b.o
         8          4          0          0          0          0   entry9a.o
        30          0          0          0          0          0   handlers.o
        36          8          0          0          0         68   init.o
         0          0          0          0          0          0   iusefp.o
        30          0          0          0          0         68   llshl.o
        36          0          0          0          0         68   llsshr.o
        32          0          0          0          0         68   llushr.o
       188         20          0          0          0        160   malloc2.o
        26          0          0          0          0         80   memcmp.o
        36          0          0          0          0         68   memcpya.o
        36          0          0          0          0        108   memseta.o
         0          0          0          8          0          0   mvars.o
       490         10          0          0          0        252   printf3.o
        36          6          0          0          0         80   puts.o
        36         10          0          4          0        136   rand.o
         0          0          0          4          0          0   stdout.o
        18          0          0          0          0         68   strcpy.o
        14          0          0          0          0         68   strlen.o
        44          0          0          0          0         80   uidiv.o
        56          0          0          0          0         88   d2f.o
       334          0          0          0          0        148   dadd.o
        54          0          0          0          0         80   dcmpge.o
        54          0          0          0          0         80   dcmpgt.o
       222          0          0          0          0        100   ddiv.o
       186          0          0          0          0        176   depilogue.o
        62          0          0          0          0         80   dfixi.o
        34          0          0          0          0         76   dflti.o
       228          0          0          0          0         96   dmul.o
        38          0          0          0          0         68   f2d.o
       176          0          0          0          0        140   fadd.o
        28          0          0          0          0         68   fcmpeq.o
        28          0          0          0          0         68   fcmpge.o
        28          0          0          0          0         68   fcmpgt.o
        28          0          0          0          0         68   fcmple.o
        28          0          0          0          0         68   fcmplt.o
       124          0          0          0          0         88   fdiv.o
       110          0          0          0          0        168   fepilogue.o
        50          0          0          0          0         68   ffixi.o
        18          0          0          0          0         68   fflti.o
        10          0          0          0          0         68   ffltui.o
       100          0          0          0          0         76   fmul.o
      2588          0          0          0         44       3849   zf_device_config.o

    ----------------------------------------------------------------------
      5788         62          0         16         44       7229   Library Totals
        10          0          0          0          0          0   (incl. Padding)

    ----------------------------------------------------------------------

      Code (inc. data)   RO Data    RW Data    ZI Data      Debug   Library Name

      1194         62          0         16          0       1372   mc_w.l
      1996          0          0          0          0       2008   mf_w.l
      2588          0          0          0         44       3849   zf_device_config.lib

    ----------------------------------------------------------------------
      5788         62          0         16         44       7229   Library Totals

    ----------------------------------------------------------------------

==============================================================================


      Code (inc. data)   RO Data    RW Data    ZI Data      Debug   

     25476       1664       3328        312      88108     234171   Grand Totals
     25476       1664       3328        120      88108     234171   ELF Image Totals (compressed)
     25476       1664       3328        120          0          0   ROM Totals

==============================================================================

    Total RO  Size (Code + RO Data)                28804 (  28.13kB)
    Total RW  Size (RW Data + ZI Data)             88420 (  86.35kB)
    Total ROM Size (Code + RO Data + RW Data)      28924 (  28.25kB)

==============================================================================

