Component: Arm Compiler for Embedded 6.19 Tool: armlink [5e73cb00]

==============================================================================

Section Cross References

    main.o(.text.main) refers to zf_common_clock.o(.text.clock_init) for clock_init
    main.o(.text.main) refers to zf_common_debug.o(.text.debug_init) for debug_init
    main.o(.text.main) refers to zf_device_mt9v03x.o(.text.mt9v03x_init) for mt9v03x_init
    main.o(.text.main) refers to encoder.o(.text.Encoder_Init) for Encoder_Init
    main.o(.text.main) refers to auto_menu.o(.text.menu_init) for menu_init
    main.o(.text.main) refers to zf_driver_pit.o(.text.pit_init) for pit_init
    main.o(.text.main) refers to zf_common_interrupt.o(.text.interrupt_set_priority) for interrupt_set_priority
    main.o(.text.main) refers to motor.o(.text.motor_set_target) for motor_set_target
    main.o(.text.main) refers to auto_menu.o(.text.menu_adaptive_display) for menu_adaptive_display
    main.o(.text.main) refers to auto_menu.o(.text.show_process) for show_process
    main.o(.text.main) refers to picture.o(.text.image_process) for image_process
    main.o(.text.main) refers to picture.o(.text.image_show) for image_show
    main.o(.text.main) refers to zf_common_clock.o(.data.system_clock) for system_clock
    main.o(.text.main) refers to main.o(.data.basespeed) for basespeed
    main.o(.text.main) refers to main.o(.bss.showflag) for showflag
    main.o(.ARM.exidx.text.main) refers to main.o(.text.main) for [Anonymous Symbol]
    isr.o(.text.TIM1_UP_IRQHandler) refers to isr.o(.text.OUTLINED_FUNCTION_0) for OUTLINED_FUNCTION_0
    isr.o(.ARM.exidx.text.TIM1_UP_IRQHandler) refers to isr.o(.text.TIM1_UP_IRQHandler) for [Anonymous Symbol]
    isr.o(.text.TIM2_IRQHandler) refers to tracking.o(.text.Tracking) for Tracking
    isr.o(.text.TIM2_IRQHandler) refers to zf_driver_encoder.o(.text.encoder_get_count) for encoder_get_count
    isr.o(.text.TIM2_IRQHandler) refers to zf_driver_encoder.o(.text.encoder_clear_count) for encoder_clear_count
    isr.o(.text.TIM2_IRQHandler) refers to encoder.o(.text.Encoder2_get) for Encoder2_get
    isr.o(.text.TIM2_IRQHandler) refers to encoder.o(.text.Encoder1_get) for Encoder1_get
    isr.o(.text.TIM2_IRQHandler) refers to fflti.o(.text) for __aeabi_i2f
    isr.o(.text.TIM2_IRQHandler) refers to pid.o(.text.increment_pid_update) for increment_pid_update
    isr.o(.text.TIM2_IRQHandler) refers to fadd.o(.text) for __aeabi_fsub
    isr.o(.text.TIM2_IRQHandler) refers to ffixi.o(.text) for __aeabi_f2iz
    isr.o(.text.TIM2_IRQHandler) refers to motor.o(.text.motor) for motor
    isr.o(.text.TIM2_IRQHandler) refers to isr.o(.bss.count2) for count2
    isr.o(.text.TIM2_IRQHandler) refers to encoder.o(.bss.encoder1) for encoder1
    isr.o(.text.TIM2_IRQHandler) refers to encoder.o(.bss.encoder2) for encoder2
    isr.o(.text.TIM2_IRQHandler) refers to main.o(.data.left) for left
    isr.o(.text.TIM2_IRQHandler) refers to main.o(.data.right) for right
    isr.o(.text.TIM2_IRQHandler) refers to tracking.o(.data..L_MergedGlobals) for dir
    isr.o(.ARM.exidx.text.TIM2_IRQHandler) refers to isr.o(.text.TIM2_IRQHandler) for [Anonymous Symbol]
    isr.o(.text.TIM3_IRQHandler) refers to isr.o(.text.OUTLINED_FUNCTION_0) for OUTLINED_FUNCTION_0
    isr.o(.ARM.exidx.text.TIM3_IRQHandler) refers to isr.o(.text.TIM3_IRQHandler) for [Anonymous Symbol]
    isr.o(.text.TIM4_IRQHandler) refers to isr.o(.text.OUTLINED_FUNCTION_0) for OUTLINED_FUNCTION_0
    isr.o(.ARM.exidx.text.TIM4_IRQHandler) refers to isr.o(.text.TIM4_IRQHandler) for [Anonymous Symbol]
    isr.o(.text.TIM5_IRQHandler) refers to isr.o(.text.OUTLINED_FUNCTION_0) for OUTLINED_FUNCTION_0
    isr.o(.ARM.exidx.text.TIM5_IRQHandler) refers to isr.o(.text.TIM5_IRQHandler) for [Anonymous Symbol]
    isr.o(.text.TIM6_IRQHandler) refers to isr.o(.text.OUTLINED_FUNCTION_0) for OUTLINED_FUNCTION_0
    isr.o(.ARM.exidx.text.TIM6_IRQHandler) refers to isr.o(.text.TIM6_IRQHandler) for [Anonymous Symbol]
    isr.o(.text.TIM7_IRQHandler) refers to isr.o(.text.OUTLINED_FUNCTION_0) for OUTLINED_FUNCTION_0
    isr.o(.ARM.exidx.text.TIM7_IRQHandler) refers to isr.o(.text.TIM7_IRQHandler) for [Anonymous Symbol]
    isr.o(.text.TIM8_UP_IRQHandler) refers to zf_device_tsl1401.o(.text.tsl1401_collect_pit_handler) for tsl1401_collect_pit_handler
    isr.o(.ARM.exidx.text.TIM8_UP_IRQHandler) refers to isr.o(.text.TIM8_UP_IRQHandler) for [Anonymous Symbol]
    isr.o(.ARM.exidx.text.UART1_IRQHandler) refers to isr.o(.text.UART1_IRQHandler) for [Anonymous Symbol]
    isr.o(.text.UART2_IRQHandler) refers to isr.o(.text.OUTLINED_FUNCTION_2) for OUTLINED_FUNCTION_2
    isr.o(.text.UART2_IRQHandler) refers to zf_device_gps_tau1201.o(.text.gps_uart_callback) for gps_uart_callback
    isr.o(.text.UART2_IRQHandler) refers to isr.o(.text.OUTLINED_FUNCTION_1) for OUTLINED_FUNCTION_1
    isr.o(.ARM.exidx.text.UART2_IRQHandler) refers to isr.o(.text.UART2_IRQHandler) for [Anonymous Symbol]
[...]
    _printf_wc                               0x00000000   Number         0  printfstubs.o ABSOLUTE
    _printf_wctomb                           0x00000000   Number         0  printfstubs.o ABSOLUTE
    _printf_widthprec                        0x00000000   Number         0  printfstubs.o ABSOLUTE
    _printf_x                                0x00000000   Number         0  printfstubs.o ABSOLUTE
    __cpp_initialize__aeabi_                  - Undefined Weak Reference
    __cxa_finalize                            - Undefined Weak Reference
    _clock_init                               - Undefined Weak Reference
    _microlib_exit                            - Undefined Weak Reference
    __Vectors_Size                           0x00000190   Number         0  startup_mm32f3277g.o ABSOLUTE
    __Vectors                                0x08000000   Data           4  startup_mm32f3277g.o(RESET)
    __Vectors_End                            0x08000190   Data           0  startup_mm32f3277g.o(RESET)
    __main                                   0x08000401   Thumb Code     0  entry.o(.ARM.Collect$$$$00000000)
    _main_stk                                0x08000401   Thumb Code     0  entry4.o(.ARM.Collect$$$$00000003)
    _main_scatterload                        0x08000405   Thumb Code     0  entry5.o(.ARM.Collect$$$$00000004)
    __main_after_scatterload                 0x08000409   Thumb Code     0  entry5.o(.ARM.Collect$$$$00000004)
    _main_clock                              0x08000409   Thumb Code     0  entry7b.o(.ARM.Collect$$$$00000008)
    _main_cpp_init                           0x08000409   Thumb Code     0  entry8b.o(.ARM.Collect$$$$0000000A)
    _main_init                               0x08000409   Thumb Code     0  entry9a.o(.ARM.Collect$$$$0000000B)
    __rt_final_cpp                           0x08000411   Thumb Code     0  entry10a.o(.ARM.Collect$$$$0000000D)
    __rt_final_exit                          0x08000411   Thumb Code     0  entry11a.o(.ARM.Collect$$$$0000000F)
    Reset_Handler                            0x08000415   Thumb Code     8  startup_mm32f3277g.o(.text)
    NMI_Handler                              0x0800041d   Thumb Code     2  startup_mm32f3277g.o(.text)
    HardFault_Handler                        0x0800041f   Thumb Code     2  startup_mm32f3277g.o(.text)
    MemManage_Handler                        0x08000421   Thumb Code     2  startup_mm32f3277g.o(.text)
    BusFault_Handler                         0x08000423   Thumb Code     2  startup_mm32f3277g.o(.text)
    UsageFault_Handler                       0x08000425   Thumb Code     2  startup_mm32f3277g.o(.text)
    SVC_Handler                              0x08000427   Thumb Code     2  startup_mm32f3277g.o(.text)
    DebugMon_Handler                         0x08000429   Thumb Code     2  startup_mm32f3277g.o(.text)
    PendSV_Handler                           0x0800042b   Thumb Code     2  startup_mm32f3277g.o(.text)
    SysTick_Handler                          0x0800042d   Thumb Code     2  startup_mm32f3277g.o(.text)
    ADC1_2_IRQHandler                        0x0800042f   Thumb Code     0  startup_mm32f3277g.o(.text)
    ADC3_IRQHandler                          0x0800042f   Thumb Code     0  startup_mm32f3277g.o(.text)
    CAN1_RX_IRQHandler                       0x0800042f   Thumb Code     0  startup_mm32f3277g.o(.text)
    COMP1_2_IRQHandler                       0x0800042f   Thumb Code     0  startup_mm32f3277g.o(.text)
    ETH_IRQHandler                           0x0800042f   Thumb Code     0  startup_mm32f3277g.o(.text)
    FLASH_IRQHandler                         0x0800042f   Thumb Code     0  startup_mm32f3277g.o(.text)
    FlashCache_IRQHandler                    0x0800042f   Thumb Code     0  startup_mm32f3277g.o(.text)
    I2C1_IRQHandler                          0x0800042f   Thumb Code     0  startup_mm32f3277g.o(.text)
    I2C2_IRQHandler                          0x0800042f   Thumb Code     0  startup_mm32f3277g.o(.text)
    OTG_FS_IRQHandler                        0x0800042f   Thumb Code     0  startup_mm32f3277g.o(.text)
    OTG_FS_WKUP_IRQHandler                   0x0800042f   Thumb Code     0  startup_mm32f3277g.o(.text)
    PVD_IRQHandler                           0x0800042f   Thumb Code     0  startup_mm32f3277g.o(.text)
    RCC_CRS_IRQHandler                       0x0800042f   Thumb Code     0  startup_mm32f3277g.o(.text)
    RTCAlarm_IRQHandler                      0x0800042f   Thumb Code     0  startup_mm32f3277g.o(.text)
    RTC_IRQHandler                           0x0800042f   Thumb Code     0  startup_mm32f3277g.o(.text)
    SDIO_IRQHandler                          0x0800042f   Thumb Code     0  startup_mm32f3277g.o(.text)
    SPI1_IRQHandler                          0x0800042f   Thumb Code     0  startup_mm32f3277g.o(.text)
    SPI2_IRQHandler                          0x0800042f   Thumb Code     0  startup_mm32f3277g.o(.text)
    SPI3_IRQHandler                          0x0800042f   Thumb Code     0  startup_mm32f3277g.o(.text)
    TAMPER_IRQHandler                        0x0800042f   Thumb Code     0  startup_mm32f3277g.o(.text)
    TIM1_BRK_IRQHandler                      0x0800042f   Thumb Code     0  startup_mm32f3277g.o(.text)
    TIM1_CC_IRQHandler                       0x0800042f   Thumb Code     0  startup_mm32f3277g.o(.text)
    TIM1_TRG_COM_IRQHandler                  0x0800042f   Thumb Code     0  startup_mm32f3277g.o(.text)
    TIM8_BRK_IRQHandler                      0x0800042f   Thumb Code     0  startup_mm32f3277g.o(.text)
    TIM8_CC_IRQHandler                       0x0800042f   Thumb Code     0  startup_mm32f3277g.o(.text)
    TIM8_TRG_COM_IRQHandler                  0x0800042f   Thumb Code     0  startup_mm32f3277g.o(.text)
    WWDG_IRQHandler                          0x0800042f   Thumb Code     0  startup_mm32f3277g.o(.text)
    rand                                     0x08000439   Thumb Code    20  rand.o(.text)
    srand                                    0x0800044d   Thumb Code     6  rand.o(.text)
    __aeabi_memcpy                           0x0800045d   Thumb Code    36  memcpya.o(.text)
    __aeabi_memcpy4                          0x0800045d   Thumb Code     0  memcpya.o(.text)
    __aeabi_memcpy8                          0x0800045d   Thumb Code     0  memcpya.o(.text)
    __aeabi_memset                           0x08000481   Thumb Code    14  memseta.o(.text)
    __aeabi_memset4                          0x08000481   Thumb Code     0  memseta.o(.text)
    __aeabi_memset8                          0x08000481   Thumb Code     0  memseta.o(.text)
    __aeabi_memclr                           0x0800048f   Thumb Code     4  memseta.o(.text)
    __aeabi_memclr4                          0x0800048f   Thumb Code     0  memseta.o(.text)
    __aeabi_memclr8                          0x0800048f   Thumb Code     0  memseta.o(.text)
    _memset$wrapper                          0x08000493   Thumb Code    18  memseta.o(.text)
    strlen                                   0x080004a5   Thumb Code    14  strlen.o(.text)
    memcmp                                   0x080004b3   Thumb Code    26  memcmp.o(.text)
    strcpy                                   0x080004cd   Thumb Code    18  strcpy.o(.text)
    __aeabi_fadd                             0x080004df   Thumb Code   164  fadd.o(.text)
    __aeabi_fsub                             0x08000583   Thumb Code     6  fadd.o(.text)
    __aeabi_frsub                            0x08000589   Thumb Code     6  fadd.o(.text)
    __aeabi_fmul                             0x0800058f   Thumb Code   100  fmul.o(.text)
    __aeabi_fdiv                             0x080005f3   Thumb Code   124  fdiv.o(.text)
    __aeabi_dadd                             0x0800066f   Thumb Code   322  dadd.o(.text)
    __aeabi_dsub                             0x080007b1   Thumb Code     6  dadd.o(.text)
    __aeabi_drsub                            0x080007b7   Thumb Code     6  dadd.o(.text)
    __aeabi_dmul                             0x080007bd   Thumb Code   228  dmul.o(.text)
    __aeabi_fcmple                           0x080008a1   Thumb Code    28  fcmple.o(.text)
    __aeabi_fcmplt                           0x080008bd   Thumb Code    28  fcmplt.o(.text)
    __aeabi_fcmpge                           0x080008d9   Thumb Code    28  fcmpge.o(.text)
    __aeabi_fcmpgt                           0x080008f5   Thumb Code    28  fcmpgt.o(.text)
    __aeabi_fcmpeq                           0x08000911   Thumb Code    28  fcmpeq.o(.text)
    __aeabi_i2f                              0x0800092d   Thumb Code    18  fflti.o(.text)
    __aeabi_ui2f                             0x0800093f   Thumb Code    10  ffltui.o(.text)
    __aeabi_f2iz                             0x08000949   Thumb Code    50  ffixi.o(.text)
    __aeabi_d2iz                             0x0800097b   Thumb Code    62  dfixi.o(.text)
    __aeabi_f2d                              0x080009b9   Thumb Code    38  f2d.o(.text)
    __aeabi_d2f                              0x080009df   Thumb Code    56  d2f.o(.text)
    __aeabi_uidiv                            0x08000a17   Thumb Code     0  uidiv.o(.text)
    __aeabi_uidivmod                         0x08000a17   Thumb Code    44  uidiv.o(.text)
    __aeabi_llsl                             0x08000a43   Thumb Code    30  llshl.o(.text)
    _ll_shift_l                              0x08000a43   Thumb Code     0  llshl.o(.text)
    __aeabi_llsr                             0x08000a61   Thumb Code    32  llushr.o(.text)
    _ll_ushift_r                             0x08000a61   Thumb Code     0  llushr.o(.text)
    __aeabi_lasr                             0x08000a81   Thumb Code    36  llsshr.o(.text)
    _ll_sshift_r                             0x08000a81   Thumb Code     0  llsshr.o(.text)
    __I$use$fp                               0x08000aa5   Thumb Code     0  iusefp.o(.text)
    _float_round                             0x08000aa5   Thumb Code    18  fepilogue.o(.text)
    _float_epilogue                          0x08000ab7   Thumb Code    92  fepilogue.o(.text)
    _double_round                            0x08000b13   Thumb Code    30  depilogue.o(.text)
    _double_epilogue                         0x08000b31   Thumb Code   156  depilogue.o(.text)
    __scatterload                            0x08000bcd   Thumb Code    28  init.o(.text)
    __scatterload_rt2                        0x08000bcd   Thumb Code     0  init.o(.text)
    __decompress                             0x08000bf1   Thumb Code     0  __dczerorl.o(.text)
    __decompress0                            0x08000bf1   Thumb Code    58  __dczerorl.o(.text)
    DMA1_Channel1_IRQHandler                 0x08000c2d   Thumb Code    20  isr.o(.text.DMA1_Channel1_IRQHandler)
    DMA1_Channel2_IRQHandler                 0x08000c41   Thumb Code    20  isr.o(.text.DMA1_Channel2_IRQHandler)
    DMA1_Channel3_IRQHandler                 0x08000c55   Thumb Code    20  isr.o(.text.DMA1_Channel3_IRQHandler)
    DMA1_Channel4_IRQHandler                 0x08000c69   Thumb Code    28  isr.o(.text.DMA1_Channel4_IRQHandler)
    DMA1_Channel5_IRQHandler                 0x08000c89   Thumb Code    20  isr.o(.text.DMA1_Channel5_IRQHandler)
    DMA1_Channel6_IRQHandler                 0x08000c9d   Thumb Code    20  isr.o(.text.DMA1_Channel6_IRQHandler)
    DMA1_Channel7_IRQHandler                 0x08000cb1   Thumb Code    20  isr.o(.text.DMA1_Channel7_IRQHandler)
    DMA2_Channel1_IRQHandler                 0x08000cc9   Thumb Code    20  isr.o(.text.DMA2_Channel1_IRQHandler)
    DMA2_Channel2_IRQHandler                 0x08000cdd   Thumb Code    20  isr.o(.text.DMA2_Channel2_IRQHandler)
    DMA2_Channel3_IRQHandler                 0x08000cf1   Thumb Code    20  isr.o(.text.DMA2_Channel3_IRQHandler)
    DMA2_Channel4_IRQHandler                 0x08000d05   Thumb Code    20  isr.o(.text.DMA2_Channel4_IRQHandler)
    DMA2_Channel5_IRQHandler                 0x08000d19   Thumb Code    20  isr.o(.text.DMA2_Channel5_IRQHandler)
    EXTI0_IRQHandler                         0x08000d31   Thumb Code    12  isr.o(.text.EXTI0_IRQHandler)
    EXTI15_10_IRQHandler                     0x08000d3d   Thumb Code   100  isr.o(.text.EXTI15_10_IRQHandler)
    EXTI1_IRQHandler                         0x08000da1   Thumb Code    12  isr.o(.text.EXTI1_IRQHandler)
    EXTI2_IRQHandler                         0x08000dad   Thumb Code    12  isr.o(.text.EXTI2_IRQHandler)
    EXTI3_IRQHandler                         0x08000db9   Thumb Code    12  isr.o(.text.EXTI3_IRQHandler)
    EXTI4_IRQHandler                         0x08000dc5   Thumb Code    20  isr.o(.text.EXTI4_IRQHandler)
    EXTI9_5_IRQHandler                       0x08000dd9   Thumb Code    84  isr.o(.text.EXTI9_5_IRQHandler)
    Encoder1_get                             0x08000e35   Thumb Code     8  encoder.o(.text.Encoder1_get)
    Encoder2_get                             0x08000e41   Thumb Code     8  encoder.o(.text.Encoder2_get)
    Encoder_Init                             0x08000e4d   Thumb Code    34  encoder.o(.text.Encoder_Init)
    FUN_INIT                                 0x08000e71   Thumb Code    48  auto_menu.o(.text.FUN_INIT)
    Get_image                                0x08000efd   Thumb Code    72  picture.o(.text.Get_image)
    L_duan_A                                 0x08000f49   Thumb Code    88  picture.o(.text.L_duan_A)
    L_duan_P                                 0x08000fa5   Thumb Code   120  picture.o(.text.L_duan_P)
    L_duan_V                                 0x08001021   Thumb Code    84  picture.o(.text.L_duan_V)
    L_lose                                   0x08001079   Thumb Code    32  picture.o(.text.L_lose)
    Motor_Init                               0x0800109d   Thumb Code    44  motor.o(.text.Motor_Init)
    Motor_SetLeftSpeed                       0x080010c9   Thumb Code    64  motor.o(.text.Motor_SetLeftSpeed)
    Motor_SetRightSpeed                      0x0800110d   Thumb Code    48  motor.o(.text.Motor_SetRightSpeed)
    NULL_FUN                                 0x08001141   Thumb Code     2  auto_menu.o(.text.NULL_FUN)
    PID_update                               0x0800148d   Thumb Code   144  pid.o(.text.PID_update)
    R_lose                                   0x08001525   Thumb Code    28  picture.o(.text.R_lose)
    SystemInit                               0x08001545   Thumb Code     8  system_mm32f3277g.o(.text.SystemInit)
    TIM1_UP_IRQHandler                       0x08001551   Thumb Code     8  isr.o(.text.TIM1_UP_IRQHandler)
    TIM2_IRQHandler                          0x0800155d   Thumb Code   168  isr.o(.text.TIM2_IRQHandler)
    TIM3_IRQHandler                          0x08001615   Thumb Code     8  isr.o(.text.TIM3_IRQHandler)
    TIM4_IRQHandler                          0x08001621   Thumb Code     8  isr.o(.text.TIM4_IRQHandler)
    TIM5_IRQHandler                          0x0800162d   Thumb Code     8  isr.o(.text.TIM5_IRQHandler)
    TIM6_IRQHandler                          0x08001639   Thumb Code     8  isr.o(.text.TIM6_IRQHandler)
    TIM7_IRQHandler                          0x08001645   Thumb Code     8  isr.o(.text.TIM7_IRQHandler)
    TIM8_UP_IRQHandler                       0x08001651   Thumb Code    20  isr.o(.text.TIM8_UP_IRQHandler)
    Tracking                                 0x08001669   Thumb Code    44  tracking.o(.text.Tracking)
    UART1_IRQHandler                         0x0800169d   Thumb Code    32  isr.o(.text.UART1_IRQHandler)
    UART2_IRQHandler                         0x080016c1   Thumb Code    32  isr.o(.text.UART2_IRQHandler)
    UART3_IRQHandler                         0x080016e5   Thumb Code    32  isr.o(.text.UART3_IRQHandler)
    UART4_IRQHandler                         0x08001709   Thumb Code    32  isr.o(.text.UART4_IRQHandler)
    UART5_IRQHandler                         0x0800172d   Thumb Code    32  isr.o(.text.UART5_IRQHandler)
    UART6_IRQHandler                         0x08001751   Thumb Code    32  isr.o(.text.UART6_IRQHandler)
    UART7_IRQHandler                         0x08001779   Thumb Code    32  isr.o(.text.UART7_IRQHandler)
    UART8_IRQHandler                         0x0800179d   Thumb Code    32  isr.o(.text.UART8_IRQHandler)
    UNIT_SET                                 0x080017c5   Thumb Code   176  auto_menu.o(.text.UNIT_SET)
    adc_convert                              0x08001901   Thumb Code    60  zf_driver_adc.o(.text.adc_convert)
    afio_init                                0x08001945   Thumb Code    92  zf_driver_gpio.o(.text.afio_init)
    assist_menu                              0x080019a9   Thumb Code   204  auto_menu.o(.text.assist_menu)
    button_entry                             0x08001a75   Thumb Code   228  key.o(.text.button_entry)
    camera_fifo_init                         0x08001b71   Thumb Code    16  zf_device_camera.o(.text.camera_fifo_init)
    camera_init                              0x08001b85   Thumb Code    84  zf_device_camera.o(.text.camera_init)
    center_menu                              0x08001bdd   Thumb Code   296  auto_menu.o(.text.center_menu)
    change_value                             0x08001d19   Thumb Code   320  auto_menu.o(.text.change_value)
    check                                    0x08001e71   Thumb Code    56  tracking.o(.text.check)
    clock_init                               0x08001ead   Thumb Code   436  zf_common_clock.o(.text.clock_init)
    dad_name_init                            0x08002099   Thumb Code   128  auto_menu.o(.text.dad_name_init)
    day_night                                0x08002121   Thumb Code    68  auto_menu.o(.text.day_night)
    debug_assert_handler                     0x08002179   Thumb Code   184  zf_common_debug.o(.text.debug_assert_handler)
    debug_init                               0x08002251   Thumb Code    60  zf_common_debug.o(.text.debug_init)
    debug_log_handler                        0x08002291   Thumb Code    32  zf_common_debug.o(.text.debug_log_handler)
    debug_output_init                        0x08002505   Thumb Code    36  zf_common_debug.o(.text.debug_output_init)
    debug_output_struct_init                 0x0800252d   Thumb Code    22  zf_common_debug.o(.text.debug_output_struct_init)
    dl1a_get_distance                        0x0800254d   Thumb Code    84  zf_device_dl1a.o(.text.dl1a_get_distance)
    dl1a_int_handler                         0x080025a9   Thumb Code     4  zf_device_dl1a.o(.text.dl1a_int_handler)
    dm1xa_light_callback                     0x080025ad   Thumb Code    24  zf_device_dm1xa.o(.text.dm1xa_light_callback)
    dm1xa_sound_callback                     0x080025c5   Thumb Code   124  zf_device_dm1xa.o(.text.dm1xa_sound_callback)
    dma_camera_init                          0x08002655   Thumb Code    92  zf_driver_dma.o(.text.dma_camera_init)
    dma_disable                              0x080026d5   Thumb Code    20  zf_driver_dma.o(.text.dma_disable)
    dma_enable                               0x080026e9   Thumb Code    20  zf_driver_dma.o(.text.dma_enable)
    dma_set_count                            0x080026fd   Thumb Code    28  zf_driver_dma.o(.text.dma_set_count)
    encoder_clear_count                      0x0800271d   Thumb Code    60  zf_driver_encoder.o(.text.encoder_clear_count)
    encoder_get_count                        0x0800275d   Thumb Code    88  zf_driver_encoder.o(.text.encoder_get_count)
    encoder_quad_init                        0x080027bd   Thumb Code   156  zf_driver_encoder.o(.text.encoder_quad_init)
    exti_init                                0x08002865   Thumb Code   268  zf_driver_exti.o(.text.exti_init)
    fifo_clear                               0x0800298d   Thumb Code    88  zf_common_fifo.o(.text.fifo_clear)
    fifo_init                                0x08002a09   Thumb Code    52  zf_common_fifo.o(.text.fifo_init)
    fifo_read_buffer                         0x08002a3d   Thumb Code   260  zf_common_fifo.o(.text.fifo_read_buffer)
    fifo_used                                0x08002b41   Thumb Code    28  zf_common_fifo.o(.text.fifo_used)
    fifo_write_buffer                        0x08002b5d   Thumb Code   264  zf_common_fifo.o(.text.fifo_write_buffer)
    fifo_write_element                       0x08002c65   Thumb Code   108  zf_common_fifo.o(.text.fifo_write_element)
    fun_init                                 0x08002cd5   Thumb Code   216  auto_menu.o(.text.fun_init)
    fun_menu                                 0x08002db5   Thumb Code    28  auto_menu.o(.text.fun_menu)
    func_float_to_str                        0x08002dd5   Thumb Code   280  zf_common_function.o(.text.func_float_to_str)
    func_get_greatest_common_divisor         0x08002ef1   Thumb Code    18  zf_common_function.o(.text.func_get_greatest_common_divisor)
    func_int_to_str                          0x08002f05   Thumb Code   100  zf_common_function.o(.text.func_int_to_str)
    func_uint_to_str                         0x08002f69   Thumb Code    80  zf_common_function.o(.text.func_uint_to_str)
    get_left                                 0x08002fbd   Thumb Code    56  picture.o(.text.get_left)
    get_right                                0x08002ffd   Thumb Code    56  picture.o(.text.get_right)
    get_start_point                          0x08003039   Thumb Code   156  picture.o(.text.get_start_point)
    go                                       0x080030d5   Thumb Code    36  auto_menu.o(.text.go)
    gpio_get_level                           0x08003105   Thumb Code    28  zf_driver_gpio.o(.text.gpio_get_level)
    gpio_init                                0x08003121   Thumb Code   132  zf_driver_gpio.o(.text.gpio_init)
    gpio_set_level                           0x080031a9   Thumb Code    40  zf_driver_gpio.o(.text.gpio_set_level)
    gps_uart_callback                        0x080031d5   Thumb Code   156  zf_device_gps_tau1201.o(.text.gps_uart_callback)
    image_draw_rectan                        0x08003285   Thumb Code    46  picture.o(.text.image_draw_rectan)
    image_filter                             0x080032b3   Thumb Code   124  picture.o(.text.image_filter)
    image_process                            0x08003331   Thumb Code   128  picture.o(.text.image_process)
    image_show                               0x080033c1   Thumb Code   184  picture.o(.text.image_show)
    increment_pid_update                     0x0800349d   Thumb Code   168  pid.o(.text.increment_pid_update)
    index_xy_init                            0x0800354d   Thumb Code   108  auto_menu.o(.text.index_xy_init)
    interrupt_disable                        0x080035c5   Thumb Code    40  zf_common_interrupt.o(.text.interrupt_disable)
    interrupt_enable                         0x080035f1   Thumb Code    32  zf_common_interrupt.o(.text.interrupt_enable)
    interrupt_global_disable                 0x08003615   Thumb Code    16  zf_common_interrupt.o(.text.interrupt_global_disable)
    interrupt_init                           0x08003629   Thumb Code    20  zf_common_interrupt.o(.text.interrupt_init)
    interrupt_set_priority                   0x08003645   Thumb Code    24  zf_common_interrupt.o(.text.interrupt_set_priority)
    ips200_clear                             0x08003665   Thumb Code   112  zf_device_ips200.o(.text.ips200_clear)
    ips200_draw_point                        0x080036d5   Thumb Code   124  zf_device_ips200.o(.text.ips200_draw_point)
    ips200_init                              0x08003755   Thumb Code   668  zf_device_ips200.o(.text.ips200_init)
    ips200_set_color                         0x08003a0d   Thumb Code     8  zf_device_ips200.o(.text.ips200_set_color)
    ips200_set_dir                           0x08003a19   Thumb Code    28  zf_device_ips200.o(.text.ips200_set_dir)
    ips200_show_char                         0x08003af5   Thumb Code   332  zf_device_ips200.o(.text.ips200_show_char)
    ips200_show_float                        0x08003c4d   Thumb Code   268  zf_device_ips200.o(.text.ips200_show_float)
    ips200_show_gray_image                   0x08003d65   Thumb Code   252  zf_device_ips200.o(.text.ips200_show_gray_image)
    ips200_show_int                          0x08003e6d   Thumb Code   164  zf_device_ips200.o(.text.ips200_show_int)
    ips200_show_string                       0x08003f11   Thumb Code   124  zf_device_ips200.o(.text.ips200_show_string)
    ips200_show_uint                         0x08003f95   Thumb Code   164  zf_device_ips200.o(.text.ips200_show_uint)
    is_first_in_page                         0x08004121   Thumb Code    28  auto_menu.o(.text.is_first_in_page)
    is_menu_clear                            0x0800413d   Thumb Code    40  auto_menu.o(.text.is_menu_clear)
    key_into                                 0x08004169   Thumb Code    40  key.o(.text.key_into)
    leftcircle                               0x08004195   Thumb Code   220  picture.o(.text.leftcircle)
    main                                     0x08004275   Thumb Code    88  main.o(.text.main)
    menu_adaptive_display                    0x080042dd   Thumb Code   156  auto_menu.o(.text.menu_adaptive_display)
    menu_init                                0x080043b1   Thumb Code    32  auto_menu.o(.text.menu_init)
    motor                                    0x080043d1   Thumb Code    20  motor.o(.text.motor)
    motor_set_target                         0x080043e5   Thumb Code    28  motor.o(.text.motor_set_target)
    mt9v03x_get_version                      0x0800441d   Thumb Code    72  zf_device_mt9v03x.o(.text.mt9v03x_get_version)
    mt9v03x_init                             0x08004469   Thumb Code   500  zf_device_mt9v03x.o(.text.mt9v03x_init)
    mt9v03x_set_config_sccb                  0x080046f5   Thumb Code  2478  zf_device_config.o(.text.mt9v03x_set_config_sccb)
    off_show                                 0x08005131   Thumb Code    24  auto_menu.o(.text.off_show)
    otsuThreshold                            0x08005151   Thumb Code   316  picture.o(.text.otsuThreshold)
    pit_init                                 0x08005291   Thumb Code   164  zf_driver_pit.o(.text.pit_init)
    pwm_init                                 0x0800534d   Thumb Code   356  zf_driver_pwm.o(.text.pwm_init)
    pwm_set_duty                             0x080054b9   Thumb Code   176  zf_driver_pwm.o(.text.pwm_set_duty)
    rand_color                               0x08005575   Thumb Code    48  auto_menu.o(.text.rand_color)
    search_l_r                               0x080055b1   Thumb Code   888  picture.o(.text.search_l_r)
    set_camera_type                          0x08005945   Thumb Code    36  zf_device_type.o(.text.set_camera_type)
    show_gray                                0x08005975   Thumb Code    24  auto_menu.o(.text.show_gray)
    show_menu                                0x0800599d   Thumb Code    20  auto_menu.o(.text.show_menu)
    show_proc                                0x080059b1   Thumb Code    24  auto_menu.o(.text.show_proc)
    show_process                             0x080059d5   Thumb Code    92  auto_menu.o(.text.show_process)
    soft_iic_init                            0x08005a35   Thumb Code    88  zf_driver_soft_iic.o(.text.soft_iic_init)
    soft_iic_read_8bit_registers             0x08005a8d   Thumb Code   100  zf_driver_soft_iic.o(.text.soft_iic_read_8bit_registers)
    soft_iic_sccb_read_register              0x08005bdd   Thumb Code    68  zf_driver_soft_iic.o(.text.soft_iic_sccb_read_register)
    soft_iic_sccb_write_register             0x08005c21   Thumb Code    60  zf_driver_soft_iic.o(.text.soft_iic_sccb_write_register)
    soft_iic_write_8bit_register             0x08005e15   Thumb Code    60  zf_driver_soft_iic.o(.text.soft_iic_write_8bit_register)
    spi_init                                 0x08005e59   Thumb Code   348  zf_driver_spi.o(.text.spi_init)
    spi_write_16bit                          0x08005fc5   Thumb Code    44  zf_driver_spi.o(.text.spi_write_16bit)
    spi_write_8bit                           0x08005ff1   Thumb Code    32  zf_driver_spi.o(.text.spi_write_8bit)
    system_delay_ms                          0x08006015   Thumb Code    68  zf_driver_delay.o(.text.system_delay_ms)
    timer_clear                              0x08006069   Thumb Code    72  zf_driver_timer.o(.text.timer_clear)
    timer_clock_enable                       0x080060b5   Thumb Code   108  zf_driver_timer.o(.text.timer_clock_enable)
    timer_etr_init                           0x08006125   Thumb Code   184  zf_driver_timer.o(.text.timer_etr_init)
    timer_funciton_check                     0x080061e1   Thumb Code    24  zf_driver_timer.o(.text.timer_funciton_check)
    timer_get                                0x080061f9   Thumb Code    80  zf_driver_timer.o(.text.timer_get)
    tsl1401_collect_pit_handler              0x08006251   Thumb Code   112  zf_device_tsl1401.o(.text.tsl1401_collect_pit_handler)
    turn_to_bin                              0x080062cd   Thumb Code    60  picture.o(.text.turn_to_bin)
    uart_init                                0x08006319   Thumb Code   356  zf_driver_uart.o(.text.uart_init)
    uart_query_byte                          0x08006489   Thumb Code    44  zf_driver_uart.o(.text.uart_query_byte)
    uart_rx_interrupt                        0x080064b5   Thumb Code    68  zf_driver_uart.o(.text.uart_rx_interrupt)
    uart_write_buffer                        0x08006501   Thumb Code    52  zf_driver_uart.o(.text.uart_write_buffer)
    uart_write_byte                          0x08006535   Thumb Code    16  zf_driver_uart.o(.text.uart_write_byte)
    uart_write_string                        0x08006549   Thumb Code    40  zf_driver_uart.o(.text.uart_write_string)
    unit_param_set                           0x08006575   Thumb Code   536  auto_menu.o(.text.unit_param_set)
    __0sprintf$3                             0x0800679d   Thumb Code    34  printf3.o(i.__0sprintf$3)
    __1sprintf$3                             0x0800679d   Thumb Code     0  printf3.o(i.__0sprintf$3)
    __2sprintf                               0x0800679d   Thumb Code     0  printf3.o(i.__0sprintf$3)
    free                                     0x080067c5   Thumb Code    76  malloc2.o(i.__free$2region)
    malloc                                   0x08006815   Thumb Code    92  malloc2.o(i.__malloc$2region)
    __scatterload_copy                       0x08006881   Thumb Code    14  handlers.o(i.__scatterload_copy)
    __scatterload_null                       0x0800688f   Thumb Code     2  handlers.o(i.__scatterload_null)
    __scatterload_zeroinit                   0x08006891   Thumb Code    14  handlers.o(i.__scatterload_zeroinit)
    ascii_font_6x8                           0x08006b10   Data         552  zf_common_font.o(.rodata.ascii_font_6x8)
    ascii_font_8x16                          0x08006d38   Data        1520  zf_common_font.o(.rodata.ascii_font_8x16)
    Region$$Table$$Base                      0x080075c0   Number         0  anon$$obj.o(Region$$Table)
    Region$$Table$$Limit                     0x080075e0   Number         0  anon$$obj.o(Region$$Table)
    __microlib_freelist                      0x20000004   Data           4  mvars.o(.data)
    __microlib_freelist_initialised          0x20000008   Data           4  mvars.o(.data)
    DAD_NUM                                  0x2000000c   Data           1  auto_menu.o(.data..L_MergedGlobals)
    begin_menu_flag                          0x2000000d   Data           1  auto_menu.o(.data..L_MergedGlobals)
    per                                      0x20000010   Data           2  tracking.o(.data..L_MergedGlobals)
    dir                                      0x20000014   Data          48  tracking.o(.data..L_MergedGlobals)
    camera_uart_handler                      0x20000098   Data           4  zf_device_type.o(.data..L_MergedGlobals)
    camera_vsync_handler                     0x2000009c   Data           4  zf_device_type.o(.data..L_MergedGlobals)
    camera_dma_handler                       0x200000a0   Data           4  zf_device_type.o(.data..L_MergedGlobals)
    basespeed                                0x200000a4   Data           2  main.o(.data.basespeed)
    dl1a_distance_mm                         0x200000a6   Data           2  zf_device_dl1a.o(.data.dl1a_distance_mm)
    gpio_group                               0x200000b4   Data          32  zf_driver_gpio.o(.data.gpio_group)
    left                                     0x200000d4   Data          48  main.o(.data.left)
    right                                    0x20000104   Data          48  main.o(.data.right)
    system_clock                             0x20000134   Data           4  zf_common_clock.o(.data.system_clock)
    wireless_module_uart_handler             0x20000138   Data           4  zf_device_type.o(.data.wireless_module_uart_handler)
    image_thereshold                         0x20000140   Data           1  picture.o(.bss..L_MergedGlobals)
    hightest                                 0x20000141   Data           1  picture.o(.bss..L_MergedGlobals)
    status                                   0x20000142   Data           1  picture.o(.bss..L_MergedGlobals)
    start_point_l                            0x20000143   Data           2  picture.o(.bss..L_MergedGlobals)
    start_point_r                            0x20000145   Data           2  picture.o(.bss..L_MergedGlobals)
    data_stastics_l                          0x20000148   Data           2  picture.o(.bss..L_MergedGlobals)
    data_stastics_r                          0x2000014a   Data           2  picture.o(.bss..L_MergedGlobals)
    L_corner_row1                            0x2000014c   Data           2  picture.o(.bss..L_MergedGlobals)
    L_corner_col1                            0x2000014e   Data           2  picture.o(.bss..L_MergedGlobals)
    L_corner_row2                            0x20000150   Data           2  picture.o(.bss..L_MergedGlobals)
    L_corner_col2                            0x20000152   Data           2  picture.o(.bss..L_MergedGlobals)
    R_corner_row1                            0x20000154   Data           2  picture.o(.bss..L_MergedGlobals)
    R_corner_col1                            0x20000156   Data           2  picture.o(.bss..L_MergedGlobals)
    R_corner_row2                            0x20000158   Data           2  picture.o(.bss..L_MergedGlobals)
    R_corner_col2                            0x2000015a   Data           2  picture.o(.bss..L_MergedGlobals)
    L_P                                      0x2000015c   Data           2  picture.o(.bss..L_MergedGlobals)
    L_V                                      0x2000015e   Data           2  picture.o(.bss..L_MergedGlobals)
    L_corner_angle                           0x20000160   Data           4  picture.o(.bss..L_MergedGlobals)
    R_corner_angle                           0x20000164   Data           4  picture.o(.bss..L_MergedGlobals)
    key1_state                               0x20000168   Data           1  key.o(.bss..L_MergedGlobals)
    key1_state_last                          0x20000169   Data           1  key.o(.bss..L_MergedGlobals)
    key1_flag                                0x2000016a   Data           1  key.o(.bss..L_MergedGlobals)
    key2_state                               0x2000016b   Data           1  key.o(.bss..L_MergedGlobals)
    key2_state_last                          0x2000016c   Data           1  key.o(.bss..L_MergedGlobals)
    key2_flag                                0x2000016d   Data           1  key.o(.bss..L_MergedGlobals)
    key3_state                               0x2000016e   Data           1  key.o(.bss..L_MergedGlobals)
    key3_state_last                          0x2000016f   Data           1  key.o(.bss..L_MergedGlobals)
    key3_flag                                0x20000170   Data           1  key.o(.bss..L_MergedGlobals)
    key4_state                               0x20000171   Data           1  key.o(.bss..L_MergedGlobals)
    key4_state_last                          0x20000172   Data           1  key.o(.bss..L_MergedGlobals)
    key4_flag                                0x20000173   Data           1  key.o(.bss..L_MergedGlobals)
    camera_receiver_buffer                   0x200001a4   Data           8  zf_device_camera.o(.bss..L_MergedGlobals)
    camera_receiver_fifo                     0x200001ac   Data          24  zf_device_camera.o(.bss..L_MergedGlobals)
    dl1a_finsh_flag                          0x200001c4   Data           1  zf_device_dl1a.o(.bss..L_MergedGlobals)
    gps_tau1201_flag                         0x200001e0   Data           1  zf_device_gps_tau1201.o(.bss..L_MergedGlobals)
    gps_gga_state                            0x200001e1   Data           1  zf_device_gps_tau1201.o(.bss..L_MergedGlobals)
    gps_rmc_state                            0x200001e2   Data           1  zf_device_gps_tau1201.o(.bss..L_MergedGlobals)
    gps_tau1201                              0x20000200   Data          64  zf_device_gps_tau1201.o(.bss..L_MergedGlobals)
    tsl1401_finish_flag                      0x20000241   Data           1  zf_device_tsl1401.o(.bss..L_MergedGlobals)
    button1                                  0x20000250   Data           1  auto_menu.o(.bss..L_MergedGlobals.32)
    button2                                  0x20000251   Data           1  auto_menu.o(.bss..L_MergedGlobals.32)
    button3                                  0x20000252   Data           1  auto_menu.o(.bss..L_MergedGlobals.32)
    button4                                  0x20000253   Data           1  auto_menu.o(.bss..L_MergedGlobals.32)
    first_in_page_flag                       0x20000254   Data           1  auto_menu.o(.bss..L_MergedGlobals.32)
    is_clear_flag                            0x20000255   Data           1  auto_menu.o(.bss..L_MergedGlobals.32)
    p_index_xy_dad                           0x20000270   Data           4  auto_menu.o(.bss..L_MergedGlobals.32)
    p_index_xy_son                           0x20000274   Data           4  auto_menu.o(.bss..L_MergedGlobals.32)
    current_operation_menu                   0x20000278   Data           4  auto_menu.o(.bss..L_MergedGlobals.32)
    L_A                                      0x2000027c   Data           2  picture.o(.bss.L_A)
    bin_image                                0x20000280   Data       22560  picture.o(.bss.bin_image)
    camera_type                              0x20005aa0   Data           1  zf_device_type.o(.bss.camera_type)
    center_line                              0x20005aa1   Data         120  picture.o(.bss.center_line)
    count2                                   0x20005b19   Data           1  isr.o(.bss.count2)
    dir_l                                    0x20005b1c   Data         720  picture.o(.bss.dir_l)
    dir_r                                    0x20005dec   Data         720  picture.o(.bss.dir_r)
    encoder1                                 0x200060bc   Data           4  encoder.o(.bss.encoder1)
    encoder2                                 0x200060c0   Data           4  encoder.o(.bss.encoder2)
    l_border                                 0x200061c8   Data         120  picture.o(.bss.l_border)
    mt9v03x_finish_flag                      0x20006240   Data           1  zf_device_mt9v03x.o(.bss.mt9v03x_finish_flag)
    mt9v03x_image                            0x20006258   Data       22560  zf_device_mt9v03x.o(.bss.mt9v03x_image)
    my_index                                 0x2000ba90   Data         200  auto_menu.o(.bss.my_index)
    my_menu_unit                             0x2000bb58   Data        4000  auto_menu.o(.bss.my_menu_unit)
    my_param_set                             0x2000caf8   Data        1200  auto_menu.o(.bss.my_param_set)
    original_image                           0x2000cfa8   Data       22560  picture.o(.bss.original_image)
    points_l                                 0x200127c8   Data        1440  picture.o(.bss.points_l)
    points_r                                 0x20012d68   Data        1440  picture.o(.bss.points_r)
    r_border                                 0x20013308   Data         120  picture.o(.bss.r_border)
    showflag                                 0x20013380   Data           1  main.o(.bss.showflag)
    tsl1401_data                             0x20013382   Data         512  zf_device_tsl1401.o(.bss.tsl1401_data)
    Image$$ARM_LIB_HEAP$$ZI$$Base            0x2001358c   Number         0  anon$$obj.o ABSOLUTE
    Image$$ARM_LIB_HEAP$$ZI$$Limit           0x2001398c   Number         0  anon$$obj.o ABSOLUTE
    Image$$ARM_LIB_STACK$$ZI$$Limit          0x20020000   Number         0  anon$$obj.o ABSOLUTE



==============================================================================

Memory Map of the image

  Image Entry point : 0x08000401

  Load Region LR_m_text (Base: 0x08000000, Size: 0x00007720, Max: 0x00080000, ABSOLUTE, COMPRESSED[0x00007688])

    Execution Region VECTOR_ROM (Exec base: 0x08000000, Load base: 0x08000000, Size: 0x00000190, Max: 0x00000400, ABSOLUTE)

    Exec Addr    Load Addr    Size         Type   Attr      Idx    E Section Name        Object

    0x08000000   0x08000000   0x00000190   Data   RO         2039    RESET               startup_mm32f3277g.o


    Execution Region ER_m_text (Exec base: 0x08000400, Load base: 0x08000400, Size: 0x000071e0, Max: 0x0007fc00, ABSOLUTE, FIXED)

    Exec Addr    Load Addr    Size         Type   Attr      Idx    E Section Name        Object

    0x08000400   0x08000400   0x00000000   Code   RO         3057  * .ARM.Collect$$$$00000000  mc_w.l(entry.o)
    0x08000400   0x08000400   0x00000004   Code   RO         3455    .ARM.Collect$$$$00000003  mc_w.l(entry4.o)
    0x08000404   0x08000404   0x00000004   Code   RO         3458    .ARM.Collect$$$$00000004  mc_w.l(entry5.o)
    0x08000408   0x08000408   0x00000000   Code   RO         3460    .ARM.Collect$$$$00000008  mc_w.l(entry7b.o)
    0x08000408   0x08000408   0x00000000   Code   RO         3462    .ARM.Collect$$$$0000000A  mc_w.l(entry8b.o)
    0x08000408   0x08000408   0x00000008   Code   RO         3463    .ARM.Collect$$$$0000000B  mc_w.l(entry9a.o)
    0x08000410   0x08000410   0x00000000   Code   RO         3465    .ARM.Collect$$$$0000000D  mc_w.l(entry10a.o)
    0x08000410   0x08000410   0x00000000   Code   RO         3467    .ARM.Collect$$$$0000000F  mc_w.l(entry11a.o)
    0x08000410   0x08000410   0x00000004   Code   RO         3456    .ARM.Collect$$$$00002714  mc_w.l(entry4.o)
    0x08000414   0x08000414   0x00000024   Code   RO         2040    .text               startup_mm32f3277g.o
    0x08000438   0x08000438   0x00000024   Code   RO         3060    .text               mc_w.l(rand.o)
    0x0800045c   0x0800045c   0x00000024   Code   RO         3063    .text               mc_w.l(memcpya.o)
    0x08000480   0x08000480   0x00000024   Code   RO         3065    .text               mc_w.l(memseta.o)
    0x080004a4   0x080004a4   0x0000000e   Code   RO         3073    .text               mc_w.l(strlen.o)
    0x080004b2   0x080004b2   0x0000001a   Code   RO         3077    .text               mc_w.l(memcmp.o)
    0x080004cc   0x080004cc   0x00000012   Code   RO         3079    .text               mc_w.l(strcpy.o)
    0x080004de   0x080004de   0x000000b0   Code   RO         3374    .text               mf_w.l(fadd.o)
    0x0800058e   0x0800058e   0x00000064   Code   RO         3376    .text               mf_w.l(fmul.o)
    0x080005f2   0x080005f2   0x0000007c   Code   RO         3378    .text               mf_w.l(fdiv.o)
    0x0800066e   0x0800066e   0x0000014e   Code   RO         3380    .text               mf_w.l(dadd.o)
    0x080007bc   0x080007bc   0x000000e4   Code   RO         3382    .text               mf_w.l(dmul.o)
    0x080008a0   0x080008a0   0x0000001c   Code   RO         3386    .text               mf_w.l(fcmple.o)
    0x080008bc   0x080008bc   0x0000001c   Code   RO         3388    .text               mf_w.l(fcmplt.o)
    0x080008d8   0x080008d8   0x0000001c   Code   RO         3390    .text               mf_w.l(fcmpge.o)
    0x080008f4   0x080008f4   0x0000001c   Code   RO         3392    .text               mf_w.l(fcmpgt.o)
    0x08000910   0x08000910   0x0000001c   Code   RO         3394    .text               mf_w.l(fcmpeq.o)
    0x0800092c   0x0800092c   0x00000012   Code   RO         3402    .text               mf_w.l(fflti.o)
    0x0800093e   0x0800093e   0x0000000a   Code   RO         3404    .text               mf_w.l(ffltui.o)
    0x08000948   0x08000948   0x00000032   Code   RO         3410    .text               mf_w.l(ffixi.o)
    0x0800097a   0x0800097a   0x0000003e   Code   RO         3412    .text               mf_w.l(dfixi.o)
    0x080009b8   0x080009b8   0x00000026   Code   RO         3416    .text               mf_w.l(f2d.o)
    0x080009de   0x080009de   0x00000038   Code   RO         3418    .text               mf_w.l(d2f.o)
    0x08000a16   0x08000a16   0x0000002c   Code   RO         3479    .text               mc_w.l(uidiv.o)
    0x08000a42   0x08000a42   0x0000001e   Code   RO         3483    .text               mc_w.l(llshl.o)
    0x08000a60   0x08000a60   0x00000020   Code   RO         3485    .text               mc_w.l(llushr.o)
    0x08000a80   0x08000a80   0x00000024   Code   RO         3487    .text               mc_w.l(llsshr.o)
    0x08000aa4   0x08000aa4   0x00000000   Code   RO         3498    .text               mc_w.l(iusefp.o)
    0x08000aa4   0x08000aa4   0x0000006e   Code   RO         3499    .text               mf_w.l(fepilogue.o)
    0x08000b12   0x08000b12   0x000000ba   Code   RO         3501    .text               mf_w.l(depilogue.o)
    0x08000bcc   0x08000bcc   0x00000024   Code   RO         3513    .text               mc_w.l(init.o)
    0x08000bf0   0x08000bf0   0x0000003a   Code   RO         3523    .text               mc_w.l(__dczerorl.o)
    0x08000c2a   0x08000c2a   0x00000002   PAD
    0x08000c2c   0x08000c2c   0x00000014   Code   RO           63    .text.DMA1_Channel1_IRQHandler  isr.o
    0x08000c40   0x08000c40   0x00000014   Code   RO           65    .text.DMA1_Channel2_IRQHandler  isr.o
    0x08000c54   0x08000c54   0x00000014   Code   RO           67    .text.DMA1_Channel3_IRQHandler  isr.o
    0x08000c68   0x08000c68   0x00000020   Code   RO           69    .text.DMA1_Channel4_IRQHandler  isr.o
    0x08000c88   0x08000c88   0x00000014   Code   RO           71    .text.DMA1_Channel5_IRQHandler  isr.o
    0x08000c9c   0x08000c9c   0x00000014   Code   RO           73    .text.DMA1_Channel6_IRQHandler  isr.o
    0x08000cb0   0x08000cb0   0x00000018   Code   RO           75    .text.DMA1_Channel7_IRQHandler  isr.o
    0x08000cc8   0x08000cc8   0x00000014   Code   RO           77    .text.DMA2_Channel1_IRQHandler  isr.o
    0x08000cdc   0x08000cdc   0x00000014   Code   RO           79    .text.DMA2_Channel2_IRQHandler  isr.o
    0x08000cf0   0x08000cf0   0x00000014   Code   RO           81    .text.DMA2_Channel3_IRQHandler  isr.o
    0x08000d04   0x08000d04   0x00000014   Code   RO           83    .text.DMA2_Channel4_IRQHandler  isr.o
    0x08000d18   0x08000d18   0x00000018   Code   RO           85    .text.DMA2_Channel5_IRQHandler  isr.o
    0x08000d30   0x08000d30   0x0000000c   Code   RO           49    .text.EXTI0_IRQHandler  isr.o
    0x08000d3c   0x08000d3c   0x00000064   Code   RO           61    .text.EXTI15_10_IRQHandler  isr.o
    0x08000da0   0x08000da0   0x0000000c   Code   RO           51    .text.EXTI1_IRQHandler  isr.o
    0x08000dac   0x08000dac   0x0000000c   Code   RO           53    .text.EXTI2_IRQHandler  isr.o
    0x08000db8   0x08000db8   0x0000000c   Code   RO           55    .text.EXTI3_IRQHandler  isr.o
    0x08000dc4   0x08000dc4   0x00000014   Code   RO           57    .text.EXTI4_IRQHandler  isr.o
    0x08000dd8   0x08000dd8   0x0000005c   Code   RO           59    .text.EXTI9_5_IRQHandler  isr.o
    0x08000e34   0x08000e34   0x0000000c   Code   RO          243    .text.Encoder1_get  encoder.o
    0x08000e40   0x08000e40   0x0000000c   Code   RO          245    .text.Encoder2_get  encoder.o
    0x08000e4c   0x08000e4c   0x00000022   Code   RO          241    .text.Encoder_Init  encoder.o
    0x08000e6e   0x08000e6e   0x00000002   PAD
    0x08000e70   0x08000e70   0x0000008c   Code   RO          339    .text.FUN_INIT      auto_menu.o
    0x08000efc   0x08000efc   0x0000004c   Code   RO          124    .text.Get_image     picture.o
    0x08000f48   0x08000f48   0x0000005c   Code   RO          146    .text.L_duan_A      picture.o
    0x08000fa4   0x08000fa4   0x0000007c   Code   RO          148    .text.L_duan_P      picture.o
    0x08001020   0x08001020   0x00000058   Code   RO          150    .text.L_duan_V      picture.o
    0x08001078   0x08001078   0x00000024   Code   RO          136    .text.L_lose        picture.o
    0x0800109c   0x0800109c   0x0000002c   Code   RO          220    .text.Motor_Init    motor.o
    0x080010c8   0x080010c8   0x00000044   Code   RO          222    .text.Motor_SetLeftSpeed  motor.o
    0x0800110c   0x0800110c   0x00000034   Code   RO          224    .text.Motor_SetRightSpeed  motor.o
    0x08001140   0x08001140   0x00000002   Code   RO          335    .text.NULL_FUN      auto_menu.o
    0x08001142   0x08001142   0x0000000c   Code   RO           87    .text.OUTLINED_FUNCTION_0  isr.o
    0x0800114e   0x0800114e   0x0000000c   Code   RO          108    .text.OUTLINED_FUNCTION_0  pid.o
    0x0800115a   0x0800115a   0x0000000a   Code   RO          230    .text.OUTLINED_FUNCTION_0  motor.o
    0x08001164   0x08001164   0x0000000a   Code   RO          268    .text.OUTLINED_FUNCTION_0  key.o
    0x0800116e   0x0800116e   0x00000012   Code   RO          341    .text.OUTLINED_FUNCTION_0  auto_menu.o
    0x08001180   0x08001180   0x00000016   Code   RO          418    .text.OUTLINED_FUNCTION_0  zf_common_debug.o
    0x08001196   0x08001196   0x0000000e   Code   RO          461    .text.OUTLINED_FUNCTION_0  zf_common_fifo.o
    0x080011a4   0x080011a4   0x00000016   Code   RO          596    .text.OUTLINED_FUNCTION_0  zf_driver_dma.o
    0x080011ba   0x080011ba   0x0000000c   Code   RO          615    .text.OUTLINED_FUNCTION_0  zf_driver_encoder.o
    0x080011c6   0x080011c6   0x0000000c   Code   RO         1517    .text.OUTLINED_FUNCTION_0  zf_device_ips200.o
    0x080011d2   0x080011d2   0x00000006   Code   RO         1609    .text.OUTLINED_FUNCTION_0  zf_device_mt9v03x.o
    0x080011d8   0x080011d8   0x00000012   Code   RO         1887    .text.OUTLINED_FUNCTION_0  zf_device_tsl1401.o
    0x080011ea   0x080011ea   0x0000000a   Code   RO           89    .text.OUTLINED_FUNCTION_1  isr.o
    0x080011f4   0x080011f4   0x0000000a   Code   RO          110    .text.OUTLINED_FUNCTION_1  pid.o
    0x080011fe   0x080011fe   0x00000008   Code   RO          270    .text.OUTLINED_FUNCTION_1  key.o
    0x08001206   0x08001206   0x0000000a   Code   RO          343    .text.OUTLINED_FUNCTION_1  auto_menu.o
    0x08001210   0x08001210   0x00000014   Code   RO          420    .text.OUTLINED_FUNCTION_1  zf_common_debug.o
    0x08001224   0x08001224   0x0000000c   Code   RO          463    .text.OUTLINED_FUNCTION_1  zf_common_fifo.o
    0x08001230   0x08001230   0x0000000e   Code   RO          617    .text.OUTLINED_FUNCTION_1  zf_driver_encoder.o
    0x0800123e   0x0800123e   0x0000000c   Code   RO         1519    .text.OUTLINED_FUNCTION_1  zf_device_ips200.o
    0x0800124a   0x0800124a   0x0000000a   Code   RO         1611    .text.OUTLINED_FUNCTION_1  zf_device_mt9v03x.o
    0x08001254   0x08001254   0x00000006   Code   RO          903    .text.OUTLINED_FUNCTION_10  zf_driver_soft_iic.o
    0x0800125a   0x0800125a   0x0000000a   Code   RO         1537    .text.OUTLINED_FUNCTION_10  zf_device_ips200.o
    0x08001264   0x08001264   0x00000012   Code   RO          905    .text.OUTLINED_FUNCTION_11  zf_driver_soft_iic.o
    0x08001276   0x08001276   0x00000008   Code   RO         1073    .text.OUTLINED_FUNCTION_12  zf_driver_spi.o
    0x0800127e   0x0800127e   0x00000008   Code   RO         1541    .text.OUTLINED_FUNCTION_12  zf_device_ips200.o
    0x08001286   0x08001286   0x00000006   Code   RO          909    .text.OUTLINED_FUNCTION_13  zf_driver_soft_iic.o
    0x0800128c   0x0800128c   0x00000006   Code   RO          913    .text.OUTLINED_FUNCTION_15  zf_driver_soft_iic.o
    0x08001292   0x08001292   0x0000000c   Code   RO          915    .text.OUTLINED_FUNCTION_16  zf_driver_soft_iic.o
    0x0800129e   0x0800129e   0x00000008   Code   RO          919    .text.OUTLINED_FUNCTION_18  zf_driver_soft_iic.o
    0x080012a6   0x080012a6   0x0000000c   Code   RO          921    .text.OUTLINED_FUNCTION_19  zf_driver_soft_iic.o
    0x080012b2   0x080012b2   0x0000000a   Code   RO           91    .text.OUTLINED_FUNCTION_2  isr.o
    0x080012bc   0x080012bc   0x0000000e   Code   RO          345    .text.OUTLINED_FUNCTION_2  auto_menu.o
    0x080012ca   0x080012ca   0x00000012   Code   RO          422    .text.OUTLINED_FUNCTION_2  zf_common_debug.o
    0x080012dc   0x080012dc   0x00000006   Code   RO          465    .text.OUTLINED_FUNCTION_2  zf_common_fifo.o
    0x080012e2   0x080012e2   0x00000010   Code   RO          524    .text.OUTLINED_FUNCTION_2  zf_common_function.o
    0x080012f2   0x080012f2   0x0000000c   Code   RO          619    .text.OUTLINED_FUNCTION_2  zf_driver_encoder.o
    0x080012fe   0x080012fe   0x00000016   Code   RO         1053    .text.OUTLINED_FUNCTION_2  zf_driver_spi.o
    0x08001314   0x08001314   0x00000008   Code   RO         1521    .text.OUTLINED_FUNCTION_2  zf_device_ips200.o
    0x0800131c   0x0800131c   0x00000006   Code   RO         1613    .text.OUTLINED_FUNCTION_2  zf_device_mt9v03x.o
    0x08001322   0x08001322   0x00000006   Code   RO          923    .text.OUTLINED_FUNCTION_20  zf_driver_soft_iic.o
    0x08001328   0x08001328   0x00000006   Code   RO          925    .text.OUTLINED_FUNCTION_21  zf_driver_soft_iic.o
    0x0800132e   0x0800132e   0x0000000e   Code   RO          927    .text.OUTLINED_FUNCTION_22  zf_driver_soft_iic.o
    0x0800133c   0x0800133c   0x00000006   Code   RO          347    .text.OUTLINED_FUNCTION_3  auto_menu.o
    0x08001342   0x08001342   0x00000012   Code   RO          424    .text.OUTLINED_FUNCTION_3  zf_common_debug.o
    0x08001354   0x08001354   0x0000000a   Code   RO          467    .text.OUTLINED_FUNCTION_3  zf_common_fifo.o
    0x0800135e   0x0800135e   0x00000006   Code   RO          889    .text.OUTLINED_FUNCTION_3  zf_driver_soft_iic.o
    0x08001364   0x08001364   0x0000000a   Code   RO         1055    .text.OUTLINED_FUNCTION_3  zf_driver_spi.o
    0x0800136e   0x0800136e   0x00000014   Code   RO         1523    .text.OUTLINED_FUNCTION_3  zf_device_ips200.o
    0x08001382   0x08001382   0x00000008   Code   RO          182    .text.OUTLINED_FUNCTION_4  picture.o
    0x0800138a   0x0800138a   0x00000010   Code   RO          349    .text.OUTLINED_FUNCTION_4  auto_menu.o
    0x0800139a   0x0800139a   0x0000000e   Code   RO          426    .text.OUTLINED_FUNCTION_4  zf_common_debug.o
    0x080013a8   0x080013a8   0x0000001c   Code   RO          891    .text.OUTLINED_FUNCTION_4  zf_driver_soft_iic.o
    0x080013c4   0x080013c4   0x00000008   Code   RO          184    .text.OUTLINED_FUNCTION_5  picture.o
    0x080013cc   0x080013cc   0x00000010   Code   RO          351    .text.OUTLINED_FUNCTION_5  auto_menu.o
    0x080013dc   0x080013dc   0x0000000a   Code   RO          893    .text.OUTLINED_FUNCTION_5  zf_driver_soft_iic.o
    0x080013e6   0x080013e6   0x0000000e   Code   RO         1527    .text.OUTLINED_FUNCTION_5  zf_device_ips200.o
    0x080013f4   0x080013f4   0x00000008   Code   RO          353    .text.OUTLINED_FUNCTION_6  auto_menu.o
    0x080013fc   0x080013fc   0x0000000c   Code   RO          895    .text.OUTLINED_FUNCTION_6  zf_driver_soft_iic.o
    0x08001408   0x08001408   0x0000000a   Code   RO         1529    .text.OUTLINED_FUNCTION_6  zf_device_ips200.o
    0x08001412   0x08001412   0x0000000a   Code   RO          355    .text.OUTLINED_FUNCTION_7  auto_menu.o
    0x0800141c   0x0800141c   0x00000008   Code   RO          897    .text.OUTLINED_FUNCTION_7  zf_driver_soft_iic.o
    0x08001424   0x08001424   0x0000000a   Code   RO         1243    .text.OUTLINED_FUNCTION_7  zf_device_dl1a.o
    0x0800142e   0x0800142e   0x00000008   Code   RO         1531    .text.OUTLINED_FUNCTION_7  zf_device_ips200.o
    0x08001436   0x08001436   0x00000006   Code   RO          190    .text.OUTLINED_FUNCTION_8  picture.o
    0x0800143c   0x0800143c   0x0000000a   Code   RO          357    .text.OUTLINED_FUNCTION_8  auto_menu.o
    0x08001446   0x08001446   0x0000000a   Code   RO         1245    .text.OUTLINED_FUNCTION_8  zf_device_dl1a.o
    0x08001450   0x08001450   0x00000014   Code   RO         1533    .text.OUTLINED_FUNCTION_8  zf_device_ips200.o
    0x08001464   0x08001464   0x0000000a   Code   RO          192    .text.OUTLINED_FUNCTION_9  picture.o
    0x0800146e   0x0800146e   0x00000014   Code   RO          901    .text.OUTLINED_FUNCTION_9  zf_driver_soft_iic.o
    0x08001482   0x08001482   0x0000000a   Code   RO         1535    .text.OUTLINED_FUNCTION_9  zf_device_ips200.o
    0x0800148c   0x0800148c   0x00000098   Code   RO          102    .text.PID_update    pid.o
    0x08001524   0x08001524   0x00000020   Code   RO          138    .text.R_lose        picture.o
    0x08001544   0x08001544   0x0000000c   Code   RO         2032    .text.SystemInit    system_mm32f3277g.o
    0x08001550   0x08001550   0x0000000c   Code   RO           17    .text.TIM1_UP_IRQHandler  isr.o
    0x0800155c   0x0800155c   0x000000b8   Code   RO           19    .text.TIM2_IRQHandler  isr.o
    0x08001614   0x08001614   0x0000000c   Code   RO           21    .text.TIM3_IRQHandler  isr.o
    0x08001620   0x08001620   0x0000000c   Code   RO           23    .text.TIM4_IRQHandler  isr.o
    0x0800162c   0x0800162c   0x0000000c   Code   RO           25    .text.TIM5_IRQHandler  isr.o
    0x08001638   0x08001638   0x0000000c   Code   RO           27    .text.TIM6_IRQHandler  isr.o
    0x08001644   0x08001644   0x0000000c   Code   RO           29    .text.TIM7_IRQHandler  isr.o
    0x08001650   0x08001650   0x00000018   Code   RO           31    .text.TIM8_UP_IRQHandler  isr.o
    0x08001668   0x08001668   0x00000034   Code   RO          375    .text.Tracking      tracking.o
    0x0800169c   0x0800169c   0x00000024   Code   RO           33    .text.UART1_IRQHandler  isr.o
    0x080016c0   0x080016c0   0x00000024   Code   RO           35    .text.UART2_IRQHandler  isr.o
    0x080016e4   0x080016e4   0x00000024   Code   RO           37    .text.UART3_IRQHandler  isr.o
    0x08001708   0x08001708   0x00000024   Code   RO           39    .text.UART4_IRQHandler  isr.o
    0x0800172c   0x0800172c   0x00000024   Code   RO           41    .text.UART5_IRQHandler  isr.o
    0x08001750   0x08001750   0x00000028   Code   RO           43    .text.UART6_IRQHandler  isr.o
    0x08001778   0x08001778   0x00000024   Code   RO           45    .text.UART7_IRQHandler  isr.o
    0x0800179c   0x0800179c   0x00000028   Code   RO           47    .text.UART8_IRQHandler  isr.o
    0x080017c4   0x080017c4   0x0000013c   Code   RO          337    .text.UNIT_SET      auto_menu.o
    0x08001900   0x08001900   0x00000044   Code   RO          558    .text.adc_convert   zf_driver_adc.o
    0x08001944   0x08001944   0x00000064   Code   RO          683    .text.afio_init     zf_driver_gpio.o
    0x080019a8   0x080019a8   0x000000cc   Code   RO          307    .text.assist_menu   auto_menu.o
    0x08001a74   0x08001a74   0x000000fc   Code   RO          264    .text.button_entry  key.o
    0x08001b70   0x08001b70   0x00000014   Code   RO         1198    .text.camera_fifo_init  zf_device_camera.o
    0x08001b84   0x08001b84   0x00000058   Code   RO         1200    .text.camera_init   zf_device_camera.o
    0x08001bdc   0x08001bdc   0x0000013c   Code   RO          305    .text.center_menu   auto_menu.o
    0x08001d18   0x08001d18   0x00000158   Code   RO          309    .text.change_value  auto_menu.o
    0x08001e70   0x08001e70   0x0000003c   Code   RO          373    .text.check         tracking.o
    0x08001eac   0x08001eac   0x000001ec   Code   RO          386    .text.clock_init    zf_common_clock.o
    0x08002098   0x08002098   0x00000088   Code   RO          285    .text.dad_name_init  auto_menu.o
    0x08002120   0x08002120   0x00000058   Code   RO          323    .text.day_night     auto_menu.o
    0x08002178   0x08002178   0x000000d8   Code   RO          404    .text.debug_assert_handler  zf_common_debug.o
    0x08002250   0x08002250   0x00000040   Code   RO          414    .text.debug_init    zf_common_debug.o
    0x08002290   0x08002290   0x00000030   Code   RO          408    .text.debug_log_handler  zf_common_debug.o
    0x080022c0   0x080022c0   0x00000244   Code   RO          406    .text.debug_output  zf_common_debug.o
    0x08002504   0x08002504   0x00000028   Code   RO          412    .text.debug_output_init  zf_common_debug.o
    0x0800252c   0x0800252c   0x00000016   Code   RO          410    .text.debug_output_struct_init  zf_common_debug.o
    0x08002542   0x08002542   0x00000008   Code   RO          416    .text.debug_uart_str_output  zf_common_debug.o
    0x0800254a   0x0800254a   0x00000002   PAD
    0x0800254c   0x0800254c   0x0000005c   Code   RO         1213    .text.dl1a_get_distance  zf_device_dl1a.o
    0x080025a8   0x080025a8   0x00000004   Code   RO         1215    .text.dl1a_int_handler  zf_device_dl1a.o
    0x080025ac   0x080025ac   0x00000018   Code   RO         1260    .text.dm1xa_light_callback  zf_device_dm1xa.o
    0x080025c4   0x080025c4   0x00000090   Code   RO         1258    .text.dm1xa_sound_callback  zf_device_dm1xa.o
    0x08002654   0x08002654   0x00000080   Code   RO          594    .text.dma_camera_init  zf_driver_dma.o
    0x080026d4   0x080026d4   0x00000014   Code   RO          592    .text.dma_disable   zf_driver_dma.o
    0x080026e8   0x080026e8   0x00000014   Code   RO          590    .text.dma_enable    zf_driver_dma.o
    0x080026fc   0x080026fc   0x00000020   Code   RO          588    .text.dma_set_count  zf_driver_dma.o
    0x0800271c   0x0800271c   0x00000040   Code   RO          609    .text.encoder_clear_count  zf_driver_encoder.o
    0x0800275c   0x0800275c   0x00000060   Code   RO          607    .text.encoder_get_count  zf_driver_encoder.o
    0x080027bc   0x080027bc   0x000000a8   Code   RO          611    .text.encoder_quad_init  zf_driver_encoder.o
    0x08002864   0x08002864   0x00000128   Code   RO          635    .text.exti_init     zf_driver_exti.o
    0x0800298c   0x0800298c   0x00000058   Code   RO          441    .text.fifo_clear    zf_common_fifo.o
    0x080029e4   0x080029e4   0x00000012   Code   RO          453    .text.fifo_end_offset  zf_common_fifo.o
    0x080029f6   0x080029f6   0x00000012   Code   RO          447    .text.fifo_head_offset  zf_common_fifo.o
    0x08002a08   0x08002a08   0x00000034   Code   RO          459    .text.fifo_init     zf_common_fifo.o
    0x08002a3c   0x08002a3c   0x00000104   Code   RO          455    .text.fifo_read_buffer  zf_common_fifo.o
    0x08002b40   0x08002b40   0x0000001c   Code   RO          443    .text.fifo_used     zf_common_fifo.o
    0x08002b5c   0x08002b5c   0x00000108   Code   RO          449    .text.fifo_write_buffer  zf_common_fifo.o
    0x08002c64   0x08002c64   0x00000070   Code   RO          445    .text.fifo_write_element  zf_common_fifo.o
    0x08002cd4   0x08002cd4   0x000000e0   Code   RO          297    .text.fun_init      auto_menu.o
    0x08002db4   0x08002db4   0x00000020   Code   RO          315    .text.fun_menu      auto_menu.o
    0x08002dd4   0x08002dd4   0x0000011c   Code   RO          504    .text.func_float_to_str  zf_common_function.o
    0x08002ef0   0x08002ef0   0x00000012   Code   RO          490    .text.func_get_greatest_common_divisor  zf_common_function.o
    0x08002f02   0x08002f02   0x00000002   PAD
    0x08002f04   0x08002f04   0x00000064   Code   RO          496    .text.func_int_to_str  zf_common_function.o
    0x08002f68   0x08002f68   0x00000054   Code   RO          500    .text.func_uint_to_str  zf_common_function.o
    0x08002fbc   0x08002fbc   0x00000040   Code   RO          142    .text.get_left      picture.o
    0x08002ffc   0x08002ffc   0x0000003c   Code   RO          144    .text.get_right     picture.o
    0x08003038   0x08003038   0x0000009c   Code   RO          132    .text.get_start_point  picture.o
    0x080030d4   0x080030d4   0x00000030   Code   RO          327    .text.go            auto_menu.o
    0x08003104   0x08003104   0x0000001c   Code   RO          675    .text.gpio_get_level  zf_driver_gpio.o
    0x08003120   0x08003120   0x00000088   Code   RO          681    .text.gpio_init     zf_driver_gpio.o
    0x080031a8   0x080031a8   0x0000002c   Code   RO          673    .text.gpio_set_level  zf_driver_gpio.o
    0x080031d4   0x080031d4   0x000000b0   Code   RO         1284    .text.gps_uart_callback  zf_device_gps_tau1201.o
    0x08003284   0x08003284   0x0000002e   Code   RO          154    .text.image_draw_rectan  picture.o
    0x080032b2   0x080032b2   0x0000007c   Code   RO          152    .text.image_filter  picture.o
    0x0800332e   0x0800332e   0x00000002   PAD
    0x08003330   0x08003330   0x00000090   Code   RO          164    .text.image_process  picture.o
    0x080033c0   0x080033c0   0x000000dc   Code   RO          170    .text.image_show    picture.o
    0x0800349c   0x0800349c   0x000000b0   Code   RO          104    .text.increment_pid_update  pid.o
    0x0800354c   0x0800354c   0x00000078   Code   RO          299    .text.index_xy_init  auto_menu.o
    0x080035c4   0x080035c4   0x0000002c   Code   RO          543    .text.interrupt_disable  zf_common_interrupt.o
    0x080035f0   0x080035f0   0x00000024   Code   RO          541    .text.interrupt_enable  zf_common_interrupt.o
    0x08003614   0x08003614   0x00000014   Code   RO          539    .text.interrupt_global_disable  zf_common_interrupt.o
    0x08003628   0x08003628   0x0000001c   Code   RO          547    .text.interrupt_init  zf_common_interrupt.o
    0x08003644   0x08003644   0x00000020   Code   RO          545    .text.interrupt_set_priority  zf_common_interrupt.o
    0x08003664   0x08003664   0x00000070   Code   RO         1473    .text.ips200_clear  zf_device_ips200.o
    0x080036d4   0x080036d4   0x00000080   Code   RO         1487    .text.ips200_draw_point  zf_device_ips200.o
    0x08003754   0x08003754   0x000002b8   Code   RO         1511    .text.ips200_init   zf_device_ips200.o
    0x08003a0c   0x08003a0c   0x0000000c   Code   RO         1485    .text.ips200_set_color  zf_device_ips200.o
    0x08003a18   0x08003a18   0x00000020   Code   RO         1481    .text.ips200_set_dir  zf_device_ips200.o
    0x08003a38   0x08003a38   0x000000bc   Code   RO         1475    .text.ips200_set_region  zf_device_ips200.o
    0x08003af4   0x08003af4   0x00000158   Code   RO         1491    .text.ips200_show_char  zf_device_ips200.o
    0x08003c4c   0x08003c4c   0x00000118   Code   RO         1499    .text.ips200_show_float  zf_device_ips200.o
    0x08003d64   0x08003d64   0x00000108   Code   RO         1503    .text.ips200_show_gray_image  zf_device_ips200.o
    0x08003e6c   0x08003e6c   0x000000a4   Code   RO         1495    .text.ips200_show_int  zf_device_ips200.o
    0x08003f10   0x08003f10   0x00000084   Code   RO         1493    .text.ips200_show_string  zf_device_ips200.o
    0x08003f94   0x08003f94   0x000000ac   Code   RO         1497    .text.ips200_show_uint  zf_device_ips200.o
    0x08004040   0x08004040   0x00000044   Code   RO         1477    .text.ips200_write_16bit_data  zf_device_ips200.o
    0x08004084   0x08004084   0x00000034   Code   RO         1515    .text.ips200_write_8bit_data  zf_device_ips200.o
    0x080040b8   0x080040b8   0x00000068   Code   RO         1513    .text.ips200_write_command  zf_device_ips200.o
    0x08004120   0x08004120   0x0000001c   Code   RO          311    .text.is_first_in_page  auto_menu.o
    0x0800413c   0x0800413c   0x0000002c   Code   RO          303    .text.is_menu_clear  auto_menu.o
    0x08004168   0x08004168   0x0000002c   Code   RO          266    .text.key_into      key.o
    0x08004194   0x08004194   0x000000e0   Code   RO          162    .text.leftcircle    picture.o
    0x08004274   0x08004274   0x00000068   Code   RO            4    .text.main          main.o
    0x080042dc   0x080042dc   0x000000d4   Code   RO          321    .text.menu_adaptive_display  auto_menu.o
    0x080043b0   0x080043b0   0x00000020   Code   RO          319    .text.menu_init     auto_menu.o
    0x080043d0   0x080043d0   0x00000014   Code   RO          226    .text.motor         motor.o
    0x080043e4   0x080043e4   0x00000024   Code   RO          228    .text.motor_set_target  motor.o
    0x08004408   0x08004408   0x00000014   Code   RO         1601    .text.mt9v03x_dma_handler  zf_device_mt9v03x.o
    0x0800441c   0x0800441c   0x0000004c   Code   RO         1595    .text.mt9v03x_get_version  zf_device_mt9v03x.o
    0x08004468   0x08004468   0x00000250   Code   RO         1607    .text.mt9v03x_init  zf_device_mt9v03x.o
    0x080046b8   0x080046b8   0x0000003c   Code   RO         3012    .text.mt9v03x_read_word_sccb  zf_device_config.lib(zf_device_config.o)
    0x080046f4   0x080046f4   0x000009ae   Code   RO         3008    .text.mt9v03x_set_config_sccb  zf_device_config.lib(zf_device_config.o)
    0x080050a2   0x080050a2   0x00000002   PAD
    0x080050a4   0x080050a4   0x00000030   Code   RO         1603    .text.mt9v03x_uart_handler  zf_device_mt9v03x.o
    0x080050d4   0x080050d4   0x00000026   Code   RO         1599    .text.mt9v03x_vsync_handler  zf_device_mt9v03x.o
    0x080050fa   0x080050fa   0x00000002   PAD
    0x080050fc   0x080050fc   0x00000032   Code   RO         3010    .text.mt9v03x_write_word_sccb  zf_device_config.lib(zf_device_config.o)
    0x0800512e   0x0800512e   0x00000002   PAD
    0x08005130   0x08005130   0x00000020   Code   RO          333    .text.off_show      auto_menu.o
    0x08005150   0x08005150   0x00000140   Code   RO          126    .text.otsuThreshold  picture.o
    0x08005290   0x08005290   0x000000bc   Code   RO          781    .text.pit_init      zf_driver_pit.o
    0x0800534c   0x0800534c   0x0000016c   Code   RO          794    .text.pwm_init      zf_driver_pwm.o
    0x080054b8   0x080054b8   0x000000bc   Code   RO          792    .text.pwm_set_duty  zf_driver_pwm.o
    0x08005574   0x08005574   0x0000003c   Code   RO          325    .text.rand_color    auto_menu.o
    0x080055b0   0x080055b0   0x00000394   Code   RO          134    .text.search_l_r    picture.o
    0x08005944   0x08005944   0x00000030   Code   RO         1903    .text.set_camera_type  zf_device_type.o
    0x08005974   0x08005974   0x00000028   Code   RO          329    .text.show_gray     auto_menu.o
    0x0800599c   0x0800599c   0x00000014   Code   RO          313    .text.show_menu     auto_menu.o
    0x080059b0   0x080059b0   0x00000024   Code   RO          331    .text.show_proc     auto_menu.o
    0x080059d4   0x080059d4   0x00000060   Code   RO          317    .text.show_process  auto_menu.o
    0x08005a34   0x08005a34   0x00000058   Code   RO          881    .text.soft_iic_init  zf_driver_soft_iic.o
    0x08005a8c   0x08005a8c   0x00000064   Code   RO          867    .text.soft_iic_read_8bit_registers  zf_driver_soft_iic.o
    0x08005af0   0x08005af0   0x000000ec   Code   RO          857    .text.soft_iic_read_data  zf_driver_soft_iic.o
    0x08005bdc   0x08005bdc   0x00000044   Code   RO          879    .text.soft_iic_sccb_read_register  zf_driver_soft_iic.o
    0x08005c20   0x08005c20   0x0000003c   Code   RO          877    .text.soft_iic_sccb_write_register  zf_driver_soft_iic.o
    0x08005c5c   0x08005c5c   0x000000fc   Code   RO          837    .text.soft_iic_send_data  zf_driver_soft_iic.o
    0x08005d58   0x08005d58   0x0000005c   Code   RO          835    .text.soft_iic_start  zf_driver_soft_iic.o
    0x08005db4   0x08005db4   0x00000060   Code   RO          839    .text.soft_iic_stop  zf_driver_soft_iic.o
    0x08005e14   0x08005e14   0x00000044   Code   RO          847    .text.soft_iic_write_8bit_register  zf_driver_soft_iic.o
    0x08005e58   0x08005e58   0x0000016c   Code   RO         1047    .text.spi_init      zf_driver_spi.o
    0x08005fc4   0x08005fc4   0x0000002c   Code   RO         1015    .text.spi_write_16bit  zf_driver_spi.o
    0x08005ff0   0x08005ff0   0x00000024   Code   RO         1011    .text.spi_write_8bit  zf_driver_spi.o
    0x08006014   0x08006014   0x00000054   Code   RO          575    .text.system_delay_ms  zf_driver_delay.o
    0x08006068   0x08006068   0x0000004c   Code   RO         1103    .text.timer_clear   zf_driver_timer.o
    0x080060b4   0x080060b4   0x00000070   Code   RO         1095    .text.timer_clock_enable  zf_driver_timer.o
    0x08006124   0x08006124   0x000000bc   Code   RO         1107    .text.timer_etr_init  zf_driver_timer.o
    0x080061e0   0x080061e0   0x00000018   Code   RO         1093    .text.timer_funciton_check  zf_driver_timer.o
    0x080061f8   0x080061f8   0x00000058   Code   RO         1101    .text.timer_get     zf_driver_timer.o
    0x08006250   0x08006250   0x0000007c   Code   RO         1881    .text.tsl1401_collect_pit_handler  zf_device_tsl1401.o
    0x080062cc   0x080062cc   0x00000048   Code   RO          128    .text.turn_to_bin   picture.o
    0x08006314   0x08006314   0x00000002   Code   RO         1901    .text.type_default_callback  zf_device_type.o
    0x08006316   0x08006316   0x00000002   PAD
    0x08006318   0x08006318   0x00000170   Code   RO         1135    .text.uart_init     zf_driver_uart.o
    0x08006488   0x08006488   0x0000002c   Code   RO         1129    .text.uart_query_byte  zf_driver_uart.o
    0x080064b4   0x080064b4   0x0000004c   Code   RO         1133    .text.uart_rx_interrupt  zf_driver_uart.o
    0x08006500   0x08006500   0x00000034   Code   RO         1123    .text.uart_write_buffer  zf_driver_uart.o
    0x08006534   0x08006534   0x00000014   Code   RO         1121    .text.uart_write_byte  zf_driver_uart.o
    0x08006548   0x08006548   0x0000002c   Code   RO         1125    .text.uart_write_string  zf_driver_uart.o
    0x08006574   0x08006574   0x00000228   Code   RO          295    .text.unit_param_set  auto_menu.o
    0x0800679c   0x0800679c   0x00000028   Code   RO         3176    i.__0sprintf$3      mc_w.l(printf3.o)
    0x080067c4   0x080067c4   0x00000050   Code   RO         3346    i.__free$2region    mc_w.l(malloc2.o)
    0x08006814   0x08006814   0x0000006c   Code   RO         3347    i.__malloc$2region  mc_w.l(malloc2.o)
    0x08006880   0x08006880   0x0000000e   Code   RO         3517    i.__scatterload_copy  mc_w.l(handlers.o)
    0x0800688e   0x0800688e   0x00000002   Code   RO         3518    i.__scatterload_null  mc_w.l(handlers.o)
    0x08006890   0x08006890   0x0000000e   Code   RO         3519    i.__scatterload_zeroinit  mc_w.l(handlers.o)
    0x0800689e   0x0800689e   0x00000002   PAD
    0x080068a0   0x080068a0   0x000001b8   Code   RO         3181    i._printf_core      mc_w.l(printf3.o)
    0x08006a58   0x08006a58   0x0000000a   Code   RO         3183    i._sputc            mc_w.l(printf3.o)
    0x08006a62   0x08006a62   0x00000002   PAD
    0x08006a64   0x08006a64   0x000000ac   Data   RO          430    .rodata..L__const.debug_protective_handler.pin_list  zf_common_debug.o
    0x08006b10   0x08006b10   0x00000228   Data   RO          479    .rodata.ascii_font_6x8  zf_common_font.o
    0x08006d38   0x08006d38   0x000005f0   Data   RO          478    .rodata.ascii_font_8x16  zf_common_font.o
    0x08007328   0x08007328   0x00000020   Data   RO          203    .rodata.cst16       picture.o
    0x08007348   0x08007348   0x00000020   Data   RO         1137    .rodata.cst32       zf_driver_uart.o
    0x08007368   0x08007368   0x00000008   Data   RO          564    .rodata.cst8        zf_driver_adc.o
    0x08007370   0x08007370   0x00000008   Data   RO          598    .rodata.cst8        zf_driver_dma.o
    0x08007378   0x08007378   0x00000008   Data   RO         1083    .rodata.cst8        zf_driver_spi.o
    0x08007380   0x08007380   0x00000008   Data   RO         1140    .rodata.cst8        zf_driver_uart.o
    0x08007388   0x08007388   0x0000001a   Data   RO          359    .rodata.str1.1      auto_menu.o
    0x080073a2   0x080073a2   0x00000009   Data   RO          431    .rodata.str1.1      zf_common_debug.o
    0x080073ab   0x080073ab   0x0000002b   Data   RO          469    .rodata.str1.1      zf_common_fifo.o
    0x080073d6   0x080073d6   0x0000002f   Data   RO          528    .rodata.str1.1      zf_common_function.o
    0x08007405   0x08007405   0x0000002c   Data   RO          579    .rodata.str1.1      zf_driver_delay.o
    0x08007431   0x08007431   0x0000002e   Data   RO          622    .rodata.str1.1      zf_driver_encoder.o
    0x0800745f   0x0800745f   0x0000002a   Data   RO          783    .rodata.str1.1      zf_driver_pit.o
    0x08007489   0x08007489   0x0000002a   Data   RO          796    .rodata.str1.1      zf_driver_pwm.o
    0x080074b3   0x080074b3   0x0000002f   Data   RO          929    .rodata.str1.1      zf_driver_soft_iic.o
    0x080074e2   0x080074e2   0x0000002a   Data   RO         1084    .rodata.str1.1      zf_driver_spi.o
    0x0800750c   0x0800750c   0x0000002c   Data   RO         1111    .rodata.str1.1      zf_driver_timer.o
    0x08007538   0x08007538   0x0000002b   Data   RO         1138    .rodata.str1.1      zf_driver_uart.o
    0x08007563   0x08007563   0x0000002d   Data   RO         1543    .rodata.str1.1      zf_device_ips200.o
    0x08007590   0x08007590   0x0000002e   Data   RO         1616    .rodata.str1.1      zf_device_mt9v03x.o
    0x080075be   0x080075be   0x00000002   PAD
    0x080075c0   0x080075c0   0x00000020   Data   RO         3516    Region$$Table       anon$$obj.o


    Execution Region RW_m_data (Exec base: 0x20000000, Load base: 0x080075e0, Size: 0x0001358c, Max: 0x0001dc00, ABSOLUTE, COMPRESSED[0x000000a8])

    Exec Addr    Load Addr    Size         Type   Attr      Idx    E Section Name        Object

    0x20000000   COMPRESSED   0x00000004   Data   RW         3061    .data               mc_w.l(rand.o)
    0x20000004   COMPRESSED   0x00000004   Data   RW         3489    .data               mc_w.l(mvars.o)
    0x20000008   COMPRESSED   0x00000004   Data   RW         3490    .data               mc_w.l(mvars.o)
    0x2000000c   COMPRESSED   0x00000002   Data   RW          363    .data..L_MergedGlobals  auto_menu.o
    0x2000000e   COMPRESSED   0x00000002   PAD
    0x20000010   COMPRESSED   0x00000034   Data   RW          377    .data..L_MergedGlobals  tracking.o
    0x20000044   COMPRESSED   0x00000006   Data   RW         1544    .data..L_MergedGlobals  zf_device_ips200.o
    0x2000004a   COMPRESSED   0x0000004c   Data   RW         1618    .data..L_MergedGlobals  zf_device_mt9v03x.o
    0x20000096   COMPRESSED   0x00000002   PAD
    0x20000098   COMPRESSED   0x0000000c   Data   RW         1910    .data..L_MergedGlobals  zf_device_type.o
    0x200000a4   COMPRESSED   0x00000002   Data   RW            9    .data.basespeed     main.o
    0x200000a6   COMPRESSED   0x00000002   Data   RW         1247    .data.dl1a_distance_mm  zf_device_dl1a.o
    0x200000a8   COMPRESSED   0x00000002   Data   RW         1268    .data.dm1xa_distance_mm  zf_device_dm1xa.o
    0x200000aa   COMPRESSED   0x00000008   Data   RW          621    .data.encoder_dir_pin  zf_driver_encoder.o
    0x200000b2   COMPRESSED   0x00000002   PAD
    0x200000b4   COMPRESSED   0x00000020   Data   RW          685    .data.gpio_group    zf_driver_gpio.o
    0x200000d4   COMPRESSED   0x00000030   Data   RW            7    .data.left          main.o
    0x20000104   COMPRESSED   0x00000030   Data   RW            8    .data.right         main.o
    0x20000134   COMPRESSED   0x00000004   Data   RW          388    .data.system_clock  zf_common_clock.o
    0x20000138   COMPRESSED   0x00000004   Data   RW         1909    .data.wireless_module_uart_handler  zf_device_type.o
    0x2000013c   COMPRESSED   0x00000001   Data   RW          428    .data.zf_debug_assert_enable  zf_common_debug.o
    0x2000013d   COMPRESSED   0x00000003   PAD
    0x20000140        -       0x00000028   Zero   RW          211    .bss..L_MergedGlobals  picture.o
    0x20000168        -       0x0000000e   Zero   RW          276    .bss..L_MergedGlobals  key.o
    0x20000176   COMPRESSED   0x00000002   PAD
    0x20000178        -       0x0000001c   Zero   RW          432    .bss..L_MergedGlobals  zf_common_debug.o
    0x20000194        -       0x00000010   Zero   RW         1112    .bss..L_MergedGlobals  zf_driver_timer.o
    0x200001a4        -       0x00000020   Zero   RW         1204    .bss..L_MergedGlobals  zf_device_camera.o
    0x200001c4        -       0x00000014   Zero   RW         1249    .bss..L_MergedGlobals  zf_device_dl1a.o
    0x200001d8        -       0x00000008   Zero   RW         1269    .bss..L_MergedGlobals  zf_device_dm1xa.o
    0x200001e0        -       0x00000060   Zero   RW         1314    .bss..L_MergedGlobals  zf_device_gps_tau1201.o
    0x20000240        -       0x00000002   Zero   RW         1892    .bss..L_MergedGlobals  zf_device_tsl1401.o
    0x20000242        -       0x00000007   Zero   RW         1545    .bss..L_MergedGlobals.1  zf_device_ips200.o
    0x20000249   COMPRESSED   0x00000001   PAD
    0x2000024a        -       0x00000004   Zero   RW         1619    .bss..L_MergedGlobals.3  zf_device_mt9v03x.o
    0x2000024e   COMPRESSED   0x00000002   PAD
    0x20000250        -       0x0000002c   Zero   RW          364    .bss..L_MergedGlobals.32  auto_menu.o
    0x2000027c        -       0x00000002   Zero   RW          206    .bss.L_A            picture.o
    0x2000027e        -       0x00000002   Zero   RW          565    .bss.adc_resolution  zf_driver_adc.o
    0x20000280        -       0x00005820   Zero   RW          197    .bss.bin_image      picture.o
    0x20005aa0        -       0x00000001   Zero   RW         1907    .bss.camera_type    zf_device_type.o
    0x20005aa1        -       0x00000078   Zero   RW          208    .bss.center_line    picture.o
    0x20005b19        -       0x00000001   Zero   RW           94    .bss.count2         isr.o
    0x20005b1a        -       0x00000001   Zero   RW          429    .bss.debug_assert_handler.assert_nest_index  zf_common_debug.o
    0x20005b1b   COMPRESSED   0x00000001   PAD
    0x20005b1c        -       0x000002d0   Zero   RW          202    .bss.dir_l          picture.o
    0x20005dec        -       0x000002d0   Zero   RW          201    .bss.dir_r          picture.o
    0x200060bc        -       0x00000004   Zero   RW          247    .bss.encoder1       encoder.o
    0x200060c0        -       0x00000004   Zero   RW          248    .bss.encoder2       encoder.o
    0x200060c4        -       0x00000080   Zero   RW         1312    .bss.gps_gga_buffer  zf_device_gps_tau1201.o
    0x20006144        -       0x00000080   Zero   RW         1311    .bss.gps_rmc_buffer  zf_device_gps_tau1201.o
    0x200061c4        -       0x00000004   Zero   RW          549    .bss.interrupt_nest_count  zf_common_interrupt.o
    0x200061c8        -       0x00000078   Zero   RW          204    .bss.l_border       picture.o
    0x20006240        -       0x00000001   Zero   RW         1615    .bss.mt9v03x_finish_flag  zf_device_mt9v03x.o
    0x20006241   COMPRESSED   0x00000003   PAD
    0x20006244        -       0x00000004   Zero   RW         3022    .bss.mt9v03x_h_blank  zf_device_config.lib(zf_device_config.o)
    0x20006248        -       0x00000010   Zero   RW         3020    .bss.mt9v03x_iic_inf_struct  zf_device_config.lib(zf_device_config.o)
    0x20006258        -       0x00005820   Zero   RW         1617    .bss.mt9v03x_image  zf_device_mt9v03x.o
    0x2000ba78        -       0x00000014   Zero   RW         3021    .bss.mt9v03x_init_config  zf_device_config.lib(zf_device_config.o)
    0x2000ba8c        -       0x00000004   Zero   RW         3023    .bss.mt9v03x_v_blank  zf_device_config.lib(zf_device_config.o)
    0x2000ba90        -       0x000000c8   Zero   RW          362    .bss.my_index       auto_menu.o
    0x2000bb58        -       0x00000fa0   Zero   RW          360    .bss.my_menu_unit   auto_menu.o
    0x2000caf8        -       0x000004b0   Zero   RW          361    .bss.my_param_set   auto_menu.o
    0x2000cfa8        -       0x00005820   Zero   RW          196    .bss.original_image  picture.o
    0x200127c8        -       0x000005a0   Zero   RW          199    .bss.points_l       picture.o
    0x20012d68        -       0x000005a0   Zero   RW          200    .bss.points_r       picture.o
    0x20013308        -       0x00000078   Zero   RW          205    .bss.r_border       picture.o
    0x20013380        -       0x00000001   Zero   RW            6    .bss.showflag       main.o
    0x20013381   COMPRESSED   0x00000001   PAD
    0x20013382        -       0x00000200   Zero   RW         1891    .bss.tsl1401_data   zf_device_tsl1401.o
    0x20013582        -       0x00000008   Zero   RW         1139    .bss.uart_interrupt_state  zf_driver_uart.o


    Execution Region ARM_LIB_HEAP (Exec base: 0x2001358c, Load base: 0x08007688, Size: 0x00000400, Max: 0x00000400, ABSOLUTE)

    Exec Addr    Load Addr    Size         Type   Attr      Idx    E Section Name        Object

    0x2001358c        -       0x00000400   Zero   RW            1    ARM_LIB_HEAP.bss    anon$$obj.o


    Execution Region ARM_LIB_STACK (Exec base: 0x2001e000, Load base: 0x08007688, Size: 0x00002000, Max: 0x00002000, ABSOLUTE)

    Exec Addr    Load Addr    Size         Type   Attr      Idx    E Section Name        Object

    0x2001e000        -       0x00002000   Zero   RW            2    ARM_LIB_STACK.bss   anon$$obj.o


==============================================================================

Image component sizes


      Code (inc. data)   RO Data    RW Data    ZI Data      Debug   Object Name

      3230        474         26          2       5444      13171   auto_menu.o
        58          8          0          0          8       1781   encoder.o
      1128        104          0          0          1       6736   isr.o
       314         28          0          0         14       3414   key.o
       104         16          0         98          1       2787   main.o
       230         16          0          0          0       3938   motor.o
      2826        136         32          0      49842      18448   picture.o
       350         16          0          0          0       1633   pid.o
        36          8        400          0          0        832   startup_mm32f3277g.o
        12          4          0          0          0        607   system_mm32f3277g.o
       112         12          0         52          0       1377   tracking.o
       492         56          0          4          0       2848   zf_common_clock.o
      1070        144        181          1         29       9464   zf_common_debug.o
       882          4         43          0          0       6131   zf_common_fifo.o
         0          0       2072          0          0        721   zf_common_font.o
       502          8         47          0          0      10902   zf_common_function.o
       160         28          0          0          4       4730   zf_common_interrupt.o
       108          8          0          0         32       5844   zf_device_camera.o
       116          8          0          2         20       9527   zf_device_dl1a.o
       168         20          0          2          8       3547   zf_device_dm1xa.o
       176         20          0          0        352      10368   zf_device_gps_tau1201.o
      2880        116         45          6          7      17173   zf_device_ips200.o
       796        104         46         76      22565       8763   zf_device_mt9v03x.o
       142         12          0          0        514       3872   zf_device_tsl1401.o
        50         12          0         16          1       1710   zf_device_type.o
        68          8          8          0          2       4918   zf_driver_adc.o
        84         16         44          0          0       1278   zf_driver_delay.o
       222         40          8          0          0       4273   zf_driver_dma.o
       366         48         46          8          0       6422   zf_driver_encoder.o
       296         40          0          0          0       5529   zf_driver_exti.o
       308         16          0         32          0       5457   zf_driver_gpio.o
       188         32         42          0          0       5429   zf_driver_pit.o
       552         44         42          0          0       5683   zf_driver_pwm.o
      1238         12         47          0          0      14215   zf_driver_soft_iic.o
       484         20         50          0          0      11994   zf_driver_spi.o
       488         52         44          0         16       8549   zf_driver_timer.o
       604         36         83          0          8       8264   zf_driver_uart.o

    ----------------------------------------------------------------------
     20852       1726       3340        308      88096     232335   Object Totals
         0          0         32          0       9216          0   (incl. Generated)
        12          0          2          9         12          0   (incl. Padding)

    ----------------------------------------------------------------------

      Code (inc. data)   RO Data    RW Data    ZI Data      Debug   Library Member Name

        58          0          0          0          0          0   __dczerorl.o
         0          0          0          0          0          0   entry.o
         0          0          0          0          0          0   entry10a.o
         0          0          0          0          0          0   entry11a.o
         8          4          0          0          0          0   entry4.o
         4          0          0          0          0          0   entry5.o
         0          0          0          0          0          0   entry7b.o
         0          0          0          0          0          0   entry8b.o
         8          4          0          0          0          0   entry9a.o
        30          0          0          0          0          0   handlers.o
        36          8          0          0          0         68   init.o
         0          0          0          0          0          0   iusefp.o
        30          0          0          0          0         68   llshl.o
        36          0          0          0          0         68   llsshr.o
        32          0          0          0          0         68   llushr.o
       188         20          0          0          0        160   malloc2.o
        26          0          0          0          0         80   memcmp.o
        36          0          0          0          0         68   memcpya.o
        36          0          0          0          0        108   memseta.o
         0          0          0          8          0          0   mvars.o
       490         10          0          0          0        252   printf3.o
        36         10          0          4          0        136   rand.o
        18          0          0          0          0         68   strcpy.o
        14          0          0          0          0         68   strlen.o
        44          0          0          0          0         80   uidiv.o
        56          0          0          0          0         88   d2f.o
       334          0          0          0          0        148   dadd.o
       186          0          0          0          0        176   depilogue.o
        62          0          0          0          0         80   dfixi.o
       228          0          0          0          0         96   dmul.o
        38          0          0          0          0         68   f2d.o
       176          0          0          0          0        140   fadd.o
        28          0          0          0          0         68   fcmpeq.o
        28          0          0          0          0         68   fcmpge.o
        28          0          0          0          0         68   fcmpgt.o
        28          0          0          0          0         68   fcmple.o
        28          0          0          0          0         68   fcmplt.o
       124          0          0          0          0         88   fdiv.o
       110          0          0          0          0        168   fepilogue.o
        50          0          0          0          0         68   ffixi.o
        18          0          0          0          0         68   fflti.o
        10          0          0          0          0         68   ffltui.o
       100          0          0          0          0         76   fmul.o
      2588          0          0          0         44       3849   zf_device_config.o

    ----------------------------------------------------------------------
      5360         56          0         12         44       6813   Library Totals
        10          0          0          0          0          0   (incl. Padding)

    ----------------------------------------------------------------------

      Code (inc. data)   RO Data    RW Data    ZI Data      Debug   Library Name

      1130         56          0         12          0       1292   mc_w.l
      1632          0          0          0          0       1672   mf_w.l
      2588          0          0          0         44       3849   zf_device_config.lib

    ----------------------------------------------------------------------
      5360         56          0         12         44       6813   Library Totals

    ----------------------------------------------------------------------

==============================================================================


      Code (inc. data)   RO Data    RW Data    ZI Data      Debug   

     26212       1782       3340        320      88140     237016   Grand Totals
     26212       1782       3340        168      88140     237016   ELF Image Totals (compressed)
     26212       1782       3340        168          0          0   ROM Totals

==============================================================================

    Total RO  Size (Code + RO Data)                29552 (  28.86kB)
    Total RW  Size (RW Data + ZI Data)             88460 (  86.39kB)
    Total ROM Size (Code + RO Data + RW Data)      29720 (  29.02kB)

==============================================================================

